
> homz@0.1.0 build
> next build

  ▲ Next.js 14.2.35
  - Environments: .env.local

   Creating an optimized production build ...
 ⚠ Compiled with warnings

./src/api/propertyService.js
Attempted import error: 'fetchPropertyListedAll' is not exported from '@/api/propertyService' (imported as 'fetchPropertyListedAll').

Import trace for requested module:
./src/api/propertyService.js
./src/pages/dashboard/owner/payments/components/bankForm.js

./src/pages/dashboard/owner/payments/components/bankForm.js
Attempted import error: 'addBankPropertyOwner' is not exported from '@/api/propertyService' (imported as 'addBankPropertyOwner').

Import trace for requested module:
./src/pages/dashboard/owner/payments/components/bankForm.js

./src/pages/dashboard/owner/payments/components/createTransactionPin.js
Attempted import error: 'enterpriseWalletOwnerCreation' is not exported from '@/api/propertyService' (imported as 'enterpriseWalletOwnerCreation').

Import trace for requested module:
./src/pages/dashboard/owner/payments/components/createTransactionPin.js

./src/pages/dashboard/owner/payments/components/popUpWalletCreationFormII.js
Attempted import error: 'createPropertyOwnerWallet' is not exported from '@/api/propertyService' (imported as 'createPropertyOwnerWallet').

Import trace for requested module:
./src/pages/dashboard/owner/payments/components/popUpWalletCreationFormII.js

./src/pages/dashboard/owner/payments/components/popUpWalletCreationFormII.js
Attempted import error: 'propertyMe' is not exported from '@/api/propertyService' (imported as 'propertyMe').

Import trace for requested module:
./src/pages/dashboard/owner/payments/components/popUpWalletCreationFormII.js

./src/pages/dashboard/owner/payments/components/topUPModal.js
Attempted import error: 'WalletTopUp' is not exported from '@/api/propertyService' (imported as 'WalletTopUp').

Import trace for requested module:
./src/pages/dashboard/owner/payments/components/topUPModal.js

./src/pages/dashboard/owner/payments/components/verifyBVN.js
Attempted import error: 'createPropertyOwnerWallet' is not exported from '@/api/propertyService' (imported as 'createPropertyOwnerWallet').

Import trace for requested module:
./src/pages/dashboard/owner/payments/components/verifyBVN.js

./src/pages/dashboard/owner/payments/components/verifyBVN.js
Attempted import error: 'propertyMe' is not exported from '@/api/propertyService' (imported as 'propertyMe').

Import trace for requested module:
./src/pages/dashboard/owner/payments/components/verifyBVN.js

./src/pages/dashboard/owner/payments/wallet/components/withdraw.js
Attempted import error: 'withdrawPropertyOwner' is not exported from '@/api/propertyService' (imported as 'withdrawPropertyOwner').

Import trace for requested module:
./src/pages/dashboard/owner/payments/wallet/components/withdraw.js

./src/pages/dashboard/owner/profile/accountInfo/components/internationalPassport.js
Attempted import error: 'uploadLandlordKYC' is not exported from '@/api/propertyService' (imported as 'uploadLandlordKYC').

Import trace for requested module:
./src/pages/dashboard/owner/profile/accountInfo/components/internationalPassport.js

./src/pages/dashboard/owner/profile/accountInfo/components/nationalIdentityNumber.js
Attempted import error: 'uploadNINLandlordKYC' is not exported from '@/api/propertyService' (imported as 'uploadNINLandlordKYC').

Import trace for requested module:
./src/pages/dashboard/owner/profile/accountInfo/components/nationalIdentityNumber.js

./src/pages/dashboard/owner/profile/accountInfo/components/pinCodeForm.js
Attempted import error: 'ownerGetOtpPincode' is not exported from '@/api/propertyService' (imported as 'ownerGetOtpPincode').

Import trace for requested module:
./src/pages/dashboard/owner/profile/accountInfo/components/pinCodeForm.js

./src/pages/dashboard/owner/profile/accountInfo/components/pinCodeForm.js
Attempted import error: 'ownerUpdatePincode' is not exported from '@/api/propertyService' (imported as 'ownerUpdatePincode').

Import trace for requested module:
./src/pages/dashboard/owner/profile/accountInfo/components/pinCodeForm.js

./src/pages/dashboard/owner/profile/changePassword/changePassword.js
Attempted import error: 'updatePassword' is not exported from '@/api/propertyService' (imported as 'updatePassword').

Import trace for requested module:
./src/pages/dashboard/owner/profile/changePassword/changePassword.js

./src/pages/dashboard/owner/profile/personalInfo/personalInfo.js
Attempted import error: 'updatePersonalInformation' is not exported from '@/api/propertyService' (imported as 'updatePersonalInformation').

Import trace for requested module:
./src/pages/dashboard/owner/profile/personalInfo/personalInfo.js

./src/pages/dashboard/owner/profile/profilePicture/profilePicture.js
Attempted import error: 'updateProfilePicture' is not exported from '@/api/propertyService' (imported as 'updateProfilePicture').

Import trace for requested module:
./src/pages/dashboard/owner/profile/profilePicture/profilePicture.js

./src/store/propertyOwnerStore/ownerEstate.js
Attempted import error: 'fetchOwnerEstatesMe' is not exported from '@/api/propertyService' (imported as 'fetchOwnerEstatesMe').

Import trace for requested module:
./src/store/propertyOwnerStore/ownerEstate.js
./src/pages/dashboard/owner/estates/estates.js

./src/store/propertyOwnerStore/ownerRevenue.js
Attempted import error: 'propertyOwnerRevenue' is not exported from '@/api/propertyService' (imported as 'propertyOwnerRevenue').

Import trace for requested module:
./src/store/propertyOwnerStore/ownerRevenue.js
./src/pages/dashboard/owner/dashboard/dashboard.js

./src/store/propertyOwnerStore/ownerStats.js
Attempted import error: 'propertyOwnerStatistics' is not exported from '@/api/propertyService' (imported as 'propertyOwnerStatistics').

Import trace for requested module:
./src/store/propertyOwnerStore/ownerStats.js
./src/pages/dashboard/owner/dashboard/dashboard.js

./src/store/propertyOwnerStore/rentPaymentOwnerInfo.js
Attempted import error: 'ownerRentPayemntInfo' is not exported from '@/api/propertyService' (imported as 'ownerRentPayemntInfo').

Import trace for requested module:
./src/store/propertyOwnerStore/rentPaymentOwnerInfo.js
./src/pages/dashboard/owner/payments/payments.js

./src/store/propertyOwnerStore/rentPaymentTenant.js
Attempted import error: 'fetchSpecificTenantRentPaymentOwner' is not exported from '@/api/propertyService' (imported as 'fetchSpecificTenantRentPaymentOwner').

Import trace for requested module:
./src/store/propertyOwnerStore/rentPaymentTenant.js
./src/pages/dashboard/owner/tenants/components/table.js

./src/store/propertyOwnerStore/tenantRentHisOwner.js
Attempted import error: 'getRentHisOwner' is not exported from '@/api/propertyService' (imported as 'getRentHisOwner').

Import trace for requested module:
./src/store/propertyOwnerStore/tenantRentHisOwner.js
./src/pages/dashboard/owner/payments/wallet/wallet.js

./src/store/propertyOwnerStore/useBankDataStore.js
Attempted import error: 'bankInfoPropertyOwner' is not exported from '@/api/propertyService' (imported as 'bankInfoPropertyOwner').

Import trace for requested module:
./src/store/propertyOwnerStore/useBankDataStore.js
./src/pages/dashboard/owner/payments/wallet/components/withdraw.js

./src/store/propertyOwnerStore/useNINProfile.js
Attempted import error: 'fetchOwnerKYCNINData' is not exported from '@/api/propertyService' (imported as 'fetchOwnerKYCNINData').

Import trace for requested module:
./src/store/propertyOwnerStore/useNINProfile.js
./src/pages/dashboard/owner/profile/accountInfo/accountInfo.js

./src/store/propertyOwnerStore/usePassportProfile.js
Attempted import error: 'fetchOwnerKYCData' is not exported from '@/api/propertyService' (imported as 'fetchOwnerKYCData').

Import trace for requested module:
./src/store/propertyOwnerStore/usePassportProfile.js
./src/pages/dashboard/owner/profile/accountInfo/accountInfo.js

./src/store/propertyOwnerStore/useProfileOwnerMe.js
Attempted import error: 'propertyMe' is not exported from '@/api/propertyService' (imported as 'propertyMe').

Import trace for requested module:
./src/store/propertyOwnerStore/useProfileOwnerMe.js
./src/pages/dashboard/owner/dashboard/dashboard.js

./src/store/propertyOwnerStore/useWalletStore.js
Attempted import error: 'propertyOwnerWallet' is not exported from '@/api/propertyService' (imported as 'propertyOwnerWallet').

Import trace for requested module:
./src/store/propertyOwnerStore/useWalletStore.js
./src/pages/dashboard/owner/payments/wallet/wallet.js

./src/store/propertyOwnerStore/useWalletStore.js
Attempted import error: 'propertyOwnerWalletActivities' is not exported from '@/api/propertyService' (imported as 'propertyOwnerWalletActivities').

Import trace for requested module:
./src/store/propertyOwnerStore/useWalletStore.js
./src/pages/dashboard/owner/payments/wallet/wallet.js

./src/store/propertyOwnerStore/useWalletStore.js
Attempted import error: 'propertyOwnerWalletBalance' is not exported from '@/api/propertyService' (imported as 'propertyOwnerWalletBalance').

Import trace for requested module:
./src/store/propertyOwnerStore/useWalletStore.js
./src/pages/dashboard/owner/payments/wallet/wallet.js

./src/api/propertyService.js
Attempted import error: 'fetchPropertyListedAll' is not exported from '@/api/propertyService' (imported as 'fetchPropertyListedAll').

Import trace for requested module:
./src/api/propertyService.js
./src/app/dashboard/list_Property/edit_property/[id]/page.js

./src/app/(properties)/property/ViewProperty.js
Attempted import error: 'fetchSinglePropertyPublic' is not exported from '@/api/propertyService' (imported as 'fetchSinglePropertyPublic').

Import trace for requested module:
./src/app/(properties)/property/ViewProperty.js
./src/app/(properties)/property/[id]/page.js

./src/app/dashboard/list_Property/PreviewProperty/ViewProperty.js
Attempted import error: 'fetchSingleProperty' is not exported from '@/api/propertyService' (imported as 'fetchSingleProperty').

Import trace for requested module:
./src/app/dashboard/list_Property/PreviewProperty/ViewProperty.js
./src/app/dashboard/list_Property/PreviewProperty/[id]/page.js

./src/app/dashboard/list_Property/components/propertyCard.js
Attempted import error: 'removeProperty' is not exported from '@/api/propertyService' (imported as 'removeProperty').

Import trace for requested module:
./src/app/dashboard/list_Property/components/propertyCard.js
./src/app/dashboard/list_Property/dashboard/page.js

./src/app/dashboard/list_Property/components/propertyCard.js
Attempted import error: 'publishAndRepublishProperty' is not exported from '@/api/propertyService' (imported as 'publishAndRepublishProperty').

Import trace for requested module:
./src/app/dashboard/list_Property/components/propertyCard.js
./src/app/dashboard/list_Property/dashboard/page.js

./src/app/dashboard/list_Property/edit_property/[id]/page.js
Attempted import error: 'fetchSingleProperty' is not exported from '@/api/propertyService' (imported as 'fetchSingleProperty').

Import trace for requested module:
./src/app/dashboard/list_Property/edit_property/[id]/page.js

./src/app/dashboard/list_Property/edit_property/components/PhotoDetails.js
Attempted import error: 'removePropertyPhotos' is not exported from '@/api/propertyService' (imported as 'removePropertyPhotos').

Import trace for requested module:
./src/app/dashboard/list_Property/edit_property/components/PhotoDetails.js
./src/app/dashboard/list_Property/edit_property/components/propertyForms.js
./src/app/dashboard/list_Property/edit_property/[id]/page.js

./src/app/dashboard/list_Property/edit_property/components/PhotoDetails.js
Attempted import error: 'removeCoverPhoto' is not exported from '@/api/propertyService' (imported as 'removeCoverPhoto').

Import trace for requested module:
./src/app/dashboard/list_Property/edit_property/components/PhotoDetails.js
./src/app/dashboard/list_Property/edit_property/components/propertyForms.js
./src/app/dashboard/list_Property/edit_property/[id]/page.js

./src/app/dashboard/list_Property/edit_property/components/propertyForms.js
Attempted import error: 'updatePropertyCoverPhoto' is not exported from '@/api/propertyService' (imported as 'updatePropertyCoverPhoto').

Import trace for requested module:
./src/app/dashboard/list_Property/edit_property/components/propertyForms.js
./src/app/dashboard/list_Property/edit_property/[id]/page.js

./src/app/dashboard/list_Property/edit_property/components/propertyForms.js
Attempted import error: 'updatePropertyOtherPhoto' is not exported from '@/api/propertyService' (imported as 'updatePropertyOtherPhoto').

Import trace for requested module:
./src/app/dashboard/list_Property/edit_property/components/propertyForms.js
./src/app/dashboard/list_Property/edit_property/[id]/page.js

./src/app/dashboard/list_Property/edit_property/components/propertyForms.js
Attempted import error: 'updatePropertyDetails' is not exported from '@/api/propertyService' (imported as 'updatePropertyDetails').

Import trace for requested module:
./src/app/dashboard/list_Property/edit_property/components/propertyForms.js
./src/app/dashboard/list_Property/edit_property/[id]/page.js

./src/pages/dashboard/owner/payments/components/bankForm.js
Attempted import error: 'addBankPropertyOwner' is not exported from '@/api/propertyService' (imported as 'addBankPropertyOwner').

Import trace for requested module:
./src/pages/dashboard/owner/payments/components/bankForm.js
./src/pages/dashboard/owner/payments/wallet/components/withdraw.js
./src/pages/dashboard/owner/payments/wallet/wallet.js
./src/pages/dashboard/owner/payments/components/widget.js
./src/pages/dashboard/owner/payments/payments.js

./src/pages/dashboard/owner/payments/components/createTransactionPin.js
Attempted import error: 'enterpriseWalletOwnerCreation' is not exported from '@/api/propertyService' (imported as 'enterpriseWalletOwnerCreation').

Import trace for requested module:
./src/pages/dashboard/owner/payments/components/createTransactionPin.js
./src/pages/dashboard/owner/payments/components/popUpWalletCreationForm.js
./src/pages/dashboard/owner/payments/wallet/components/walletBalance.js
./src/pages/dashboard/owner/payments/wallet/wallet.js
./src/pages/dashboard/owner/payments/components/widget.js
./src/pages/dashboard/owner/payments/payments.js

./src/pages/dashboard/owner/payments/components/topUPModal.js
Attempted import error: 'WalletTopUp' is not exported from '@/api/propertyService' (imported as 'WalletTopUp').

Import trace for requested module:
./src/pages/dashboard/owner/payments/components/topUPModal.js
./src/pages/dashboard/owner/payments/wallet/components/walletBalance.js
./src/pages/dashboard/owner/payments/wallet/wallet.js
./src/pages/dashboard/owner/payments/components/widget.js
./src/pages/dashboard/owner/payments/payments.js

./src/pages/dashboard/owner/payments/components/verifyBVN.js
Attempted import error: 'createPropertyOwnerWallet' is not exported from '@/api/propertyService' (imported as 'createPropertyOwnerWallet').

Import trace for requested module:
./src/pages/dashboard/owner/payments/components/verifyBVN.js
./src/pages/dashboard/owner/payments/components/widgetTwo.js
./src/pages/dashboard/owner/payments/components/popUpWalletCreationForm.js
./src/pages/dashboard/owner/payments/wallet/components/walletBalance.js
./src/pages/dashboard/owner/payments/wallet/wallet.js
./src/pages/dashboard/owner/payments/components/widget.js
./src/pages/dashboard/owner/payments/payments.js

./src/pages/dashboard/owner/payments/components/verifyBVN.js
Attempted import error: 'propertyMe' is not exported from '@/api/propertyService' (imported as 'propertyMe').

Import trace for requested module:
./src/pages/dashboard/owner/payments/components/verifyBVN.js
./src/pages/dashboard/owner/payments/components/widgetTwo.js
./src/pages/dashboard/owner/payments/components/popUpWalletCreationForm.js
./src/pages/dashboard/owner/payments/wallet/components/walletBalance.js
./src/pages/dashboard/owner/payments/wallet/wallet.js
./src/pages/dashboard/owner/payments/components/widget.js
./src/pages/dashboard/owner/payments/payments.js

./src/pages/dashboard/owner/payments/wallet/components/withdraw.js
Attempted import error: 'withdrawPropertyOwner' is not exported from '@/api/propertyService' (imported as 'withdrawPropertyOwner').

Import trace for requested module:
./src/pages/dashboard/owner/payments/wallet/components/withdraw.js
./src/pages/dashboard/owner/payments/wallet/wallet.js
./src/pages/dashboard/owner/payments/components/widget.js
./src/pages/dashboard/owner/payments/payments.js

./src/pages/dashboard/owner/profile/accountInfo/components/internationalPassport.js
Attempted import error: 'uploadLandlordKYC' is not exported from '@/api/propertyService' (imported as 'uploadLandlordKYC').

Import trace for requested module:
./src/pages/dashboard/owner/profile/accountInfo/components/internationalPassport.js
./src/pages/dashboard/owner/profile/accountInfo/accountInfo.js
./src/pages/dashboard/owner/profile/widget.js
./src/pages/dashboard/owner/profile/profile.js

./src/pages/dashboard/owner/profile/accountInfo/components/nationalIdentityNumber.js
Attempted import error: 'uploadNINLandlordKYC' is not exported from '@/api/propertyService' (imported as 'uploadNINLandlordKYC').

Import trace for requested module:
./src/pages/dashboard/owner/profile/accountInfo/components/nationalIdentityNumber.js
./src/pages/dashboard/owner/profile/accountInfo/accountInfo.js
./src/pages/dashboard/owner/profile/widget.js
./src/pages/dashboard/owner/profile/profile.js

./src/pages/dashboard/owner/profile/changePassword/changePassword.js
Attempted import error: 'updatePassword' is not exported from '@/api/propertyService' (imported as 'updatePassword').

Import trace for requested module:
./src/pages/dashboard/owner/profile/changePassword/changePassword.js
./src/pages/dashboard/owner/profile/widget.js
./src/pages/dashboard/owner/profile/profile.js

./src/pages/dashboard/owner/profile/personalInfo/personalInfo.js
Attempted import error: 'updatePersonalInformation' is not exported from '@/api/propertyService' (imported as 'updatePersonalInformation').

Import trace for requested module:
./src/pages/dashboard/owner/profile/personalInfo/personalInfo.js
./src/pages/dashboard/owner/profile/widget.js
./src/pages/dashboard/owner/profile/profile.js

./src/pages/dashboard/owner/profile/profilePicture/profilePicture.js
Attempted import error: 'updateProfilePicture' is not exported from '@/api/propertyService' (imported as 'updateProfilePicture').

Import trace for requested module:
./src/pages/dashboard/owner/profile/profilePicture/profilePicture.js
./src/pages/dashboard/owner/profile/widget.js
./src/pages/dashboard/owner/profile/profile.js

./src/store/propertyOwnerStore/ownerEstate.js
Attempted import error: 'fetchOwnerEstatesMe' is not exported from '@/api/propertyService' (imported as 'fetchOwnerEstatesMe').

Import trace for requested module:
./src/store/propertyOwnerStore/ownerEstate.js
./src/pages/dashboard/owner/estates/estates.js

./src/store/propertyOwnerStore/ownerRevenue.js
Attempted import error: 'propertyOwnerRevenue' is not exported from '@/api/propertyService' (imported as 'propertyOwnerRevenue').

Import trace for requested module:
./src/store/propertyOwnerStore/ownerRevenue.js
./src/pages/dashboard/owner/dashboard/dashboard.js

./src/store/propertyOwnerStore/ownerStats.js
Attempted import error: 'propertyOwnerStatistics' is not exported from '@/api/propertyService' (imported as 'propertyOwnerStatistics').

Import trace for requested module:
./src/store/propertyOwnerStore/ownerStats.js
./src/pages/dashboard/owner/dashboard/dashboard.js

./src/store/propertyOwnerStore/rentPaymentOwnerInfo.js
Attempted import error: 'ownerRentPayemntInfo' is not exported from '@/api/propertyService' (imported as 'ownerRentPayemntInfo').

Import trace for requested module:
./src/store/propertyOwnerStore/rentPaymentOwnerInfo.js
./src/pages/dashboard/owner/payments/payments.js

./src/store/propertyOwnerStore/rentPaymentTenant.js
Attempted import error: 'fetchSpecificTenantRentPaymentOwner' is not exported from '@/api/propertyService' (imported as 'fetchSpecificTenantRentPaymentOwner').

Import trace for requested module:
./src/store/propertyOwnerStore/rentPaymentTenant.js
./src/pages/dashboard/owner/tenants/secondPage/paymentHis.js
./src/pages/dashboard/owner/tenants/secondPage/widget.js
./src/pages/dashboard/owner/tenants/secondPage/tenantProfile.js

./src/store/propertyOwnerStore/tenantRentHisOwner.js
Attempted import error: 'getRentHisOwner' is not exported from '@/api/propertyService' (imported as 'getRentHisOwner').

Import trace for requested module:
./src/store/propertyOwnerStore/tenantRentHisOwner.js
./src/pages/dashboard/owner/payments/wallet/wallet.js
./src/pages/dashboard/owner/payments/components/widget.js
./src/pages/dashboard/owner/payments/payments.js

./src/store/propertyOwnerStore/useBankDataStore.js
Attempted import error: 'bankInfoPropertyOwner' is not exported from '@/api/propertyService' (imported as 'bankInfoPropertyOwner').

Import trace for requested module:
./src/store/propertyOwnerStore/useBankDataStore.js
./src/pages/dashboard/owner/payments/wallet/components/withdraw.js
./src/pages/dashboard/owner/payments/wallet/wallet.js
./src/pages/dashboard/owner/payments/components/widget.js
./src/pages/dashboard/owner/payments/payments.js

./src/store/propertyOwnerStore/useNINProfile.js
Attempted import error: 'fetchOwnerKYCNINData' is not exported from '@/api/propertyService' (imported as 'fetchOwnerKYCNINData').

Import trace for requested module:
./src/store/propertyOwnerStore/useNINProfile.js
./src/pages/dashboard/owner/profile/accountInfo/accountInfo.js
./src/pages/dashboard/owner/profile/widget.js
./src/pages/dashboard/owner/profile/profile.js

./src/store/propertyOwnerStore/usePassportProfile.js
Attempted import error: 'fetchOwnerKYCData' is not exported from '@/api/propertyService' (imported as 'fetchOwnerKYCData').

Import trace for requested module:
./src/store/propertyOwnerStore/usePassportProfile.js
./src/pages/dashboard/owner/profile/accountInfo/accountInfo.js
./src/pages/dashboard/owner/profile/widget.js
./src/pages/dashboard/owner/profile/profile.js

./src/store/propertyOwnerStore/useProfileOwnerMe.js
Attempted import error: 'propertyMe' is not exported from '@/api/propertyService' (imported as 'propertyMe').

Import trace for requested module:
./src/store/propertyOwnerStore/useProfileOwnerMe.js
./src/pages/dashboard/owner/header/header.js

./src/store/propertyOwnerStore/useWalletStore.js
Attempted import error: 'propertyOwnerWallet' is not exported from '@/api/propertyService' (imported as 'propertyOwnerWallet').

Import trace for requested module:
./src/store/propertyOwnerStore/useWalletStore.js
./src/pages/dashboard/owner/payments/wallet/wallet.js
./src/pages/dashboard/owner/payments/components/widget.js
./src/pages/dashboard/owner/payments/payments.js

./src/store/propertyOwnerStore/useWalletStore.js
Attempted import error: 'propertyOwnerWalletActivities' is not exported from '@/api/propertyService' (imported as 'propertyOwnerWalletActivities').

Import trace for requested module:
./src/store/propertyOwnerStore/useWalletStore.js
./src/pages/dashboard/owner/payments/wallet/wallet.js
./src/pages/dashboard/owner/payments/components/widget.js
./src/pages/dashboard/owner/payments/payments.js

./src/store/propertyOwnerStore/useWalletStore.js
Attempted import error: 'propertyOwnerWalletBalance' is not exported from '@/api/propertyService' (imported as 'propertyOwnerWalletBalance').

Import trace for requested module:
./src/store/propertyOwnerStore/useWalletStore.js
./src/pages/dashboard/owner/payments/wallet/wallet.js
./src/pages/dashboard/owner/payments/components/widget.js
./src/pages/dashboard/owner/payments/payments.js

 ⚠ Compiled with warnings

./src/api/propertyService.js
Attempted import error: 'fetchPropertyListedAll' is not exported from '@/api/propertyService' (imported as 'fetchPropertyListedAll').

Import trace for requested module:
./src/api/propertyService.js

./src/pages/dashboard/owner/payments/components/bankForm.js
Attempted import error: 'addBankPropertyOwner' is not exported from '@/api/propertyService' (imported as 'addBankPropertyOwner').

./src/pages/dashboard/owner/payments/components/createTransactionPin.js
Attempted import error: 'enterpriseWalletOwnerCreation' is not exported from '@/api/propertyService' (imported as 'enterpriseWalletOwnerCreation').

./src/pages/dashboard/owner/payments/components/popUpWalletCreationFormII.js
Attempted import error: 'createPropertyOwnerWallet' is not exported from '@/api/propertyService' (imported as 'createPropertyOwnerWallet').

./src/pages/dashboard/owner/payments/components/popUpWalletCreationFormII.js
Attempted import error: 'propertyMe' is not exported from '@/api/propertyService' (imported as 'propertyMe').

./src/pages/dashboard/owner/payments/components/topUPModal.js
Attempted import error: 'WalletTopUp' is not exported from '@/api/propertyService' (imported as 'WalletTopUp').

./src/pages/dashboard/owner/payments/components/verifyBVN.js
Attempted import error: 'createPropertyOwnerWallet' is not exported from '@/api/propertyService' (imported as 'createPropertyOwnerWallet').

./src/pages/dashboard/owner/payments/components/verifyBVN.js
Attempted import error: 'propertyMe' is not exported from '@/api/propertyService' (imported as 'propertyMe').

./src/pages/dashboard/owner/payments/wallet/components/withdraw.js
Attempted import error: 'withdrawPropertyOwner' is not exported from '@/api/propertyService' (imported as 'withdrawPropertyOwner').

./src/pages/dashboard/owner/profile/accountInfo/components/internationalPassport.js
Attempted import error: 'uploadLandlordKYC' is not exported from '@/api/propertyService' (imported as 'uploadLandlordKYC').

./src/pages/dashboard/owner/profile/accountInfo/components/nationalIdentityNumber.js
Attempted import error: 'uploadNINLandlordKYC' is not exported from '@/api/propertyService' (imported as 'uploadNINLandlordKYC').

./src/pages/dashboard/owner/profile/accountInfo/components/pinCodeForm.js
Attempted import error: 'ownerGetOtpPincode' is not exported from '@/api/propertyService' (imported as 'ownerGetOtpPincode').

./src/pages/dashboard/owner/profile/accountInfo/components/pinCodeForm.js
Attempted import error: 'ownerUpdatePincode' is not exported from '@/api/propertyService' (imported as 'ownerUpdatePincode').

./src/pages/dashboard/owner/profile/changePassword/changePassword.js
Attempted import error: 'updatePassword' is not exported from '@/api/propertyService' (imported as 'updatePassword').

./src/pages/dashboard/owner/profile/personalInfo/personalInfo.js
Attempted import error: 'updatePersonalInformation' is not exported from '@/api/propertyService' (imported as 'updatePersonalInformation').

./src/pages/dashboard/owner/profile/profilePicture/profilePicture.js
Attempted import error: 'updateProfilePicture' is not exported from '@/api/propertyService' (imported as 'updateProfilePicture').

./src/store/propertyOwnerStore/ownerEstate.js
Attempted import error: 'fetchOwnerEstatesMe' is not exported from '@/api/propertyService' (imported as 'fetchOwnerEstatesMe').

Import trace for requested module:
./src/store/propertyOwnerStore/ownerEstate.js

./src/store/propertyOwnerStore/ownerRevenue.js
Attempted import error: 'propertyOwnerRevenue' is not exported from '@/api/propertyService' (imported as 'propertyOwnerRevenue').

Import trace for requested module:
./src/store/propertyOwnerStore/ownerRevenue.js

./src/store/propertyOwnerStore/ownerStats.js
Attempted import error: 'propertyOwnerStatistics' is not exported from '@/api/propertyService' (imported as 'propertyOwnerStatistics').

Import trace for requested module:
./src/store/propertyOwnerStore/ownerStats.js

./src/store/propertyOwnerStore/rentPaymentOwnerInfo.js
Attempted import error: 'ownerRentPayemntInfo' is not exported from '@/api/propertyService' (imported as 'ownerRentPayemntInfo').

Import trace for requested module:
./src/store/propertyOwnerStore/rentPaymentOwnerInfo.js

./src/store/propertyOwnerStore/rentPaymentTenant.js
Attempted import error: 'fetchSpecificTenantRentPaymentOwner' is not exported from '@/api/propertyService' (imported as 'fetchSpecificTenantRentPaymentOwner').

Import trace for requested module:
./src/store/propertyOwnerStore/rentPaymentTenant.js

./src/store/propertyOwnerStore/tenantRentHisOwner.js
Attempted import error: 'getRentHisOwner' is not exported from '@/api/propertyService' (imported as 'getRentHisOwner').

Import trace for requested module:
./src/store/propertyOwnerStore/tenantRentHisOwner.js

./src/store/propertyOwnerStore/useBankDataStore.js
Attempted import error: 'bankInfoPropertyOwner' is not exported from '@/api/propertyService' (imported as 'bankInfoPropertyOwner').

Import trace for requested module:
./src/store/propertyOwnerStore/useBankDataStore.js

./src/store/propertyOwnerStore/useNINProfile.js
Attempted import error: 'fetchOwnerKYCNINData' is not exported from '@/api/propertyService' (imported as 'fetchOwnerKYCNINData').

Import trace for requested module:
./src/store/propertyOwnerStore/useNINProfile.js

./src/store/propertyOwnerStore/usePassportProfile.js
Attempted import error: 'fetchOwnerKYCData' is not exported from '@/api/propertyService' (imported as 'fetchOwnerKYCData').

Import trace for requested module:
./src/store/propertyOwnerStore/usePassportProfile.js

./src/store/propertyOwnerStore/useProfileOwnerMe.js
Attempted import error: 'propertyMe' is not exported from '@/api/propertyService' (imported as 'propertyMe').

Import trace for requested module:
./src/store/propertyOwnerStore/useProfileOwnerMe.js

./src/store/propertyOwnerStore/useWalletStore.js
Attempted import error: 'propertyOwnerWallet' is not exported from '@/api/propertyService' (imported as 'propertyOwnerWallet').

Import trace for requested module:
./src/store/propertyOwnerStore/useWalletStore.js

./src/store/propertyOwnerStore/useWalletStore.js
Attempted import error: 'propertyOwnerWalletActivities' is not exported from '@/api/propertyService' (imported as 'propertyOwnerWalletActivities').

Import trace for requested module:
./src/store/propertyOwnerStore/useWalletStore.js

./src/store/propertyOwnerStore/useWalletStore.js
Attempted import error: 'propertyOwnerWalletBalance' is not exported from '@/api/propertyService' (imported as 'propertyOwnerWalletBalance').

Import trace for requested module:
./src/store/propertyOwnerStore/useWalletStore.js

./src/api/propertyService.js
Attempted import error: 'fetchPropertyListedAll' is not exported from '@/api/propertyService' (imported as 'fetchPropertyListedAll').

Import trace for requested module:
./src/api/propertyService.js
./src/app/dashboard/list_Property/edit_property/[id]/page.js

./src/app/(properties)/property/ViewProperty.js
Attempted import error: 'fetchSinglePropertyPublic' is not exported from '@/api/propertyService' (imported as 'fetchSinglePropertyPublic').

Import trace for requested module:
./src/app/(properties)/property/ViewProperty.js
./src/app/(properties)/property/[id]/page.js

./src/app/dashboard/list_Property/PreviewProperty/ViewProperty.js
Attempted import error: 'fetchSingleProperty' is not exported from '@/api/propertyService' (imported as 'fetchSingleProperty').

Import trace for requested module:
./src/app/dashboard/list_Property/PreviewProperty/ViewProperty.js
./src/app/dashboard/list_Property/PreviewProperty/[id]/page.js

./src/app/dashboard/list_Property/components/propertyCard.js
Attempted import error: 'removeProperty' is not exported from '@/api/propertyService' (imported as 'removeProperty').

Import trace for requested module:
./src/app/dashboard/list_Property/components/propertyCard.js
./src/app/dashboard/list_Property/dashboard/page.js

./src/app/dashboard/list_Property/components/propertyCard.js
Attempted import error: 'publishAndRepublishProperty' is not exported from '@/api/propertyService' (imported as 'publishAndRepublishProperty').

Import trace for requested module:
./src/app/dashboard/list_Property/components/propertyCard.js
./src/app/dashboard/list_Property/dashboard/page.js

./src/app/dashboard/list_Property/edit_property/[id]/page.js
Attempted import error: 'fetchSingleProperty' is not exported from '@/api/propertyService' (imported as 'fetchSingleProperty').

Import trace for requested module:
./src/app/dashboard/list_Property/edit_property/[id]/page.js

./src/app/dashboard/list_Property/edit_property/components/PhotoDetails.js
Attempted import error: 'removePropertyPhotos' is not exported from '@/api/propertyService' (imported as 'removePropertyPhotos').

Import trace for requested module:
./src/app/dashboard/list_Property/edit_property/components/PhotoDetails.js
./src/app/dashboard/list_Property/edit_property/components/propertyForms.js
./src/app/dashboard/list_Property/edit_property/[id]/page.js

./src/app/dashboard/list_Property/edit_property/components/PhotoDetails.js
Attempted import error: 'removeCoverPhoto' is not exported from '@/api/propertyService' (imported as 'removeCoverPhoto').

Import trace for requested module:
./src/app/dashboard/list_Property/edit_property/components/PhotoDetails.js
./src/app/dashboard/list_Property/edit_property/components/propertyForms.js
./src/app/dashboard/list_Property/edit_property/[id]/page.js

./src/app/dashboard/list_Property/edit_property/components/propertyForms.js
Attempted import error: 'updatePropertyCoverPhoto' is not exported from '@/api/propertyService' (imported as 'updatePropertyCoverPhoto').

Import trace for requested module:
./src/app/dashboard/list_Property/edit_property/components/propertyForms.js
./src/app/dashboard/list_Property/edit_property/[id]/page.js

./src/app/dashboard/list_Property/edit_property/components/propertyForms.js
Attempted import error: 'updatePropertyOtherPhoto' is not exported from '@/api/propertyService' (imported as 'updatePropertyOtherPhoto').

Import trace for requested module:
./src/app/dashboard/list_Property/edit_property/components/propertyForms.js
./src/app/dashboard/list_Property/edit_property/[id]/page.js

./src/app/dashboard/list_Property/edit_property/components/propertyForms.js
Attempted import error: 'updatePropertyDetails' is not exported from '@/api/propertyService' (imported as 'updatePropertyDetails').

Import trace for requested module:
./src/app/dashboard/list_Property/edit_property/components/propertyForms.js
./src/app/dashboard/list_Property/edit_property/[id]/page.js

./src/pages/dashboard/owner/payments/components/bankForm.js
Attempted import error: 'addBankPropertyOwner' is not exported from '@/api/propertyService' (imported as 'addBankPropertyOwner').

Import trace for requested module:
./src/pages/dashboard/owner/payments/components/bankForm.js
./src/pages/dashboard/owner/payments/wallet/components/withdraw.js
./src/pages/dashboard/owner/payments/wallet/wallet.js
./src/pages/dashboard/owner/payments/components/widget.js
./src/pages/dashboard/owner/payments/payments.js

./src/pages/dashboard/owner/payments/components/createTransactionPin.js
Attempted import error: 'enterpriseWalletOwnerCreation' is not exported from '@/api/propertyService' (imported as 'enterpriseWalletOwnerCreation').

Import trace for requested module:
./src/pages/dashboard/owner/payments/components/createTransactionPin.js
./src/pages/dashboard/owner/payments/components/popUpWalletCreationForm.js
./src/pages/dashboard/owner/payments/wallet/components/walletBalance.js
./src/pages/dashboard/owner/payments/wallet/wallet.js
./src/pages/dashboard/owner/payments/components/widget.js
./src/pages/dashboard/owner/payments/payments.js

./src/pages/dashboard/owner/payments/components/topUPModal.js
Attempted import error: 'WalletTopUp' is not exported from '@/api/propertyService' (imported as 'WalletTopUp').

Import trace for requested module:
./src/pages/dashboard/owner/payments/components/topUPModal.js
./src/pages/dashboard/owner/payments/wallet/components/walletBalance.js
./src/pages/dashboard/owner/payments/wallet/wallet.js
./src/pages/dashboard/owner/payments/components/widget.js
./src/pages/dashboard/owner/payments/payments.js

./src/pages/dashboard/owner/payments/components/verifyBVN.js
Attempted import error: 'createPropertyOwnerWallet' is not exported from '@/api/propertyService' (imported as 'createPropertyOwnerWallet').

Import trace for requested module:
./src/pages/dashboard/owner/payments/components/verifyBVN.js
./src/pages/dashboard/owner/payments/components/widgetTwo.js
./src/pages/dashboard/owner/payments/components/popUpWalletCreationForm.js
./src/pages/dashboard/owner/payments/wallet/components/walletBalance.js
./src/pages/dashboard/owner/payments/wallet/wallet.js
./src/pages/dashboard/owner/payments/components/widget.js
./src/pages/dashboard/owner/payments/payments.js

./src/pages/dashboard/owner/payments/components/verifyBVN.js
Attempted import error: 'propertyMe' is not exported from '@/api/propertyService' (imported as 'propertyMe').

Import trace for requested module:
./src/pages/dashboard/owner/payments/components/verifyBVN.js
./src/pages/dashboard/owner/payments/components/widgetTwo.js
./src/pages/dashboard/owner/payments/components/popUpWalletCreationForm.js
./src/pages/dashboard/owner/payments/wallet/components/walletBalance.js
./src/pages/dashboard/owner/payments/wallet/wallet.js
./src/pages/dashboard/owner/payments/components/widget.js
./src/pages/dashboard/owner/payments/payments.js

./src/pages/dashboard/owner/payments/wallet/components/withdraw.js
Attempted import error: 'withdrawPropertyOwner' is not exported from '@/api/propertyService' (imported as 'withdrawPropertyOwner').

Import trace for requested module:
./src/pages/dashboard/owner/payments/wallet/components/withdraw.js
./src/pages/dashboard/owner/payments/wallet/wallet.js
./src/pages/dashboard/owner/payments/components/widget.js
./src/pages/dashboard/owner/payments/payments.js

./src/pages/dashboard/owner/profile/accountInfo/components/internationalPassport.js
Attempted import error: 'uploadLandlordKYC' is not exported from '@/api/propertyService' (imported as 'uploadLandlordKYC').

Import trace for requested module:
./src/pages/dashboard/owner/profile/accountInfo/components/internationalPassport.js
./src/pages/dashboard/owner/profile/accountInfo/accountInfo.js
./src/pages/dashboard/owner/profile/widget.js
./src/pages/dashboard/owner/profile/profile.js

./src/pages/dashboard/owner/profile/accountInfo/components/nationalIdentityNumber.js
Attempted import error: 'uploadNINLandlordKYC' is not exported from '@/api/propertyService' (imported as 'uploadNINLandlordKYC').

Import trace for requested module:
./src/pages/dashboard/owner/profile/accountInfo/components/nationalIdentityNumber.js
./src/pages/dashboard/owner/profile/accountInfo/accountInfo.js
./src/pages/dashboard/owner/profile/widget.js
./src/pages/dashboard/owner/profile/profile.js

./src/pages/dashboard/owner/profile/changePassword/changePassword.js
Attempted import error: 'updatePassword' is not exported from '@/api/propertyService' (imported as 'updatePassword').

Import trace for requested module:
./src/pages/dashboard/owner/profile/changePassword/changePassword.js
./src/pages/dashboard/owner/profile/widget.js
./src/pages/dashboard/owner/profile/profile.js

./src/pages/dashboard/owner/profile/personalInfo/personalInfo.js
Attempted import error: 'updatePersonalInformation' is not exported from '@/api/propertyService' (imported as 'updatePersonalInformation').

Import trace for requested module:
./src/pages/dashboard/owner/profile/personalInfo/personalInfo.js
./src/pages/dashboard/owner/profile/widget.js
./src/pages/dashboard/owner/profile/profile.js

./src/pages/dashboard/owner/profile/profilePicture/profilePicture.js
Attempted import error: 'updateProfilePicture' is not exported from '@/api/propertyService' (imported as 'updateProfilePicture').

Import trace for requested module:
./src/pages/dashboard/owner/profile/profilePicture/profilePicture.js
./src/pages/dashboard/owner/profile/widget.js
./src/pages/dashboard/owner/profile/profile.js

./src/store/propertyOwnerStore/ownerEstate.js
Attempted import error: 'fetchOwnerEstatesMe' is not exported from '@/api/propertyService' (imported as 'fetchOwnerEstatesMe').

Import trace for requested module:
./src/store/propertyOwnerStore/ownerEstate.js
./src/pages/dashboard/owner/estates/estates.js

./src/store/propertyOwnerStore/ownerRevenue.js
Attempted import error: 'propertyOwnerRevenue' is not exported from '@/api/propertyService' (imported as 'propertyOwnerRevenue').

Import trace for requested module:
./src/store/propertyOwnerStore/ownerRevenue.js
./src/pages/dashboard/owner/dashboard/dashboard.js

./src/store/propertyOwnerStore/ownerStats.js
Attempted import error: 'propertyOwnerStatistics' is not exported from '@/api/propertyService' (imported as 'propertyOwnerStatistics').

Import trace for requested module:
./src/store/propertyOwnerStore/ownerStats.js
./src/pages/dashboard/owner/dashboard/dashboard.js

./src/store/propertyOwnerStore/rentPaymentOwnerInfo.js
Attempted import error: 'ownerRentPayemntInfo' is not exported from '@/api/propertyService' (imported as 'ownerRentPayemntInfo').

Import trace for requested module:
./src/store/propertyOwnerStore/rentPaymentOwnerInfo.js
./src/pages/dashboard/owner/payments/payments.js

./src/store/propertyOwnerStore/rentPaymentTenant.js
Attempted import error: 'fetchSpecificTenantRentPaymentOwner' is not exported from '@/api/propertyService' (imported as 'fetchSpecificTenantRentPaymentOwner').

Import trace for requested module:
./src/store/propertyOwnerStore/rentPaymentTenant.js
./src/pages/dashboard/owner/tenants/secondPage/paymentHis.js
./src/pages/dashboard/owner/tenants/secondPage/widget.js
./src/pages/dashboard/owner/tenants/secondPage/tenantProfile.js

./src/store/propertyOwnerStore/tenantRentHisOwner.js
Attempted import error: 'getRentHisOwner' is not exported from '@/api/propertyService' (imported as 'getRentHisOwner').

Import trace for requested module:
./src/store/propertyOwnerStore/tenantRentHisOwner.js
./src/pages/dashboard/owner/payments/wallet/wallet.js
./src/pages/dashboard/owner/payments/components/widget.js
./src/pages/dashboard/owner/payments/payments.js

./src/store/propertyOwnerStore/useBankDataStore.js
Attempted import error: 'bankInfoPropertyOwner' is not exported from '@/api/propertyService' (imported as 'bankInfoPropertyOwner').

Import trace for requested module:
./src/store/propertyOwnerStore/useBankDataStore.js
./src/pages/dashboard/owner/payments/wallet/components/withdraw.js
./src/pages/dashboard/owner/payments/wallet/wallet.js
./src/pages/dashboard/owner/payments/components/widget.js
./src/pages/dashboard/owner/payments/payments.js

./src/store/propertyOwnerStore/useNINProfile.js
Attempted import error: 'fetchOwnerKYCNINData' is not exported from '@/api/propertyService' (imported as 'fetchOwnerKYCNINData').

Import trace for requested module:
./src/store/propertyOwnerStore/useNINProfile.js
./src/pages/dashboard/owner/profile/accountInfo/accountInfo.js
./src/pages/dashboard/owner/profile/widget.js
./src/pages/dashboard/owner/profile/profile.js

./src/store/propertyOwnerStore/usePassportProfile.js
Attempted import error: 'fetchOwnerKYCData' is not exported from '@/api/propertyService' (imported as 'fetchOwnerKYCData').

Import trace for requested module:
./src/store/propertyOwnerStore/usePassportProfile.js
./src/pages/dashboard/owner/profile/accountInfo/accountInfo.js
./src/pages/dashboard/owner/profile/widget.js
./src/pages/dashboard/owner/profile/profile.js

./src/store/propertyOwnerStore/useProfileOwnerMe.js
Attempted import error: 'propertyMe' is not exported from '@/api/propertyService' (imported as 'propertyMe').

Import trace for requested module:
./src/store/propertyOwnerStore/useProfileOwnerMe.js
./src/pages/dashboard/owner/header/header.js

./src/store/propertyOwnerStore/useWalletStore.js
Attempted import error: 'propertyOwnerWallet' is not exported from '@/api/propertyService' (imported as 'propertyOwnerWallet').

Import trace for requested module:
./src/store/propertyOwnerStore/useWalletStore.js
./src/pages/dashboard/owner/payments/wallet/wallet.js
./src/pages/dashboard/owner/payments/components/widget.js
./src/pages/dashboard/owner/payments/payments.js

./src/store/propertyOwnerStore/useWalletStore.js
Attempted import error: 'propertyOwnerWalletActivities' is not exported from '@/api/propertyService' (imported as 'propertyOwnerWalletActivities').

Import trace for requested module:
./src/store/propertyOwnerStore/useWalletStore.js
./src/pages/dashboard/owner/payments/wallet/wallet.js
./src/pages/dashboard/owner/payments/components/widget.js
./src/pages/dashboard/owner/payments/payments.js

./src/store/propertyOwnerStore/useWalletStore.js
Attempted import error: 'propertyOwnerWalletBalance' is not exported from '@/api/propertyService' (imported as 'propertyOwnerWalletBalance').

Import trace for requested module:
./src/store/propertyOwnerStore/useWalletStore.js
./src/pages/dashboard/owner/payments/wallet/wallet.js
./src/pages/dashboard/owner/payments/components/widget.js
./src/pages/dashboard/owner/payments/payments.js

 ✓ Compiled successfully
   Linting and checking validity of types ...

./src/api/enterpriseManagerService.js
78:13  Warning: 'error' is assigned a value but never used.  no-unused-vars
395:13  Warning: 'error' is assigned a value but never used.  no-unused-vars
426:13  Warning: 'error' is assigned a value but never used.  no-unused-vars

./src/api/estateService.js
109:13  Warning: 'error' is assigned a value but never used.  no-unused-vars
142:13  Warning: 'error' is assigned a value but never used.  no-unused-vars
175:13  Warning: 'error' is assigned a value but never used.  no-unused-vars

./src/api/listingServices.js
47:13  Warning: 'error' is assigned a value but never used.  no-unused-vars

./src/api/planEnterprise.js
30:17  Warning: '_' is defined but never used.  no-unused-vars

./src/api/tenantSevice.js
105:13  Warning: 'error' is assigned a value but never used.  no-unused-vars
326:13  Warning: 'error' is assigned a value but never used.  no-unused-vars

./src/app/(listingauth)/list-a-property/page.js
7:26  Warning: 'toast' is defined but never used.  no-unused-vars
11:8  Warning: 'SliderAuth' is defined but never used.  no-unused-vars
17:8  Warning: 'Image' is defined but never used.  no-unused-vars
18:18  Warning: 'useSession' is defined but never used.  no-unused-vars
18:30  Warning: 'signOut' is defined but never used.  no-unused-vars
33:10  Warning: 'fromGoogle' is assigned a value but never used.  no-unused-vars
35:9  Warning: 'handleGoogleSignIn' is assigned a value but never used.  no-unused-vars

./src/app/(listingauth)/listing-a-property/page.js
13:8  Warning: 'SliderAuth' is defined but never used.  no-unused-vars
20:8  Warning: 'Image' is defined but never used.  no-unused-vars
42:9  Warning: 'handleGoogleSignIn' is assigned a value but never used.  no-unused-vars
172:9  Warning: 'handleLoginSuccess' is assigned a value but never used.  no-unused-vars

./src/app/(properties)/(listing)/land/[location]/page.js
11:9  Warning: 'router' is assigned a value but never used.  no-unused-vars

./src/app/(properties)/(listing)/rent/[location]/page.js
12:9  Warning: 'router' is assigned a value but never used.  no-unused-vars

./src/app/(properties)/(listing)/rent/[location]/[propertyType]/page.js
11:9  Warning: 'router' is assigned a value but never used.  no-unused-vars

./src/app/(properties)/(listing)/sales/[location]/page.js
12:9  Warning: 'router' is assigned a value but never used.  no-unused-vars

./src/app/(properties)/(listing)/sales/[location]/[propertyType]/page.js
11:9  Warning: 'router' is assigned a value but never used.  no-unused-vars

./src/app/(properties)/(listing)/shortlet/[location]/page.js
12:9  Warning: 'router' is assigned a value but never used.  no-unused-vars

./src/app/(properties)/(listing)/shortlet/[location]/[propertyType]/page.js
11:9  Warning: 'router' is assigned a value but never used.  no-unused-vars

./src/app/(properties)/components/header.js
10:8  Warning: 'PropertyCard' is defined but never used.  no-unused-vars
39:10  Warning: 'totalData' is assigned a value but never used.  no-unused-vars
40:10  Warning: 'loading' is assigned a value but never used.  no-unused-vars
41:10  Warning: 'loadingII' is assigned a value but never used.  no-unused-vars
52:10  Warning: 'properties' is assigned a value but never used.  no-unused-vars
152:6  Warning: React Hook useEffect has missing dependencies: 'fetchProperties' and 'paramss'. Either include them or remove the dependency array.  react-hooks/exhaustive-deps
189:9  Warning: 'firstThreePages' is assigned a value but never used.  no-unused-vars
190:9  Warning: 'lastThreePages' is assigned a value but never used.  no-unused-vars
197:9  Warning: 'handleNextPage' is assigned a value but never used.  no-unused-vars
204:9  Warning: 'handlePrevPage' is assigned a value but never used.  no-unused-vars
211:9  Warning: 'handlePageClick' is assigned a value but never used.  no-unused-vars

./src/app/(properties)/components/imageModal.js
41:6  Warning: React Hook useEffect has missing dependencies: 'goToNextImage' and 'goToPreviousImage'. Either include them or remove the dependency array.  react-hooks/exhaustive-deps

./src/app/(properties)/components/listing.js
3:8  Warning: 'Image' is defined but never used.  no-unused-vars

./src/app/(properties)/components/miniPropertyListings.js
10:3  Warning: 'padding' is defined but never used.  no-unused-vars

./src/app/(properties)/components/propertyCard.js
19:8  Warning: 'usePropertyStore' is defined but never used.  no-unused-vars
64:3  Warning: 'properties' is defined but never used.  no-unused-vars

./src/app/(properties)/page.js
11:8  Warning: 'api' is defined but never used.  no-unused-vars
241:6  Warning: React Hook useEffect has a missing dependency: 'fetchFeaturedData'. Either include it or remove the dependency array.  react-hooks/exhaustive-deps

./src/app/(properties)/property/requestCard.js
5:10  Warning: 'name' is assigned a value but never used.  no-unused-vars

./src/app/(properties)/property/ViewProperty.js
154:6  Warning: React Hook useEffect has a missing dependency: 'checkToUpdateMetrics'. Either include it or remove the dependency array.  react-hooks/exhaustive-deps
759:7  Warning: 'amenities' is assigned a value but never used.  no-unused-vars

./src/app/agent/businessPage.js
7:21  Warning: 'usePathname' is defined but never used.  no-unused-vars
80:6  Warning: React Hook useEffect has missing dependencies: 'fetchMarketerProfile' and 'urlEndPoint'. Either include them or remove the dependency array.  react-hooks/exhaustive-deps

./src/app/agent/imageUpload.js
1:27  Warning: 'useEffect' is defined but never used.  no-unused-vars
5:10  Warning: 'errorMsg2' is assigned a value but never used.  no-unused-vars
6:10  Warning: 'marketerPhoto' is assigned a value but never used.  no-unused-vars

./src/app/agent/miniPropertyListings.js
11:3  Warning: 'width' is defined but never used.  no-unused-vars
12:3  Warning: 'padding' is defined but never used.  no-unused-vars
13:3  Warning: 'reset' is defined but never used.  no-unused-vars
14:3  Warning: 'setLoadingII' is defined but never used.  no-unused-vars

./src/app/agent/ownersCard.js
1:17  Warning: 'useEffect' is defined but never used.  no-unused-vars
3:8  Warning: 'EmptyAvatar' is defined but never used.  no-unused-vars
7:10  Warning: 'copiedState' is assigned a value but never used.  no-unused-vars
7:23  Warning: 'setCopiedState' is assigned a value but never used.  no-unused-vars
65:10  Warning: Unknown property 'cclassName' found  react/no-unknown-property
201:7  Warning: 'otherLinks' is assigned a value but never used.  no-unused-vars

./src/app/dashboard/accessControlComponents/addVisitor.js
24:21  Warning: 'data' is defined but never used.  no-unused-vars

./src/app/dashboard/accessControlComponents/records.js
25:3  Warning: 'setSearchValue' is defined but never used.  no-unused-vars
148:15  Warning: Unknown property 'stroke-w_idth' found  react/no-unknown-property
150:15  Warning: Unknown property 'class' found, use 'className' instead  react/no-unknown-property
153:17  Warning: Unknown property 'stroke-linecap' found, use 'strokeLinecap' instead  react/no-unknown-property
154:17  Warning: Unknown property 'stroke-linejoin' found, use 'strokeLinejoin' instead  react/no-unknown-property

./src/app/dashboard/accessControlComponents/statusDropDown.js
10:3  Warning: 'status' is defined but never used.  no-unused-vars

./src/app/dashboard/components/DropDown.js
81:6  Warning: React Hook useEffect has a missing dependency: 'handleCloseDropdowns'. Either include it or remove the dependency array.  react-hooks/exhaustive-deps

./src/app/dashboard/enterprise-property/estates/reminder-multiple/[id]/components/customizeSettings.js
6:8  Warning: 'RichTextEditorInApp' is defined but never used.  no-unused-vars
10:8  Warning: 'RichTextEditorEmail' is defined but never used.  no-unused-vars
62:11  Warning: 'handleCheckboxChangeSMS' is assigned a value but never used.  no-unused-vars
127:8  Warning: React Hook useEffect has a missing dependency: 'data'. Either include it or remove the dependency array.  react-hooks/exhaustive-deps

./src/app/dashboard/enterprise-property/estates/reminder-multiple/[id]/components/dropDown.js
6:51  Warning: 'label' is defined but never used.  no-unused-vars

./src/app/dashboard/enterprise-property/estates/reminder-multiple/[id]/components/dropDownChannel.js
60:6  Warning: React Hook useEffect has missing dependencies: 'onSelect' and 'options'. Either include them or remove the dependency array. If 'onSelect' changes too often, find the parent component that defines it and wrap that definition in useCallback.  react-hooks/exhaustive-deps
118:6  Warning: React Hook useEffect has missing dependencies: 'setBackendData' and 'setData'. Either include them or remove the dependency array. If 'setData' changes too often, find the parent component that defines it and wrap that definition in useCallback.  react-hooks/exhaustive-deps

./src/app/dashboard/enterprise-property/estates/reminder-multiple/[id]/components/dropDownReminder.js
3:8  Warning: 'Image' is defined but never used.  no-unused-vars

./src/app/dashboard/enterprise-property/estates/reminder-multiple/[id]/components/richTextEditorEmail.js
97:8  Warning: React Hook useEffect has missing dependencies: 'handleKeyDown' and 'handlePaste'. Either include them or remove the dependency array.  react-hooks/exhaustive-deps

./src/app/dashboard/enterprise-property/estates/reminder-multiple/[id]/components/richTextEditorInApp.js
125:6  Warning: React Hook useEffect has missing dependencies: 'handleKeyDown' and 'handlePaste'. Either include them or remove the dependency array.  react-hooks/exhaustive-deps

./src/app/dashboard/enterprise-property/estates/reminder-multiple/[id]/components/richTextEditorSMS.js
57:9  Warning: 'handleKeyDown' is assigned a value but never used.  no-unused-vars
64:9  Warning: 'handlePaste' is assigned a value but never used.  no-unused-vars

./src/app/dashboard/enterprise-property/estates/reminder-multiple/[id]/multipleReminder.js
18:30  Warning: 'error' is assigned a value but never used.  no-unused-vars
28:11  Warning: 'isAnyToggleActive' is assigned a value but never used.  no-unused-vars
49:23  Warning: 'response' is assigned a value but never used.  no-unused-vars
84:23  Warning: 'response' is assigned a value but never used.  no-unused-vars

./src/app/dashboard/enterprise-property/expenses/components/createExpenses.js
22:8  Warning: React Hook React.useEffect has a missing dependency: 'fetchCategory'. Either include it or remove the dependency array.  react-hooks/exhaustive-deps
194:42  Warning: 'index' is defined but never used.  no-unused-vars
215:19  Warning: 'resultExpense' is assigned a value but never used.  no-unused-vars

./src/app/dashboard/enterprise-property/expenses/components/data.js
2:8  Warning: 'ReactDOM' is defined but never used.  no-unused-vars
285:3  Warning: 'rows' is defined but never used.  no-unused-vars

./src/app/dashboard/enterprise-property/expenses/components/dropDown.js
32:23  Warning: 'response' is assigned a value but never used.  no-unused-vars

./src/app/dashboard/enterprise-property/expenses/components/headerAndFilter.js
74:8  Warning: React Hook React.useEffect has missing dependencies: 'fetchEnterprisePlans' and 'fetchProfileData'. Either include them or remove the dependency array.  react-hooks/exhaustive-deps
107:8  Warning: React Hook React.useEffect has missing dependencies: 'handleExportToCSV', 'handleExportToExcel', 'handlePrint', and 'setSelectedOption'. Either include them or remove the dependency array. If 'setSelectedOption' changes too often, find the parent component that defines it and wrap that definition in useCallback.  react-hooks/exhaustive-deps

./src/app/dashboard/enterprise-property/expenses/components/popUpMenu.js
4:27  Warning: 'useRef' is defined but never used.  no-unused-vars

./src/app/dashboard/enterprise-property/expenses/components/printableAll.js
29:20  Warning: Unknown property 'jsx' found  react/no-unknown-property

./src/app/dashboard/enterprise-property/expenses/components/statCard.js
1:8  Warning: 'ArrowSlim' is defined but never used.  no-unused-vars
2:8  Warning: 'ArrowSlimFlipped' is defined but never used.  no-unused-vars
9:5  Warning: 'percentage' is defined but never used.  no-unused-vars
10:5  Warning: 'isPositive' is defined but never used.  no-unused-vars
14:5  Warning: 'badgeBg' is assigned a value but never used.  no-unused-vars
15:5  Warning: 'iconColor' is assigned a value but never used.  no-unused-vars

./src/app/dashboard/enterprise-property/expenses/components/table.js
30:12  Warning: 'selectedId' is assigned a value but never used.  no-unused-vars
37:10  Warning: 'width' is assigned a value but never used.  no-unused-vars
69:8  Warning: React Hook React.useEffect has missing dependencies: 'fetchMoreData' and 'rowVirtualizer'. Either include them or remove the dependency array. If 'fetchMoreData' changes too often, find the parent component that defines it and wrap that definition in useCallback.  react-hooks/exhaustive-deps
93:15  Warning: 'tableRect' is assigned a value but never used.  no-unused-vars
119:8  Warning: React Hook React.useCallback has missing dependencies: 'isAt624px' and 'tableRef'. Either include them or remove the dependency array.  react-hooks/exhaustive-deps
130:8  Warning: React Hook React.useCallback has a missing dependency: 'popUpMenu'. Either include it or remove the dependency array. You can also do a functional update 'setPopUpMenu(p => ...)' if you only need 'popUpMenu' in the 'setPopUpMenu' call.  react-hooks/exhaustive-deps
198:8  Warning: React Hook React.useEffect has a missing dependency: 'setSingleTableData'. Either include it or remove the dependency array. If 'setSingleTableData' changes too often, find the parent component that defines it and wrap that definition in useCallback.  react-hooks/exhaustive-deps

./src/app/dashboard/enterprise-property/expenses/page.js
34:9  Warning: 'loadingCate' is assigned a value but never used.  no-unused-vars
49:12  Warning: 'isFetchingMore' is assigned a value but never used.  no-unused-vars
91:8  Warning: React Hook React.useEffect has missing dependencies: 'fetchCategory' and 'fetchData'. Either include them or remove the dependency array.  react-hooks/exhaustive-deps
95:19  Warning: 'result' is assigned a value but never used.  no-unused-vars
182:8  Warning: React Hook React.useEffect has missing dependencies: 'currentLimit' and 'fetchExpense'. Either include them or remove the dependency array.  react-hooks/exhaustive-deps
257:8  Warning: React Hook React.useEffect has a missing dependency: 'fetchExpensePrint'. Either include it or remove the dependency array.  react-hooks/exhaustive-deps

./src/app/dashboard/enterprise-property/letterHead/page.js
2:8  Warning: 'LetterHeadII' is defined but never used.  no-unused-vars
3:8  Warning: 'LetterHeadIII' is defined but never used.  no-unused-vars

./src/app/dashboard/enterprise-property/tenants/access-records/page.js
12:26  Warning: 'params' is defined but never used.  no-unused-vars

./src/app/dashboard/enterprise-property/tenants/reminder/components/customizeSettings.js
11:12  Warning: 'time' is assigned a value but never used.  no-unused-vars

./src/app/dashboard/enterprise-property/tenants/reminder/components/customizeSettingsII.js
11:12  Warning: 'time' is assigned a value but never used.  no-unused-vars

./src/app/dashboard/enterprise-property/tenants/reminder/components/dropDownChannel.js
21:6  Warning: React Hook useEffect has missing dependencies: 'onSelect' and 'options'. Either include them or remove the dependency array. If 'onSelect' changes too often, find the parent component that defines it and wrap that definition in useCallback.  react-hooks/exhaustive-deps

./src/app/dashboard/enterprise-property/tenants/reminder/components/dropDownReminder.js
3:8  Warning: 'Image' is defined but never used.  no-unused-vars

./src/app/dashboard/enterprise-property/tenants/reminder/components/richTextEditorEmail.js
64:6  Warning: React Hook useEffect has missing dependencies: 'handleKeyDown' and 'handlePaste'. Either include them or remove the dependency array.  react-hooks/exhaustive-deps

./src/app/dashboard/enterprise-property/tenants/reminder/components/richTextEditorInApp.js
64:6  Warning: React Hook useEffect has missing dependencies: 'handleKeyDown' and 'handlePaste'. Either include them or remove the dependency array.  react-hooks/exhaustive-deps

./src/app/dashboard/enterprise-property/tenants/reminder/components/richTextEditorSMS.js
64:6  Warning: React Hook useEffect has missing dependencies: 'handleKeyDown' and 'handlePaste'. Either include them or remove the dependency array.  react-hooks/exhaustive-deps

./src/app/dashboard/enterprise-property/tenants/reminder/page.js
9:8  Warning: 'CustomizeModal' is defined but never used.  no-unused-vars
16:10  Warning: 'openCompleted' is assigned a value but never used.  no-unused-vars

./src/app/dashboard/enterprise-property/tenants/tenant-poll/components/PollTable.js
9:22  Warning: 'setClosedData' is assigned a value but never used.  no-unused-vars

./src/app/dashboard/enterprise-property/tenants/tenant-poll/poll/components/preview.js
4:8  Warning: 'Link' is defined but never used.  no-unused-vars
11:10  Warning: 'option' is assigned a value but never used.  no-unused-vars
12:10  Warning: 'pollTitle' is assigned a value but never used.  no-unused-vars
13:10  Warning: 'pollDescription' is assigned a value but never used.  no-unused-vars
14:10  Warning: 'startDate' is assigned a value but never used.  no-unused-vars
15:10  Warning: 'endDate' is assigned a value but never used.  no-unused-vars
16:10  Warning: 'pollQuestion' is assigned a value but never used.  no-unused-vars
17:10  Warning: 'modalIsOpen' is assigned a value but never used.  no-unused-vars
17:23  Warning: 'setModalIsOpen' is assigned a value but never used.  no-unused-vars
21:9  Warning: 'handleOptionChange' is assigned a value but never used.  no-unused-vars
57:13  Warning: Unknown property 'stroke-w_idth' found  react/no-unknown-property
59:13  Warning: Unknown property 'class' found, use 'className' instead  react/no-unknown-property
62:15  Warning: Unknown property 'stroke-linecap' found, use 'strokeLinecap' instead  react/no-unknown-property
63:15  Warning: Unknown property 'stroke-linejoin' found, use 'strokeLinejoin' instead  react/no-unknown-property

./src/app/dashboard/enterprise-property/tenants/tenant-poll/poll/page.js
5:8  Warning: 'Toggle' is defined but never used.  no-unused-vars
26:10  Warning: 'modalIsOpen' is assigned a value but never used.  no-unused-vars
26:23  Warning: 'setModalIsOpen' is assigned a value but never used.  no-unused-vars
44:11  Warning: 'inputField' is assigned a value but never used.  no-unused-vars
101:9  Warning: 'handleOptionChange' is assigned a value but never used.  no-unused-vars
104:9  Warning: 'handleChange' is assigned a value but never used.  no-unused-vars
129:19  Warning: Unknown property 'stroke-w_idth' found  react/no-unknown-property
131:19  Warning: Unknown property 'class' found, use 'className' instead  react/no-unknown-property
134:21  Warning: Unknown property 'stroke-linecap' found, use 'strokeLinecap' instead  react/no-unknown-property
135:21  Warning: Unknown property 'stroke-linejoin' found, use 'strokeLinejoin' instead  react/no-unknown-property

./src/app/dashboard/enterprise-property/tenants/tenant-poll/poll/poll-questions/components/pollVotesBar.js
71:25  Warning: 'e' is defined but never used.  no-unused-vars

./src/app/dashboard/enterprise-property/tenants/tenant-poll/poll/poll-questions/components/question.js
3:8  Warning: 'Image' is defined but never used.  no-unused-vars
4:8  Warning: 'Link' is defined but never used.  no-unused-vars
11:10  Warning: 'pollTitle' is assigned a value but never used.  no-unused-vars
11:21  Warning: 'setPollTitle' is assigned a value but never used.  no-unused-vars
12:10  Warning: 'pollDescription' is assigned a value but never used.  no-unused-vars
12:27  Warning: 'setPollDescription' is assigned a value but never used.  no-unused-vars
13:10  Warning: 'startDate' is assigned a value but never used.  no-unused-vars
13:21  Warning: 'setStartDate' is assigned a value but never used.  no-unused-vars
14:10  Warning: 'endDate' is assigned a value but never used.  no-unused-vars
14:19  Warning: 'setEndDate' is assigned a value but never used.  no-unused-vars
16:10  Warning: 'questions' is assigned a value but never used.  no-unused-vars
17:10  Warning: 'responses' is assigned a value but never used.  no-unused-vars
18:10  Warning: 'updateClicked' is assigned a value but never used.  no-unused-vars
20:9  Warning: 'handleQuestions' is assigned a value but never used.  no-unused-vars
24:9  Warning: 'handleResponses' is assigned a value but never used.  no-unused-vars
29:9  Warning: 'handleUpdate' is assigned a value but never used.  no-unused-vars
32:9  Warning: 'handleOptionChange' is assigned a value but never used.  no-unused-vars

./src/app/dashboard/enterprise-property/tenants/tenant-poll/poll/poll-questions/components/responses.js
3:8  Warning: 'Image' is defined but never used.  no-unused-vars
4:8  Warning: 'Link' is defined but never used.  no-unused-vars
5:8  Warning: 'Toggle' is defined but never used.  no-unused-vars
10:10  Warning: 'questions' is assigned a value but never used.  no-unused-vars
11:10  Warning: 'responses' is assigned a value but never used.  no-unused-vars
14:9  Warning: 'handleQuestions' is assigned a value but never used.  no-unused-vars
18:9  Warning: 'handleResponses' is assigned a value but never used.  no-unused-vars

./src/app/dashboard/enterprise-property/tenants/tenant-poll/poll/poll-questions/page.js
13:10  Warning: 'updateClicked' is assigned a value but never used.  no-unused-vars
31:9  Warning: 'handleOptionChange' is assigned a value but never used.  no-unused-vars
44:15  Warning: Unknown property 'stroke-w_idth' found  react/no-unknown-property
46:15  Warning: Unknown property 'class' found, use 'className' instead  react/no-unknown-property
49:17  Warning: Unknown property 'stroke-linecap' found, use 'strokeLinecap' instead  react/no-unknown-property
50:17  Warning: Unknown property 'stroke-linejoin' found, use 'strokeLinejoin' instead  react/no-unknown-property

./src/app/dashboard/enterprise-property/tenants/tenant-poll/poll/preview/page.js
9:19  Warning: 'backBtn' is defined but never used.  no-unused-vars
12:10  Warning: 'pollTitle' is assigned a value but never used.  no-unused-vars
13:10  Warning: 'pollDescription' is assigned a value but never used.  no-unused-vars
14:10  Warning: 'startDate' is assigned a value but never used.  no-unused-vars
15:10  Warning: 'endDate' is assigned a value but never used.  no-unused-vars
17:10  Warning: 'modalIsOpen' is assigned a value but never used.  no-unused-vars
17:23  Warning: 'setModalIsOpen' is assigned a value but never used.  no-unused-vars
21:9  Warning: 'handleOptionChange' is assigned a value but never used.  no-unused-vars
58:15  Warning: Unknown property 'stroke-w_idth' found  react/no-unknown-property
60:15  Warning: Unknown property 'class' found, use 'className' instead  react/no-unknown-property
63:17  Warning: Unknown property 'stroke-linecap' found, use 'strokeLinecap' instead  react/no-unknown-property
64:17  Warning: Unknown property 'stroke-linejoin' found, use 'strokeLinejoin' instead  react/no-unknown-property

./src/app/dashboard/enterprise-property/tenants/tenant-poll/poll/responses/components/pollVotesBar.js
65:25  Warning: 'e' is defined but never used.  no-unused-vars

./src/app/dashboard/enterprise-property/tenants/tenant-poll/poll/responses/page.js
3:8  Warning: 'Image' is defined but never used.  no-unused-vars
4:8  Warning: 'Link' is defined but never used.  no-unused-vars
5:8  Warning: 'Toggle' is defined but never used.  no-unused-vars
10:7  Warning: 'images' is assigned a value but never used.  no-unused-vars
17:10  Warning: 'option' is assigned a value but never used.  no-unused-vars
17:18  Warning: 'setOption' is assigned a value but never used.  no-unused-vars
19:10  Warning: 'pollTitle' is assigned a value but never used.  no-unused-vars
19:21  Warning: 'setPollTitle' is assigned a value but never used.  no-unused-vars
20:10  Warning: 'pollDescription' is assigned a value but never used.  no-unused-vars
20:27  Warning: 'setPollDescription' is assigned a value but never used.  no-unused-vars
21:10  Warning: 'startDate' is assigned a value but never used.  no-unused-vars
21:21  Warning: 'setStartDate' is assigned a value but never used.  no-unused-vars
22:10  Warning: 'endDate' is assigned a value but never used.  no-unused-vars
22:19  Warning: 'setEndDate' is assigned a value but never used.  no-unused-vars
23:10  Warning: 'pollQuestion' is assigned a value but never used.  no-unused-vars
23:24  Warning: 'setPollQuestion' is assigned a value but never used.  no-unused-vars
24:10  Warning: 'questions' is assigned a value but never used.  no-unused-vars
24:21  Warning: 'setQuestion' is assigned a value but never used.  no-unused-vars

./src/app/dashboard/enterprise-property/tenants/tenant-poll/poll/update-poll/page.js
5:8  Warning: 'Toggle' is defined but never used.  no-unused-vars
8:8  Warning: 'Loading' is defined but never used.  no-unused-vars
25:10  Warning: 'modalIsOpen' is assigned a value but never used.  no-unused-vars
27:10  Warning: 'loading' is assigned a value but never used.  no-unused-vars
28:10  Warning: 'previewPoll' is assigned a value but never used.  no-unused-vars
28:23  Warning: 'setPreviewPoll' is assigned a value but never used.  no-unused-vars
29:10  Warning: 'pollDetail' is assigned a value but never used.  no-unused-vars
29:22  Warning: 'setPollDetail' is assigned a value but never used.  no-unused-vars
47:9  Warning: 'handlePreview' is assigned a value but never used.  no-unused-vars
69:9  Warning: 'handleChange' is assigned a value but never used.  no-unused-vars
86:15  Warning: Unknown property 'stroke-w_idth' found  react/no-unknown-property
88:15  Warning: Unknown property 'class' found, use 'className' instead  react/no-unknown-property
91:17  Warning: Unknown property 'stroke-linecap' found, use 'strokeLinecap' instead  react/no-unknown-property
92:17  Warning: Unknown property 'stroke-linejoin' found, use 'strokeLinejoin' instead  react/no-unknown-property

./src/app/dashboard/list_Property/addProperty/components/Amenities.js
10:3  Warning: 'handleEvent' is defined but never used.  no-unused-vars
11:3  Warning: 'cancel' is defined but never used.  no-unused-vars
83:23  Warning: Unknown property 'stroke-width' found, use 'strokeWidth' instead  react/no-unknown-property
86:25  Warning: Unknown property 'fill-rule' found, use 'fillRule' instead  react/no-unknown-property
88:25  Warning: Unknown property 'clip-rule' found, use 'clipRule' instead  react/no-unknown-property

./src/app/dashboard/list_Property/addProperty/components/contactInfo.js
2:8  Warning: 'Image' is defined but never used.  no-unused-vars
3:8  Warning: 'useProfileStore' is defined but never used.  no-unused-vars

./src/app/dashboard/list_Property/addProperty/components/ContactInfoMedia.js
16:17  Warning: 'setEmail' is assigned a value but never used.  no-unused-vars

./src/app/dashboard/list_Property/addProperty/components/propertyForms.js
4:10  Warning: 'ToastContainer' is defined but never used.  no-unused-vars
8:8  Warning: 'PropertyPhoto' is defined but never used.  no-unused-vars
9:8  Warning: 'ContactInfo' is defined but never used.  no-unused-vars
27:10  Warning: 'coverPhoto' is assigned a value but never used.  no-unused-vars
28:10  Warning: 'photos' is assigned a value but never used.  no-unused-vars
39:10  Warning: 'videoLinks' is assigned a value but never used.  no-unused-vars
85:9  Warning: 'furnishStatus' is assigned a value but never used.  no-unused-vars
193:25  Warning: 'preDetails' is defined but never used.  no-unused-vars
267:11  Warning: Unknown property 'stroke-w_idth' found  react/no-unknown-property
269:11  Warning: Unknown property 'class' found, use 'className' instead  react/no-unknown-property
272:13  Warning: Unknown property 'stroke-linecap' found, use 'strokeLinecap' instead  react/no-unknown-property
273:13  Warning: Unknown property 'stroke-linejoin' found, use 'strokeLinejoin' instead  react/no-unknown-property

./src/app/dashboard/list_Property/addProperty/components/propertyInfo.js
19:3  Warning: 'setSaveToDraft' is defined but never used.  no-unused-vars
64:5  Warning: 'reset' is assigned a value but never used.  no-unused-vars
387:27  Warning: Unknown property 'stroke-width' found, use 'strokeWidth' instead  react/no-unknown-property
390:29  Warning: Unknown property 'fill-rule' found, use 'fillRule' instead  react/no-unknown-property
392:29  Warning: Unknown property 'clip-rule' found, use 'clipRule' instead  react/no-unknown-property

./src/app/dashboard/list_Property/addProperty/components/PropertyPhotos.js
4:3  Warning: 'useEffect' is defined but never used.  no-unused-vars
69:29  Warning: 'e' is defined but never used.  no-unused-vars
111:9  Warning: 'isButtonEnabled' is assigned a value but never used.  no-unused-vars
157:19  Warning: Unknown property 'for' found, use 'htmlFor' instead  react/no-unknown-property
168:21  Warning: Unknown property 'enctype' found, use 'encType' instead  react/no-unknown-property
223:17  Warning: Unknown property 'for' found, use 'htmlFor' instead  react/no-unknown-property
238:23  Warning: Unknown property 'enctype' found, use 'encType' instead  react/no-unknown-property

./src/app/dashboard/list_Property/addProperty/components/rentDetails.js
5:55  Warning: 'setSaveToDraft' is defined but never used.  no-unused-vars
25:10  Warning: 'selectedClicked' is assigned a value but never used.  no-unused-vars
26:10  Warning: 'durationClicked' is assigned a value but never used.  no-unused-vars
295:19  Warning: Unknown property 'stroke-width' found, use 'strokeWidth' instead  react/no-unknown-property
298:21  Warning: Unknown property 'fill-rule' found, use 'fillRule' instead  react/no-unknown-property
300:21  Warning: Unknown property 'clip-rule' found, use 'clipRule' instead  react/no-unknown-property
526:10  Warning: 'selectedClicked' is assigned a value but never used.  no-unused-vars

./src/app/dashboard/list_Property/components/cardMenu.js
4:10  Warning: 'useRouter' is defined but never used.  no-unused-vars
11:3  Warning: 'handleDelete' is defined but never used.  no-unused-vars
23:3  Warning: 'metric' is defined but never used.  no-unused-vars
27:21  Warning: 'startTransition' is assigned a value but never used.  no-unused-vars
125:19  Warning: 'e' is defined but never used.  no-unused-vars

./src/app/dashboard/list_Property/components/confirmModalI.js
1:8  Warning: 'Image' is defined but never used.  no-unused-vars

./src/app/dashboard/list_Property/components/DropDown.js
81:6  Warning: React Hook useEffect has a missing dependency: 'handleCloseDropdowns'. Either include it or remove the dependency array.  react-hooks/exhaustive-deps

./src/app/dashboard/list_Property/components/header.js
18:9  Warning: 'handleToggleMenu' is assigned a value but never used.  no-unused-vars
22:9  Warning: 'handleToggleMenuTwo' is assigned a value but never used.  no-unused-vars
30:6  Warning: React Hook useEffect has a missing dependency: 'fetchData'. Either include it or remove the dependency array.  react-hooks/exhaustive-deps

./src/app/dashboard/list_Property/components/imageModal.js
41:6  Warning: React Hook useEffect has missing dependencies: 'goToNextImage' and 'goToPreviousImage'. Either include them or remove the dependency array.  react-hooks/exhaustive-deps

./src/app/dashboard/list_Property/components/MetricCharts.js
65:6  Warning: React Hook useEffect has a missing dependency: 'fetchMetrics'. Either include it or remove the dependency array.  react-hooks/exhaustive-deps

./src/app/dashboard/list_Property/components/metricsCards.js
3:17  Warning: 'useEffect' is defined but never used.  no-unused-vars
3:28  Warning: 'useState' is defined but never used.  no-unused-vars

./src/app/dashboard/list_Property/components/mobile_header.js
20:6  Warning: React Hook useEffect has a missing dependency: 'fetchData'. Either include it or remove the dependency array.  react-hooks/exhaustive-deps

./src/app/dashboard/list_Property/components/popUpMenuAlert.js
57:16  Warning: 'setData' is assigned a value but never used.  no-unused-vars

./src/app/dashboard/list_Property/components/propertyCard.js
2:27  Warning: 'useEffect' is defined but never used.  no-unused-vars
70:23  Warning: 'setCurrentPage' is assigned a value but never used.  no-unused-vars
98:9  Warning: 'settings' is assigned a value but never used.  no-unused-vars
223:14  Warning: 'result' is defined but never used.  no-unused-vars
228:15  Warning: 'error' is defined but never used.  no-unused-vars

./src/app/dashboard/list_Property/dashboard/page.js
12:8  Warning: 'Slider' is defined but never used.  no-unused-vars
22:25  Warning: 'setPlanModalMode' is assigned a value but never used.  no-unused-vars
24:10  Warning: 'errorModal' is assigned a value but never used.  no-unused-vars
26:10  Warning: 'isPending' is assigned a value but never used.  no-unused-vars
29:10  Warning: 'tabName' is assigned a value but never used.  no-unused-vars
32:9  Warning: 'list' is assigned a value but never used.  no-unused-vars
253:27  Warning: 'page' is defined but never used.  no-unused-vars

./src/app/dashboard/list_Property/edit_property/components/Amenities.js
1:17  Warning: 'useState' is defined but never used.  no-unused-vars
14:3  Warning: 'amenitiesPicked' is defined but never used.  no-unused-vars
18:9  Warning: 'handleCheckboxChange' is assigned a value but never used.  no-unused-vars
86:23  Warning: Unknown property 'stroke-width' found, use 'strokeWidth' instead  react/no-unknown-property
89:25  Warning: Unknown property 'fill-rule' found, use 'fillRule' instead  react/no-unknown-property
91:25  Warning: Unknown property 'clip-rule' found, use 'clipRule' instead  react/no-unknown-property

./src/app/dashboard/list_Property/edit_property/components/contactInfo.js
35:42  Warning: 'key' is defined but never used.  no-unused-vars
49:4  Warning: React Hook useEffect has a missing dependency: 'setData'. Either include it or remove the dependency array. If 'setData' changes too often, find the parent component that defines it and wrap that definition in useCallback.  react-hooks/exhaustive-deps

./src/app/dashboard/list_Property/edit_property/components/paymentDetails.js
177:29  Warning: 'e' is defined but never used.  no-unused-vars
178:28  Warning: 'e' is defined but never used.  no-unused-vars
221:29  Warning: 'e' is defined but never used.  no-unused-vars
226:28  Warning: 'e' is defined but never used.  no-unused-vars
267:29  Warning: 'e' is defined but never used.  no-unused-vars
272:28  Warning: 'e' is defined but never used.  no-unused-vars
336:19  Warning: Unknown property 'stroke-width' found, use 'strokeWidth' instead  react/no-unknown-property
339:21  Warning: Unknown property 'fill-rule' found, use 'fillRule' instead  react/no-unknown-property
341:21  Warning: Unknown property 'clip-rule' found, use 'clipRule' instead  react/no-unknown-property
438:29  Warning: 'e' is defined but never used.  no-unused-vars
452:28  Warning: 'e' is defined but never used.  no-unused-vars

./src/app/dashboard/list_Property/edit_property/components/PhotoDetails.js
4:10  Warning: 'toast' is defined but never used.  no-unused-vars
9:3  Warning: 'updatePropertyOtherPhoto' is defined but never used.  no-unused-vars
11:8  Warning: 'pic' is defined but never used.  no-unused-vars
88:6  Warning: React Hook useEffect has missing dependencies: 'initialHouses' and 'setData'. Either include them or remove the dependency array. If 'setData' changes too often, find the parent component that defines it and wrap that definition in useCallback.  react-hooks/exhaustive-deps
119:29  Warning: 'e' is defined but never used.  no-unused-vars
189:16  Warning: 'res' is defined but never used.  no-unused-vars
192:17  Warning: 'error' is defined but never used.  no-unused-vars
206:16  Warning: 'res' is defined but never used.  no-unused-vars
210:17  Warning: 'error' is defined but never used.  no-unused-vars
232:21  Warning: Unknown property 'for' found, use 'htmlFor' instead  react/no-unknown-property
243:23  Warning: Unknown property 'enctype' found, use 'encType' instead  react/no-unknown-property
336:19  Warning: Unknown property 'for' found, use 'htmlFor' instead  react/no-unknown-property
352:25  Warning: Unknown property 'enctype' found, use 'encType' instead  react/no-unknown-property
472:27  Warning: 'e' is defined but never used.  no-unused-vars
507:27  Warning: 'e' is defined but never used.  no-unused-vars

./src/app/dashboard/list_Property/edit_property/components/propertyForms.js
4:26  Warning: 'toast' is defined but never used.  no-unused-vars
30:10  Warning: 'formII' is assigned a value but never used.  no-unused-vars
30:18  Warning: 'setFormDataII' is assigned a value but never used.  no-unused-vars

./src/app/dashboard/list_Property/edit_property/components/propertyInfos.js
39:10  Warning: 'amenities' is assigned a value but never used.  no-unused-vars
41:10  Warning: 'selectedAmenities' is assigned a value but never used.  no-unused-vars
88:6  Warning: React Hook useEffect has missing dependencies: 'setData' and 'setSaveUpdate'. Either include them or remove the dependency array. If 'setSaveUpdate' changes too often, find the parent component that defines it and wrap that definition in useCallback.  react-hooks/exhaustive-deps
161:25  Warning: 'e' is defined but never used.  no-unused-vars
228:29  Warning: 'e' is defined but never used.  no-unused-vars
250:29  Warning: 'e' is defined but never used.  no-unused-vars
308:27  Warning: 'e' is defined but never used.  no-unused-vars
409:27  Warning: 'e' is defined but never used.  no-unused-vars
555:19  Warning: 'e' is defined but never used.  no-unused-vars
575:7  Warning: 'propertyTypeValues' is assigned a value but never used.  no-unused-vars
647:7  Warning: 'propertyStatus' is assigned a value but never used.  no-unused-vars

./src/app/dashboard/list_Property/edit_property/[id]/page.js
21:6  Warning: React Hook useEffect has a missing dependency: 'propertyData'. Either include it or remove the dependency array.  react-hooks/exhaustive-deps

./src/app/dashboard/list_Property/PreviewProperty/ownersCard.js
9:10  Warning: 'copiedState' is assigned a value but never used.  no-unused-vars
9:23  Warning: 'setCopiedState' is assigned a value but never used.  no-unused-vars
16:9  Warning: 'whatsApp' is assigned a value but never used.  no-unused-vars

./src/app/dashboard/list_Property/PreviewProperty/ViewProperty.js
505:7  Warning: 'amenities' is assigned a value but never used.  no-unused-vars

./src/app/dashboard/list_Property/Profile/components/businessInfo.js
4:10  Warning: 'ThreeDots' is defined but never used.  no-unused-vars
14:54  Warning: 'mainSavedButton' is defined but never used.  no-unused-vars
24:28  Warning: 'setUploadIntervalID' is assigned a value but never used.  no-unused-vars
31:10  Warning: 'otherLinksData' is assigned a value but never used.  no-unused-vars
31:26  Warning: 'setOtherLinksData' is assigned a value but never used.  no-unused-vars
38:10  Warning: 'whatsappFormatted' is assigned a value but never used.  no-unused-vars
38:29  Warning: 'setWhatsAppFormatted' is assigned a value but never used.  no-unused-vars
42:10  Warning: 'isFocus' is assigned a value but never used.  no-unused-vars
203:6  Warning: React Hook useEffect has a missing dependency: 'socialMedia'. Either include it or remove the dependency array.  react-hooks/exhaustive-deps
313:9  Warning: 'cancelUpload' is assigned a value but never used.  no-unused-vars
644:31  Warning: 'e' is defined but never used.  no-unused-vars

./src/app/dashboard/list_Property/Profile/components/changePassword.js
136:15  Warning: Unknown property 'for' found, use 'htmlFor' instead  react/no-unknown-property
179:15  Warning: Unknown property 'for' found, use 'htmlFor' instead  react/no-unknown-property
221:15  Warning: Unknown property 'for' found, use 'htmlFor' instead  react/no-unknown-property

./src/app/dashboard/list_Property/Profile/components/personalInfo.js
13:17  Warning: 'setError' is assigned a value but never used.  no-unused-vars
17:10  Warning: 'whatsApp' is assigned a value but never used.  no-unused-vars
18:29  Warning: 'setWhatsAppFormatted' is assigned a value but never used.  no-unused-vars

./src/app/dashboard/list_Property/Profile/components/SubscriptionInfo.js
1:27  Warning: 'useLayoutEffect' is defined but never used.  no-unused-vars
4:8  Warning: 'PromotionHooks' is defined but never used.  no-unused-vars
10:10  Warning: 'isLoading' is assigned a value but never used.  no-unused-vars
16:11  Warning: 'isPending' is assigned a value but never used.  no-unused-vars
16:22  Warning: 'refetch' is assigned a value but never used.  no-unused-vars
59:19  Warning: 'response' is defined but never used.  no-unused-vars

./src/app/dashboard/list_Property/Profile/page.js
35:10  Warning: 'typeOfAction' is assigned a value but never used.  no-unused-vars

./src/app/dashboard/list_Property/properties/component/listedProperty.js
43:10  Warning: 'isLoading2' is assigned a value but never used.  no-unused-vars
50:9  Warning: 'endIndex' is assigned a value but never used.  no-unused-vars

./src/app/dashboard/list_Property/properties/page.js
33:10  Warning: 'statusName' is assigned a value but never used.  no-unused-vars
123:6  Warning: React Hook useEffect has a missing dependency: 'fetchProfile'. Either include it or remove the dependency array.  react-hooks/exhaustive-deps

./src/app/dashboard/property-owner/letterHead/page.js
2:8  Warning: 'LetterHeadII' is defined but never used.  no-unused-vars
3:8  Warning: 'LetterHeadIII' is defined but never used.  no-unused-vars

./src/app/dashboard/security/access-records/page.js
2:27  Warning: 'useContext' is defined but never used.  no-unused-vars
10:26  Warning: 'params' is defined but never used.  no-unused-vars
11:16  Warning: 'setData' is assigned a value but never used.  no-unused-vars

./src/app/dashboard/security/components/DropDown.js
81:6  Warning: React Hook useEffect has a missing dependency: 'handleCloseDropdowns'. Either include it or remove the dependency array.  react-hooks/exhaustive-deps

./src/app/dashboard/security/components/header.js
18:9  Warning: 'handleToggleMenu' is assigned a value but never used.  no-unused-vars
22:9  Warning: 'handleToggleMenuTwo' is assigned a value but never used.  no-unused-vars
30:6  Warning: React Hook useEffect has a missing dependency: 'fetchData'. Either include it or remove the dependency array.  react-hooks/exhaustive-deps

./src/app/dashboard/security/components/imageModal.js
41:6  Warning: React Hook useEffect has missing dependencies: 'goToNextImage' and 'goToPreviousImage'. Either include them or remove the dependency array.  react-hooks/exhaustive-deps

./src/app/dashboard/security/components/mobile_header.js
20:6  Warning: React Hook useEffect has a missing dependency: 'fetchData'. Either include it or remove the dependency array.  react-hooks/exhaustive-deps

./src/app/dashboard/security/components/popUpMenuAlert.js
57:16  Warning: 'setData' is assigned a value but never used.  no-unused-vars

./src/app/dashboard/security/Profile/components/changePassword.js
73:24  Warning: 'upDateddata' is assigned a value but never used.  no-unused-vars
115:9  Warning: 'handleUpdate' is assigned a value but never used.  no-unused-vars
135:20  Warning: Unknown property 'for' found, use 'htmlFor' instead  react/no-unknown-property
175:20  Warning: Unknown property 'for' found, use 'htmlFor' instead  react/no-unknown-property
212:20  Warning: Unknown property 'for' found, use 'htmlFor' instead  react/no-unknown-property

./src/app/dashboard/security/Profile/components/personalInfo.js
14:17  Warning: 'setError' is assigned a value but never used.  no-unused-vars

./src/app/dashboard/security/Profile/page.js
98:38  Warning: 'typeOfAction' is defined but never used.  no-unused-vars

./src/app/dashboard/tenant/dashboard/component/dashboard.js
10:8  Warning: 'Loading' is defined but never used.  no-unused-vars

./src/app/dashboard/tenant/dashboard/component/maintenance/card.js
8:28  Warning: 'useState' is defined but never used.  no-unused-vars
11:17  Warning: 'loading' is assigned a value but never used.  no-unused-vars
15:6  Warning: React Hook useEffect has a missing dependency: 'fetchData'. Either include it or remove the dependency array.  react-hooks/exhaustive-deps

./src/app/dashboard/tenant/dashboard/component/rent-second/rentSecond.js
8:24  Warning: 'loading' is assigned a value but never used.  no-unused-vars
12:4  Warning: React Hook useEffect has a missing dependency: 'fetchData'. Either include it or remove the dependency array.  react-hooks/exhaustive-deps

./src/app/document-generation/page.js
25:8  Warning: 'Close' is defined but never used.  no-unused-vars
82:54  Warning: 'loadingProfile' is assigned a value but never used.  no-unused-vars
136:8  Warning: React Hook useEffect has missing dependencies: 'fetchEnterprisePlans' and 'fetchProfileData'. Either include them or remove the dependency array.  react-hooks/exhaustive-deps

./src/app/enterprise/page.js
8:8  Warning: 'Contact' is defined but never used.  no-unused-vars
9:8  Warning: 'ContactCard' is defined but never used.  no-unused-vars
16:11  Warning: 'isLoggedIn' is assigned a value but never used.  no-unused-vars

./src/app/forgetpassword/resetpassword/ResetPasswordClient.js
22:20  Warning: 'setSuccPass' is assigned a value but never used.  no-unused-vars

./src/app/know-tenant/components/dropDown.js
6:59  Warning: 'register' is assigned a value but never used.  no-unused-vars

./src/app/know-tenant/components/guarantors.js
12:32  Warning: 'setOpenSaveModal' is defined but never used.  no-unused-vars
12:69  Warning: 'register' is defined but never used.  no-unused-vars
116:7  Warning: React Hook React.useEffect has missing dependencies: 'firstGuarantorFile', 'firstGuarantorIdCard', 'secondGuarantorFile', and 'secondGuarantorIdCard'. Either include them or remove the dependency array.  react-hooks/exhaustive-deps

./src/app/know-tenant/components/inputField.js
5:106  Warning: 'register' is assigned a value but never used.  no-unused-vars

./src/app/know-tenant/components/multiStepForm.js
35:21  Warning: 'handleSubmit' is assigned a value but never used.  no-unused-vars

./src/app/know-tenant/components/occupantDetails.js
7:46  Warning: 'onSubmit' is defined but never used.  no-unused-vars
35:51  Warning: 'index' is defined but never used.  no-unused-vars

./src/app/know-tenant/components/occupantInput.js
32:9  Warning: 'formattedLabel' is assigned a value but never used.  no-unused-vars

./src/app/know-tenant/components/personalInfo.js
4:10  Warning: 'chooseState' is defined but never used.  no-unused-vars
13:43  Warning: 'onSubmit' is defined but never used.  no-unused-vars
15:19  Warning: 'setEmail' is assigned a value but never used.  no-unused-vars
108:8  Warning: React Hook React.useEffect has a missing dependency: 'selectedCountry'. Either include it or remove the dependency array.  react-hooks/exhaustive-deps

./src/app/know-tenant/components/spouseNextKin.js
6:44  Warning: 'onSubmit' is defined but never used.  no-unused-vars

./src/app/know-tenant/components/tenantVerification.js
2:8  Warning: 'AccountInfo' is defined but never used.  no-unused-vars
6:8  Warning: 'LoadingII' is defined but never used.  no-unused-vars
14:92  Warning: 'register' is defined but never used.  no-unused-vars
14:102  Warning: 'setFormData' is defined but never used.  no-unused-vars
15:11  Warning: 'router' is assigned a value but never used.  no-unused-vars
17:28  Warning: 'loadingP' is assigned a value but never used.  no-unused-vars
23:8  Warning: React Hook React.useEffect has missing dependencies: 'fetchData' and 'fetchDataP'. Either include them or remove the dependency array.  react-hooks/exhaustive-deps

./src/app/landlord/page.js
6:8  Warning: 'Contact' is defined but never used.  no-unused-vars
7:8  Warning: 'ContactCard' is defined but never used.  no-unused-vars
14:11  Warning: 'isLoggedIn' is assigned a value but never used.  no-unused-vars

./src/app/layout.js
264:11  Warning: Using `<img>` could result in slower LCP and higher bandwidth. Consider using `<Image />` from `next/image` to automatically optimize images. This may incur additional usage or cost from your provider. See: https://nextjs.org/docs/messages/no-img-element  @next/next/no-img-element

./src/app/login/components/LoginComponent.js
19:8  Warning: 'Image' is defined but never used.  no-unused-vars
39:9  Warning: 'handleGoogleSignIn' is assigned a value but never used.  no-unused-vars
94:31  Warning: 'responseEmail' is assigned a value but never used.  no-unused-vars
166:9  Warning: 'handleLoginSuccess' is assigned a value but never used.  no-unused-vars

./src/app/plan/list-property/page.js
6:8  Warning: 'Cookies' is defined but never used.  no-unused-vars
7:8  Warning: 'Link' is defined but never used.  no-unused-vars
10:10  Warning: 'ThreeDots' is defined but never used.  no-unused-vars
25:11  Warning: 'inputRef' is assigned a value but never used.  no-unused-vars
27:12  Warning: 'businessCertificateUpload' is assigned a value but never used.  no-unused-vars
29:12  Warning: 'progress' is assigned a value but never used.  no-unused-vars
30:12  Warning: 'busCertSuccess' is assigned a value but never used.  no-unused-vars
31:30  Warning: 'setUploadIntervalID' is assigned a value but never used.  no-unused-vars
32:12  Warning: 'errorMsg' is assigned a value but never used.  no-unused-vars
33:12  Warning: 'errorMsg2' is assigned a value but never used.  no-unused-vars
37:12  Warning: 'formError' is assigned a value but never used.  no-unused-vars
38:12  Warning: 'isLoading' is assigned a value but never used.  no-unused-vars
52:30  Warning: 'isValid' is assigned a value but never used.  no-unused-vars
56:11  Warning: 'handleBusinessCertificate' is assigned a value but never used.  no-unused-vars
72:11  Warning: 'UploadBusCertificate' is assigned a value but never used.  no-unused-vars
95:11  Warning: 'cancelUpload' is assigned a value but never used.  no-unused-vars
115:11  Warning: 'viewFile' is assigned a value but never used.  no-unused-vars
123:11  Warning: 'uploadBusinessCertificate' is assigned a value but never used.  no-unused-vars
128:11  Warning: 'handleImageUpload' is assigned a value but never used.  no-unused-vars
150:11  Warning: 'handleImageRemove' is assigned a value but never used.  no-unused-vars

./src/app/plan/manage-property/page.js
8:8  Warning: 'useBodyScroll' is defined but never used.  no-unused-vars

./src/app/plan/tenant-management/page.js
4:8  Warning: 'Popup' is defined but never used.  no-unused-vars
19:18  Warning: 'setEstate' is assigned a value but never used.  no-unused-vars
25:10  Warning: 'showPopup' is assigned a value but never used.  no-unused-vars
25:21  Warning: 'setShowPopup' is assigned a value but never used.  no-unused-vars
26:10  Warning: 'inputValue' is assigned a value but never used.  no-unused-vars
27:10  Warning: 'estatesData' is assigned a value but never used.  no-unused-vars
33:9  Warning: 'handleSelect' is assigned a value but never used.  no-unused-vars

./src/app/privacy-policy/page.js
4:8  Warning: 'Link' is defined but never used.  no-unused-vars

./src/app/property-management/page.js
15:11  Warning: 'isLoggedIn' is assigned a value but never used.  no-unused-vars

./src/app/property-owner-account-creation/(ownerAccount)/(form)/components/personalInfo.js
2:8  Warning: 'BashedEye' is defined but never used.  no-unused-vars
3:8  Warning: 'Eye' is defined but never used.  no-unused-vars
4:8  Warning: 'Image' is defined but never used.  no-unused-vars
5:8  Warning: 'Link' is defined but never used.  no-unused-vars

./src/app/property-owner-account-creation/(ownerAccount)/(form)/ownerLoginForm.js
2:17  Warning: 'useState' is defined but never used.  no-unused-vars
5:8  Warning: 'Image' is defined but never used.  no-unused-vars
7:27  Warning: 'closeForm' is defined but never used.  no-unused-vars

./src/app/property-owner-account-creation/(ownerAccount)/(form)/widget.js
44:26  Warning: 'upDateddata' is assigned a value but never used.  no-unused-vars

./src/app/property-owner-account-creation/(ownerAccount)/accept.js
4:10  Warning: 'useRouter' is defined but never used.  no-unused-vars
64:6  Warning: React Hook useEffect has missing dependencies: 'email', 'invitation', 'role', 'userExists', and 'validUser'. Either include them or remove the dependency array.  react-hooks/exhaustive-deps

./src/app/register/components/RegisterComponent.js
7:26  Warning: 'toast' is defined but never used.  no-unused-vars
17:8  Warning: 'Image' is defined but never used.  no-unused-vars
18:18  Warning: 'useSession' is defined but never used.  no-unused-vars
18:30  Warning: 'signOut' is defined but never used.  no-unused-vars
33:9  Warning: 'handleGoogleSignIn' is assigned a value but never used.  no-unused-vars
38:9  Warning: 'fromGoogle' is assigned a value but never used.  no-unused-vars

./src/app/second-invite-landlord/page.js
49:6  Warning: React Hook useEffect has missing dependencies: 'email', 'invitation', 'role', 'userExists', and 'validUser'. Either include them or remove the dependency array.  react-hooks/exhaustive-deps
51:31  Warning: 'e' is defined but never used.  no-unused-vars
55:26  Warning: 'upDateddata' is assigned a value but never used.  no-unused-vars
75:26  Warning: 'upDateddata' is assigned a value but never used.  no-unused-vars

./src/app/subscriptionPlans/components/MobilePlan.js
8:3  Warning: 'handleSelectPlan' is defined but never used.  no-unused-vars

./src/app/subscriptionPlans/components/PayMentModal.js
54:21  Warning: 'cancelResponse' is defined but never used.  no-unused-vars

./src/app/subscriptionPlans/pricingPlan.js
4:8  Warning: 'Link' is defined but never used.  no-unused-vars
30:26  Warning: 'loading' is assigned a value but never used.  no-unused-vars

./src/app/tenant/page.js
6:8  Warning: 'Contact' is defined but never used.  no-unused-vars
7:8  Warning: 'ContactCard' is defined but never used.  no-unused-vars
14:11  Warning: 'isLoggedIn' is assigned a value but never used.  no-unused-vars

./src/app/tenant-creation/(tenantAccount)/(form)/tenantLoginForm.js
2:17  Warning: 'useState' is defined but never used.  no-unused-vars

./src/app/tenant-creation/(tenantAccount)/accept.js
4:26  Warning: 'toast' is defined but never used.  no-unused-vars
30:6  Warning: React Hook useEffect has missing dependencies: 'tenantEmail' and 'tenantFullName'. Either include them or remove the dependency array.  react-hooks/exhaustive-deps

./src/app/verify-email/page.js
31:11  Warning: 'profile' is assigned a value but never used.  no-unused-vars

./src/auth.js
21:37  Warning: 'profile' is defined but never used.  no-unused-vars

./src/components/auth/dateFooter.js
13:8  Warning: React Hook React.useEffect has a missing dependency: 'currentYear'. Either include it or remove the dependency array.  react-hooks/exhaustive-deps

./src/components/auth/slider.js
47:6  Warning: React Hook React.useEffect has a missing dependency: 'currentYear'. Either include it or remove the dependency array.  react-hooks/exhaustive-deps

./src/components/auth/withAuth.js
19:12  Warning: React Hook useLayoutEffect has a missing dependency: 'setTab'. Either include it or remove the dependency array.  react-hooks/exhaustive-deps

./src/components/icons/addressReceipt.js
8:20  Warning: Unknown property 'clip-path' found, use 'clipPath' instead  react/no-unknown-property
9:3535  Warning: Unknown property 'stroke-width' found, use 'strokeWidth' instead  react/no-unknown-property

./src/components/icons/arrowDownWhite.js
7:141  Warning: Unknown property 'stroke-width' found, use 'strokeWidth' instead  react/no-unknown-property
7:160  Warning: Unknown property 'stroke-miterlimit' found, use 'strokeMiterlimit' instead  react/no-unknown-property
7:183  Warning: Unknown property 'stroke-linecap' found, use 'strokeLinecap' instead  react/no-unknown-property
7:206  Warning: Unknown property 'stroke-linejoin' found, use 'strokeLinejoin' instead  react/no-unknown-property

./src/components/icons/arrowLeftII.js
12:17  Warning: Unknown property 'class' found, use 'className' instead  react/no-unknown-property

./src/components/icons/arrowProfile.js
7:157  Warning: Unknown property 'stroke-linejoin' found, use 'strokeLinejoin' instead  react/no-unknown-property

./src/components/icons/bulkUploadMobile.js
8:91  Warning: Unknown property 'stroke-dasharray' found, use 'strokeDasharray' instead  react/no-unknown-property
9:721  Warning: Unknown property 'stroke-width' found, use 'strokeWidth' instead  react/no-unknown-property
9:738  Warning: Unknown property 'stroke-linecap' found, use 'strokeLinecap' instead  react/no-unknown-property
9:761  Warning: Unknown property 'stroke-linejoin' found, use 'strokeLinejoin' instead  react/no-unknown-property

./src/components/icons/businessAlert.js
8:83  Warning: Unknown property 'stroke-width' found, use 'strokeWidth' instead  react/no-unknown-property

./src/components/icons/dashboard/accessRecord.js
3:67  Warning: 'height' is assigned a value but never used.  no-unused-vars
3:82  Warning: 'width' is assigned a value but never used.  no-unused-vars

./src/components/icons/dashboard/logout.js
3:17  Warning: 'z' is defined but never used.  no-unused-vars

./src/components/icons/dashboardMobile/logout.js
3:17  Warning: 'z' is defined but never used.  no-unused-vars

./src/components/icons/deleteIcon.js
6:189  Warning: Unknown property 'stroke-Linejoin' found  react/no-unknown-property
9:104  Warning: Unknown property 'stroke-Linejoin' found  react/no-unknown-property
10:107  Warning: Unknown property 'stroke-Linejoin' found  react/no-unknown-property

./src/components/icons/docuDownload.js
7:81  Warning: Unknown property 'strokewidth' found, use 'strokeWidth' instead  react/no-unknown-property

./src/components/icons/filterIconBlue.js
6:522  Warning: Unknown property 'stroke-width' found, use 'strokeWidth' instead  react/no-unknown-property

./src/components/icons/homz.js
6:110  Warning: Unknown property 'xmlns:xlink' found  react/no-unknown-property
15:30  Warning: Unknown property 'xlink:href' found, use 'xlinkHref' instead  react/no-unknown-property
17:74  Warning: Unknown property 'xlink:href' found, use 'xlinkHref' instead  react/no-unknown-property

./src/components/icons/miniAvatar.js
6:3369  Warning: Unknown property 'stroke-width' found, use 'strokeWidth' instead  react/no-unknown-property
7:9858  Warning: Unknown property 'stroke-width' found, use 'strokeWidth' instead  react/no-unknown-property

./src/components/icons/notiTenant.js
8:85  Warning: Unknown property 'shape-rendering' found, use 'shapeRendering' instead  react/no-unknown-property
13:119  Warning: Unknown property 'color-interpolation-filters' found, use 'colorInterpolationFilters' instead  react/no-unknown-property
14:34  Warning: Unknown property 'flood-opacity' found, use 'floodOpacity' instead  react/no-unknown-property

./src/components/icons/reminder.js
8:138  Warning: Unknown property 'strokewidth' found, use 'strokeWidth' instead  react/no-unknown-property

./src/components/icons/rightOrangeArrow.js
6:81  Warning: Unknown property 'strokewidth' found, use 'strokeWidth' instead  react/no-unknown-property
6:103  Warning: Unknown property 'strokemiterlimit' found, use 'strokeMiterlimit' instead  react/no-unknown-property
6:125  Warning: Unknown property 'strokelinecap' found, use 'strokeLinecap' instead  react/no-unknown-property
6:147  Warning: Unknown property 'strokelinejoin' found, use 'strokeLinejoin' instead  react/no-unknown-property
7:50  Warning: Unknown property 'strokewidth' found, use 'strokeWidth' instead  react/no-unknown-property
7:72  Warning: Unknown property 'strokemiterlimit' found, use 'strokeMiterlimit' instead  react/no-unknown-property
7:94  Warning: Unknown property 'strokelinecap' found, use 'strokeLinecap' instead  react/no-unknown-property
7:116  Warning: Unknown property 'strokelinejoin' found, use 'strokeLinejoin' instead  react/no-unknown-property

./src/components/icons/update.js
7:368  Warning: Unknown property 'stroke-width' found, use 'strokeWidth' instead  react/no-unknown-property
8:110  Warning: Unknown property 'stroke-width' found, use 'strokeWidth' instead  react/no-unknown-property
9:60  Warning: Unknown property 'stroke-width' found, use 'strokeWidth' instead  react/no-unknown-property

./src/components/icons/uploadBulk.js
9:728  Warning: Unknown property 'stroke-width' found, use 'strokeWidth' instead  react/no-unknown-property
9:745  Warning: Unknown property 'stroke-linecap' found, use 'strokeLinecap' instead  react/no-unknown-property
9:768  Warning: Unknown property 'stroke-linejoin' found, use 'strokeLinejoin' instead  react/no-unknown-property

./src/components/layout/Header.js
42:6  Warning: React Hook useEffect has a missing dependency: 'fetchData'. Either include it or remove the dependency array.  react-hooks/exhaustive-deps
80:6  Warning: React Hook useEffect has missing dependencies: 'fetchProfile' and 'profile'. Either include them or remove the dependency array.  react-hooks/exhaustive-deps

./src/components/mainmenu/extraDetails.js
5:39  Warning: 'additionalDetails' is defined but never used.  no-unused-vars

./src/components/mainmenu/imageModal.js
41:6  Warning: React Hook useEffect has missing dependencies: 'goToNextImage' and 'goToPreviousImage'. Either include them or remove the dependency array.  react-hooks/exhaustive-deps

./src/components/mainmenu/listing.js
3:8  Warning: 'Image' is defined but never used.  no-unused-vars

./src/components/mainmenu/menuItems.js
1:17  Warning: 'useEffect' is defined but never used.  no-unused-vars
2:10  Warning: 'useFormContext' is defined but never used.  no-unused-vars
20:3  Warning: 'selectedClicked' is defined but never used.  no-unused-vars

./src/components/mainmenu/miniPropertyListings.js
11:3  Warning: 'padding' is defined but never used.  no-unused-vars
19:6  Warning: React Hook React.useEffect has a missing dependency: 'fetchOtherProperties'. Either include it or remove the dependency array.  react-hooks/exhaustive-deps

./src/components/mainmenu/propertyRequest.js
4:8  Warning: 'capitalizeFirstLetter' is defined but never used.  no-unused-vars
54:37  Warning: 'list' is defined but never used.  no-unused-vars
149:26  Warning: 'isValid' is assigned a value but never used.  no-unused-vars
162:21  Warning: 'data' is defined but never used.  no-unused-vars

./src/components/shared/SearchParamsWrapper.js
5:9  Warning: 'searchParams' is assigned a value but never used.  no-unused-vars

./src/hooks/usePropertyAction.js
10:5  Warning: 'getListingTypeFromPath' is defined but never used.  no-unused-vars

./src/pages/aboutUs/Meet.js
2:8  Warning: 'Image' is defined but never used.  no-unused-vars
6:9  Warning: 'Data' is assigned a value but never used.  no-unused-vars

./src/pages/contactPage/ContactDoc.js
5:8  Warning: 'axios' is defined but never used.  no-unused-vars
377:15  Warning: Unknown property 'fullWidth' found  react/no-unknown-property

./src/pages/dashboard/enterprise/components/confirmModalI.js
1:8  Warning: 'Image' is defined but never used.  no-unused-vars

./src/pages/dashboard/enterprise/components/dropDownFilter.js
3:8  Warning: 'Image' is defined but never used.  no-unused-vars

./src/pages/dashboard/enterprise/components/statusDropDown.js
4:17  Warning: 'useState' is defined but never used.  no-unused-vars
4:27  Warning: 'useEffect' is defined but never used.  no-unused-vars
7:3  Warning: 'data' is assigned a value but never used.  no-unused-vars
15:3  Warning: 'dropdownRef' is defined but never used.  no-unused-vars

./src/pages/dashboard/enterprise/dashboard/components/estatecard/card.js
1:8  Warning: 'VideoModal' is defined but never used.  no-unused-vars
7:9  Warning: 'videoUrl' is assigned a value but never used.  no-unused-vars

./src/pages/dashboard/enterprise/dashboard/components/maintenance/card.js
9:20  Warning: 'loading' is assigned a value but never used.  no-unused-vars
14:6  Warning: React Hook useEffect has a missing dependency: 'fetchData'. Either include it or remove the dependency array.  react-hooks/exhaustive-deps

./src/pages/dashboard/enterprise/dashboard/components/tenants/card.js
10:24  Warning: 'statsData' is defined but never used.  no-unused-vars
11:17  Warning: 'loading' is assigned a value but never used.  no-unused-vars
15:6  Warning: React Hook useEffect has a missing dependency: 'fetchData'. Either include it or remove the dependency array.  react-hooks/exhaustive-deps

./src/pages/dashboard/enterprise/dashboard/dashboard.js
20:20  Warning: 'EffectFade' is defined but never used.  no-unused-vars
49:14  Warning: 'profileLoading' is assigned a value but never used.  no-unused-vars
54:14  Warning: 'statsLoading' is assigned a value but never used.  no-unused-vars
60:14  Warning: 'revLoading' is assigned a value but never used.  no-unused-vars
72:6  Warning: React Hook useEffect has missing dependencies: 'fetchEnterprisePlans', 'fetchProfileData', 'fetchRevData', and 'fetchStatsData'. Either include them or remove the dependency array.  react-hooks/exhaustive-deps

./src/pages/dashboard/enterprise/documentGeneration/components/agreementForm.js
20:10  Warning: 'DayPicker' is defined but never used.  no-unused-vars
28:20  Warning: 'setErrors' is assigned a value but never used.  no-unused-vars

./src/pages/dashboard/enterprise/documentGeneration/components/customInformation.js
1:17  Warning: 'useState' is defined but never used.  no-unused-vars

./src/pages/dashboard/enterprise/documentGeneration/components/dropDownBlue.js
82:13  Warning: 'handleSaveAsWord' is assigned a value but never used.  no-unused-vars

./src/pages/dashboard/enterprise/documentGeneration/components/filterMobile.js
6:63  Warning: 'reset' is defined but never used.  no-unused-vars

./src/pages/dashboard/enterprise/documentGeneration/components/popUp.js
3:8  Warning: 'DownloadGray' is defined but never used.  no-unused-vars

./src/pages/dashboard/enterprise/documentGeneration/components/widget.js
36:11  Warning: 'handlePageChangeFour' is assigned a value but never used.  no-unused-vars
39:11  Warning: 'handleSubmit' is assigned a value but never used.  no-unused-vars

./src/pages/dashboard/enterprise/documentGeneration/documentGeneration.js
3:8  Warning: 'Dropdown' is defined but never used.  no-unused-vars
23:8  Warning: 'DateDotNowInHomz' is defined but never used.  no-unused-vars
46:52  Warning: 'loadingProfile' is assigned a value but never used.  no-unused-vars
50:20  Warning: 'FormName' is assigned a value but never used.  no-unused-vars
54:9  Warning: 'option' is assigned a value but never used.  no-unused-vars
63:10  Warning: 'searchQuery' is assigned a value but never used.  no-unused-vars
63:23  Warning: 'setSearchQuery' is assigned a value but never used.  no-unused-vars
71:10  Warning: 'dataState' is assigned a value but never used.  no-unused-vars
71:21  Warning: 'setDataState' is assigned a value but never used.  no-unused-vars
72:10  Warning: 'pdfData' is assigned a value but never used.  no-unused-vars
72:19  Warning: 'setPdfData' is assigned a value but never used.  no-unused-vars
80:5  Warning: 'limit' is assigned a value but never used.  no-unused-vars
84:5  Warning: 'totalCounts' is assigned a value but never used.  no-unused-vars
180:9  Warning: 'openMobileFilterModal' is assigned a value but never used.  no-unused-vars
209:6  Warning: React Hook useEffect has missing dependencies: 'openPurchasePlan', 'reachedLimit?.expiredPlan', 'user?.planName', and 'user?.trialEndDate'. Either include them or remove the dependency array. You can also do a functional update 'setOpenPurchasePlan(o => ...)' if you only need 'openPurchasePlan' in the 'setOpenPurchasePlan' call.  react-hooks/exhaustive-deps
280:9  Warning: 'handleSaveAsWord' is assigned a value but never used.  no-unused-vars
341:6  Warning: React Hook useEffect has missing dependencies: 'fetchEnterprisePlans' and 'fetchProfileData'. Either include them or remove the dependency array.  react-hooks/exhaustive-deps

./src/pages/dashboard/enterprise/estates/components/card.js
11:3  Warning: 'value5' is defined but never used.  no-unused-vars
14:3  Warning: 'Image3' is defined but never used.  no-unused-vars
18:3  Warning: 'popUpMenu' is defined but never used.  no-unused-vars

./src/pages/dashboard/enterprise/estates/components/fileUpload.js
16:13  Warning: 'response' is assigned a value but never used.  no-unused-vars

./src/pages/dashboard/enterprise/estates/components/homeCard.js
34:6  Warning: React Hook useEffect has missing dependencies: 'fetchEnterprisePlans' and 'fetchProfileData'. Either include them or remove the dependency array.  react-hooks/exhaustive-deps

./src/pages/dashboard/enterprise/estates/components/imageUpload.js
5:73  Warning: 'file' is defined but never used.  no-unused-vars

./src/pages/dashboard/enterprise/estates/components/maintenanceCard.js
4:8  Warning: 'useMaintenanceTenantOfAnEstate' is defined but never used.  no-unused-vars
37:6  Warning: React Hook useEffect has a missing dependency: 'ids'. Either include it or remove the dependency array.  react-hooks/exhaustive-deps

./src/pages/dashboard/enterprise/estates/components/popUpMenu.js
10:8  Warning: 'Image' is defined but never used.  no-unused-vars
24:10  Warning: 'Router' is defined but never used.  no-unused-vars

./src/pages/dashboard/enterprise/estates/components/popUpMenuDoc.js
13:13  Warning: 'response' is assigned a value but never used.  no-unused-vars

./src/pages/dashboard/enterprise/estates/components/revCard.js
17:6  Warning: React Hook useEffect has missing dependencies: 'fetchData' and 'id'. Either include them or remove the dependency array.  react-hooks/exhaustive-deps

./src/pages/dashboard/enterprise/estates/dashboard/dashboard.js
15:29  Warning: 'loading' is assigned a value but never used.  no-unused-vars
26:6  Warning: React Hook useEffect has missing dependencies: 'Fetch' and 'fetchData'. Either include them or remove the dependency array.  react-hooks/exhaustive-deps

./src/pages/dashboard/enterprise/estates/estateForm/addPhotos.js
2:17  Warning: 'useState' is defined but never used.  no-unused-vars

./src/pages/dashboard/enterprise/estates/estateForm/propertyInfo.js
2:17  Warning: 'useEffect' is defined but never used.  no-unused-vars
4:8  Warning: 'DropDown' is defined but never used.  no-unused-vars

./src/pages/dashboard/enterprise/estates/estateForm/widget.js
15:9  Warning: 'router' is assigned a value but never used.  no-unused-vars
106:15  Warning: 'error' is assigned a value but never used.  no-unused-vars

./src/pages/dashboard/enterprise/estates/estateForm/widgetMobile.js
10:11  Warning: 'router' is assigned a value but never used.  no-unused-vars
101:23  Warning: 'error' is assigned a value but never used.  no-unused-vars

./src/pages/dashboard/enterprise/estates/estateInfo/components/contactInfo.js
10:24  Warning: 'handlePageChangeTwo' is defined but never used.  no-unused-vars
10:45  Warning: 'handlePageChangeFour' is defined but never used.  no-unused-vars
55:24  Warning: 'upDateddata' is assigned a value but never used.  no-unused-vars

./src/pages/dashboard/enterprise/estates/estateInfo/components/documents.js
7:3  Warning: 'deleteEstateDocSpecificUSer' is defined but never used.  no-unused-vars
20:10  Warning: 'showFileInput' is assigned a value but never used.  no-unused-vars
122:24  Warning: 'uploadedData' is assigned a value but never used.  no-unused-vars

./src/pages/dashboard/enterprise/estates/estateInfo/components/estateInfo.js
4:8  Warning: 'DropDown' is defined but never used.  no-unused-vars
5:8  Warning: 'Image' is defined but never used.  no-unused-vars
6:8  Warning: 'Loading' is defined but never used.  no-unused-vars
8:8  Warning: 'api' is defined but never used.  no-unused-vars
15:25  Warning: 'handlePageChangeTwo' is defined but never used.  no-unused-vars
17:10  Warning: 'propertySize' is assigned a value but never used.  no-unused-vars
17:24  Warning: 'setPropertySize' is assigned a value but never used.  no-unused-vars
73:24  Warning: 'upDateddata' is assigned a value but never used.  no-unused-vars

./src/pages/dashboard/enterprise/estates/estateInfo/components/photos.js
10:10  Warning: 'uploadedImage2' is assigned a value but never used.  no-unused-vars
11:10  Warning: 'uploadedImage3' is assigned a value but never used.  no-unused-vars
13:10  Warning: 'publicId' is assigned a value but never used.  no-unused-vars
14:10  Warning: 'publicId2' is assigned a value but never used.  no-unused-vars
34:9  Warning: 'handleImageUpload2' is assigned a value but never used.  no-unused-vars
44:9  Warning: 'handleImageUpload3' is assigned a value but never used.  no-unused-vars
66:24  Warning: 'updatedImage' is assigned a value but never used.  no-unused-vars

./src/pages/dashboard/enterprise/estates/estateInfo/components/selectBank.js
1:17  Warning: 'useState' is defined but never used.  no-unused-vars

./src/pages/dashboard/enterprise/estates/estateInfo/estateInfo.js
2:28  Warning: 'useState' is defined but never used.  no-unused-vars
6:8  Warning: 'api' is defined but never used.  no-unused-vars
7:10  Warning: 'fetchEstatesSpecificUSer' is defined but never used.  no-unused-vars
36:6  Warning: React Hook useEffect has missing dependencies: 'fetchData' and 'id'. Either include them or remove the dependency array.  react-hooks/exhaustive-deps

./src/pages/dashboard/enterprise/estates/estateInfo/widget.js
7:8  Warning: 'Image' is defined but never used.  no-unused-vars
10:25  Warning: 'isLoading' is defined but never used.  no-unused-vars
74:15  Warning: Unknown property 'justify-center' found  react/no-unknown-property

./src/pages/dashboard/enterprise/estates/estates.js
18:8  Warning: 'VideoModal' is defined but never used.  no-unused-vars
27:5  Warning: 'loadingProfile' is assigned a value but never used.  no-unused-vars
33:9  Warning: 'estates' is assigned a value but never used.  no-unused-vars
51:9  Warning: 'videoLink' is assigned a value but never used.  no-unused-vars
61:6  Warning: React Hook useEffect has missing dependencies: 'fetchData', 'fetchEnterprisePlans', and 'fetchProfileData'. Either include them or remove the dependency array.  react-hooks/exhaustive-deps

./src/pages/dashboard/enterprise/estates/importTenant/components/bulkInvite.js
3:8  Warning: 'Close' is defined but never used.  no-unused-vars

./src/pages/dashboard/enterprise/estates/importTenant/components/dataMapping.js
3:10  Warning: 'transformKeys' is defined but never used.  no-unused-vars
8:42  Warning: 'setImportData' is defined but never used.  no-unused-vars
12:13  Warning: 'mappedData' is assigned a value but never used.  no-unused-vars
63:8  Warning: React Hook React.useEffect has missing dependencies: 'CSVFile' and 'setMappedData'. Either include them or remove the dependency array.  react-hooks/exhaustive-deps
124:43  Warning: Unsafe usage of optional chaining. If it short-circuits with 'undefined' the evaluation will throw TypeError.  no-unsafe-optional-chaining
125:43  Warning: Unsafe usage of optional chaining. If it short-circuits with 'undefined' the evaluation will throw TypeError.  no-unsafe-optional-chaining
176:39  Warning: Unsafe usage of optional chaining. If it short-circuits with 'undefined' the evaluation will throw TypeError.  no-unsafe-optional-chaining
177:39  Warning: Unsafe usage of optional chaining. If it short-circuits with 'undefined' the evaluation will throw TypeError.  no-unsafe-optional-chaining

./src/pages/dashboard/enterprise/estates/importTenant/components/dropDown.js
3:8  Warning: 'Image' is defined but never used.  no-unused-vars
8:78  Warning: 'label' is defined but never used.  no-unused-vars

./src/pages/dashboard/enterprise/estates/importTenant/components/importSummary.js
17:9  Warning: 'withoutNameAEmail' is assigned a value but never used.  no-unused-vars
19:9  Warning: 'response' is assigned a value but never used.  no-unused-vars
43:11  Warning: 'remainingData' is assigned a value but never used.  no-unused-vars
66:8  Warning: React Hook React.useEffect has missing dependencies: 'setWithoutNameAEmail', 'setWithoutRentInfo', 'withoutEmailName', and 'withoutRentInf'. Either include them or remove the dependency array.  react-hooks/exhaustive-deps

./src/pages/dashboard/enterprise/estates/importTenant/components/singleInvite.js
16:76  Warning: 'setOpenTenantInvite' is defined but never used.  no-unused-vars
16:97  Warning: 'estateName' is defined but never used.  no-unused-vars
62:37  Warning: React Hook useCallback received a function whose dependencies are unknown. Pass an inline function instead.  react-hooks/exhaustive-deps
160:53  Warning: '_' is defined but never used.  no-unused-vars
248:8  Warning: React Hook useEffect has missing dependencies: 'validateFIrstFields' and 'validateSecondFields'. Either include them or remove the dependency array.  react-hooks/exhaustive-deps
303:8  Warning: React Hook useEffect has a missing dependency: 'addDurationToDate'. Either include it or remove the dependency array.  react-hooks/exhaustive-deps

./src/pages/dashboard/enterprise/estates/importTenant/components/uploadYourFile.js
8:10  Warning: 'transformKeys' is defined but never used.  no-unused-vars
61:8  Warning: React Hook useCallback has missing dependencies: 'estateData?._id', 'setCSVFile', and 'setEstateId'. Either include them or remove the dependency array.  react-hooks/exhaustive-deps

./src/pages/dashboard/enterprise/estates/importTenant/components/widgetBulk.js
2:10  Warning: 'toast' is defined but never used.  no-unused-vars
14:23  Warning: 'setDashboard' is assigned a value but never used.  no-unused-vars
27:11  Warning: 'handleSubmit' is assigned a value but never used.  no-unused-vars

./src/pages/dashboard/enterprise/estates/importTenant/components/withoutRentInfo.js
53:8  Warning: React Hook React.useEffect has a missing dependency: 'filterMappedDataToBeWitRentInfo'. Either include it or remove the dependency array.  react-hooks/exhaustive-deps
71:8  Warning: React Hook React.useEffect has missing dependencies: 'CSVFile' and 'setMappedData'. Either include them or remove the dependency array.  react-hooks/exhaustive-deps
143:43  Warning: Unsafe usage of optional chaining. If it short-circuits with 'undefined' the evaluation will throw TypeError.  no-unsafe-optional-chaining
144:43  Warning: Unsafe usage of optional chaining. If it short-circuits with 'undefined' the evaluation will throw TypeError.  no-unsafe-optional-chaining
195:39  Warning: Unsafe usage of optional chaining. If it short-circuits with 'undefined' the evaluation will throw TypeError.  no-unsafe-optional-chaining
196:39  Warning: Unsafe usage of optional chaining. If it short-circuits with 'undefined' the evaluation will throw TypeError.  no-unsafe-optional-chaining

./src/pages/dashboard/enterprise/estates/importTenant/inviteTenant.js
4:17  Warning: 'useState' is defined but never used.  no-unused-vars
7:25  Warning: 'id' is defined but never used.  no-unused-vars
7:29  Warning: 'setOpenTenantInvite' is defined but never used.  no-unused-vars

./src/pages/dashboard/enterprise/estates/listedEstates.js
2:17  Warning: 'useEffect' is defined but never used.  no-unused-vars
2:28  Warning: 'useState' is defined but never used.  no-unused-vars
6:8  Warning: 'Input' is defined but never used.  no-unused-vars
13:10  Warning: 'useRouter' is defined but never used.  no-unused-vars
14:8  Warning: 'useProfileEnterpriseMe' is defined but never used.  no-unused-vars
15:8  Warning: 'ExpiredPlanModal' is defined but never used.  no-unused-vars
34:3  Warning: 'selectedState' is defined but never used.  no-unused-vars
35:3  Warning: 'setSelectedState' is defined but never used.  no-unused-vars
40:3  Warning: 'options' is defined but never used.  no-unused-vars

./src/pages/dashboard/enterprise/estates/tenants/components/printableTenantsTwo.js
14:23  Warning: 'setLoadingRows' is assigned a value but never used.  no-unused-vars
17:37  Warning: 'status' is defined but never used.  no-unused-vars
17:45  Warning: 'dataId' is defined but never used.  no-unused-vars
17:53  Warning: 'id' is defined but never used.  no-unused-vars
18:27  Warning: 'dataId' is defined but never used.  no-unused-vars

./src/pages/dashboard/enterprise/estates/tenants/components/tenantsTwo.js
63:13  Warning: 'data' is assigned a value but never used.  no-unused-vars

./src/pages/dashboard/enterprise/estates/tenants/tenants.js
28:8  Warning: 'SingleInvite' is defined but never used.  no-unused-vars
39:5  Warning: 'totalCount' is assigned a value but never used.  no-unused-vars
40:5  Warning: 'estateData' is assigned a value but never used.  no-unused-vars
51:10  Warning: 'loading' is assigned a value but never used.  no-unused-vars
88:6  Warning: React Hook React.useEffect has missing dependencies: 'fetchEnterprisePlans' and 'fetchProfileData'. Either include them or remove the dependency array.  react-hooks/exhaustive-deps
164:12  Warning: Unsafe usage of optional chaining. If it short-circuits with 'undefined' the evaluation will throw TypeError.  no-unsafe-optional-chaining
182:6  Warning: React Hook React.useEffect has a missing dependency: 'setData'. Either include it or remove the dependency array.  react-hooks/exhaustive-deps
267:6  Warning: React Hook React.useEffect has a missing dependency: 'fetchData'. Either include it or remove the dependency array.  react-hooks/exhaustive-deps

./src/pages/dashboard/enterprise/header/components/popUpMenuAlert.js
4:8  Warning: 'Notification' is defined but never used.  no-unused-vars
57:16  Warning: 'setData' is assigned a value but never used.  no-unused-vars

./src/pages/dashboard/enterprise/header/header.js
50:26  Warning: 'fetchData' is assigned a value but never used.  no-unused-vars
72:9  Warning: 'daysLeft' is assigned a value but never used.  no-unused-vars

./src/pages/dashboard/enterprise/maintenance/components/filter.js
3:17  Warning: 'useState' is defined but never used.  no-unused-vars

./src/pages/dashboard/enterprise/maintenance/components/maintenanceTable.js
10:8  Warning: 'Loading' is defined but never used.  no-unused-vars
12:8  Warning: 'LoadingII' is defined but never used.  no-unused-vars
13:8  Warning: 'LoadingTable' is defined but never used.  no-unused-vars
81:13  Warning: 'data' is assigned a value but never used.  no-unused-vars

./src/pages/dashboard/enterprise/maintenance/components/statusDropDownMain.js
3:27  Warning: 'useEffect' is defined but never used.  no-unused-vars

./src/pages/dashboard/enterprise/maintenance/maintenance.js
24:6  Warning: React Hook useEffect has a missing dependency: 'fetchData'. Either include it or remove the dependency array.  react-hooks/exhaustive-deps

./src/pages/dashboard/enterprise/notification/notifications/notifications.js
2:17  Warning: 'useEffect' is defined but never used.  no-unused-vars

./src/pages/dashboard/enterprise/notificationSidebar/notify/startConversation/startConversation.js
11:10  Warning: 'selectedData' is assigned a value but never used.  no-unused-vars
12:11  Warning: 'Data' is assigned a value but never used.  no-unused-vars

./src/pages/dashboard/enterprise/notificationSidebar/sidebar/sidebar.js
20:9  Warning: 'data' is assigned a value but never used.  no-unused-vars

./src/pages/dashboard/enterprise/payments/components/bankForm.js
4:8  Warning: 'Dropdown' is defined but never used.  no-unused-vars
5:8  Warning: 'YesNOModal' is defined but never used.  no-unused-vars
82:24  Warning: 'upDateddata' is assigned a value but never used.  no-unused-vars

./src/pages/dashboard/enterprise/payments/components/createTransactionPin.js
5:10  Warning: 'toast' is defined but never used.  no-unused-vars
11:22  Warning: 'setUsername' is assigned a value but never used.  no-unused-vars
12:12  Warning: 'inputError' is assigned a value but never used.  no-unused-vars

./src/pages/dashboard/enterprise/payments/components/feeList.js
49:6  Warning: React Hook React.useEffect has a missing dependency: 'fetchFeeList'. Either include it or remove the dependency array.  react-hooks/exhaustive-deps

./src/pages/dashboard/enterprise/payments/components/filterMobile.js
4:8  Warning: 'Dropdown' is defined but never used.  no-unused-vars
6:25  Warning: 'defaultName' is defined but never used.  no-unused-vars
6:38  Warning: 'selectedStatus' is defined but never used.  no-unused-vars
6:54  Warning: 'options' is defined but never used.  no-unused-vars
6:105  Warning: 'setSelectedStatus' is defined but never used.  no-unused-vars

./src/pages/dashboard/enterprise/payments/components/header.js
2:8  Warning: 'Image' is defined but never used.  no-unused-vars
3:8  Warning: 'Dropdown' is defined but never used.  no-unused-vars
6:3  Warning: 'options' is defined but never used.  no-unused-vars
7:3  Warning: 'setFromDate' is defined but never used.  no-unused-vars
8:3  Warning: 'setToDate' is defined but never used.  no-unused-vars
9:3  Warning: 'toDate' is defined but never used.  no-unused-vars
10:3  Warning: 'fromDate' is defined but never used.  no-unused-vars
11:3  Warning: 'setSelectedProperty' is defined but never used.  no-unused-vars
12:3  Warning: 'selectedProperty' is defined but never used.  no-unused-vars
13:3  Warning: 'clear' is defined but never used.  no-unused-vars

./src/pages/dashboard/enterprise/payments/components/includeAdditionalFee.js
6:45  Warning: 'include' is defined but never used.  no-unused-vars

./src/pages/dashboard/enterprise/payments/components/offlinePayment.js
22:12  Warning: 'currentPage' is assigned a value but never used.  no-unused-vars
22:25  Warning: 'setCurrentPage' is assigned a value but never used.  no-unused-vars
124:8  Warning: React Hook useEffect has a missing dependency: 'fetchData'. Either include it or remove the dependency array.  react-hooks/exhaustive-deps

./src/pages/dashboard/enterprise/payments/components/popUpUpdateMenu.js
49:8  Warning: React Hook useEffect has a missing dependency: 'formData'. Either include it or remove the dependency array. You can also do a functional update 'setFormData(f => ...)' if you only need 'formData' in the 'setFormData' call.  react-hooks/exhaustive-deps
62:11  Warning: 'validateForm' is assigned a value but never used.  no-unused-vars

./src/pages/dashboard/enterprise/payments/components/popUpWalletCreationForm.js
2:17  Warning: 'useEffect' is defined but never used.  no-unused-vars
2:28  Warning: 'useState' is defined but never used.  no-unused-vars
3:8  Warning: 'WidgetTwo' is defined but never used.  no-unused-vars
4:8  Warning: 'Image' is defined but never used.  no-unused-vars

./src/pages/dashboard/enterprise/payments/components/printableAll.js
16:31  Warning: 'loading' is assigned a value but never used.  no-unused-vars
23:8  Warning: React Hook React.useEffect has a missing dependency: 'fetchData'. Either include it or remove the dependency array.  react-hooks/exhaustive-deps
39:20  Warning: Unknown property 'jsx' found  react/no-unknown-property

./src/pages/dashboard/enterprise/payments/components/printableReceipt.js
4:8  Warning: 'formatPaidAtDate' is defined but never used.  no-unused-vars

./src/pages/dashboard/enterprise/payments/components/receipt.js
4:8  Warning: 'Skeleton' is defined but never used.  no-unused-vars
8:8  Warning: 'formatPaidAtDate' is defined but never used.  no-unused-vars

./src/pages/dashboard/enterprise/payments/components/selectBank.js
1:17  Warning: 'useState' is defined but never used.  no-unused-vars

./src/pages/dashboard/enterprise/payments/components/tenantData.js
131:6  Warning: React Hook useEffect has a missing dependency: 'fetchData'. Either include it or remove the dependency array.  react-hooks/exhaustive-deps

./src/pages/dashboard/enterprise/payments/components/verifyBVN.js
2:8  Warning: 'Image' is defined but never used.  no-unused-vars
5:10  Warning: 'useRouter' is defined but never used.  no-unused-vars
57:30  Warning: 'upDateddata' is assigned a value but never used.  no-unused-vars
81:11  Warning: 'closeFailedModal' is assigned a value but never used.  no-unused-vars

./src/pages/dashboard/enterprise/payments/components/walletPayement.js
29:11  Warning: 'dropdownRef' is assigned a value but never used.  no-unused-vars
97:8  Warning: React Hook useEffect has a missing dependency: 'fetchData'. Either include it or remove the dependency array.  react-hooks/exhaustive-deps

./src/pages/dashboard/enterprise/payments/components/widget.js
33:15  Warning: Unknown property 'justify-center' found  react/no-unknown-property

./src/pages/dashboard/enterprise/payments/payments.js
6:8  Warning: 'Image' is defined but never used.  no-unused-vars
8:8  Warning: 'Dropdown' is defined but never used.  no-unused-vars
12:8  Warning: 'formatDateII' is defined but never used.  no-unused-vars
50:11  Warning: 'data' is assigned a value but never used.  no-unused-vars
51:26  Warning: 'loading' is assigned a value but never used.  no-unused-vars
64:6  Warning: React Hook React.useEffect has missing dependencies: 'fetchEnterprisePlans' and 'fetchProfileData'. Either include them or remove the dependency array.  react-hooks/exhaustive-deps
90:6  Warning: React Hook useEffect has missing dependencies: 'fetchData' and 'fetchEnterpriseProperties'. Either include them or remove the dependency array.  react-hooks/exhaustive-deps

./src/pages/dashboard/enterprise/payments/tenantPage/feeManagementModal.js
119:23  Warning: 'resultList' is assigned a value but never used.  no-unused-vars

./src/pages/dashboard/enterprise/payments/tenantPage/tenants.js
11:11  Warning: 'data' is assigned a value but never used.  no-unused-vars
23:6  Warning: React Hook useEffect has a missing dependency: 'fetchData'. Either include it or remove the dependency array.  react-hooks/exhaustive-deps

./src/pages/dashboard/enterprise/payments/tenantPage/widget.js
52:13  Warning: 'data' is assigned a value but never used.  no-unused-vars
56:12  Warning: 'isOpenI' is assigned a value but never used.  no-unused-vars
92:8  Warning: React Hook React.useEffect has missing dependencies: 'fetchData', 'fetchEnterprisePlans', and 'fetchProfileData'. Either include them or remove the dependency array.  react-hooks/exhaustive-deps
135:8  Warning: React Hook useEffect has missing dependencies: 'handleExportToCSV', 'handleExportToExcel', 'handlePrint', and 'setSelectedOption'. Either include them or remove the dependency array.  react-hooks/exhaustive-deps
223:8  Warning: React Hook React.useEffect has a missing dependency: 'fetchDataAOW'. Either include it or remove the dependency array.  react-hooks/exhaustive-deps
249:46  Warning: 'index' is defined but never used.  no-unused-vars
315:46  Warning: 'index' is defined but never used.  no-unused-vars

./src/pages/dashboard/enterprise/payments/wallet/components/transferDetails.js
19:20  Warning: 'setUsername' is assigned a value but never used.  no-unused-vars
59:6  Warning: React Hook useEffect has a missing dependency: 'id'. Either include it or remove the dependency array.  react-hooks/exhaustive-deps

./src/pages/dashboard/enterprise/payments/wallet/components/walletBalance.js
2:17  Warning: 'useEffect' is defined but never used.  no-unused-vars
37:9  Warning: 'closeAccountInfo' is assigned a value but never used.  no-unused-vars

./src/pages/dashboard/enterprise/payments/wallet/components/withdraw.js
13:10  Warning: 'loading' is assigned a value but never used.  no-unused-vars
13:19  Warning: 'setLoading' is assigned a value but never used.  no-unused-vars
31:6  Warning: React Hook useEffect has a missing dependency: 'fetchDataBankAcct'. Either include it or remove the dependency array.  react-hooks/exhaustive-deps

./src/pages/dashboard/enterprise/payments/wallet/wallet.js
5:8  Warning: 'Withdraw' is defined but never used.  no-unused-vars
11:19  Warning: 'setLoading' is assigned a value but never used.  no-unused-vars
17:6  Warning: React Hook useEffect has a missing dependency: 'fetchWallet'. Either include it or remove the dependency array.  react-hooks/exhaustive-deps

./src/pages/dashboard/enterprise/profile/accountInfo/accountInfo.js
17:7  Warning: React Hook useEffect has missing dependencies: 'fetchData' and 'fetchDataP'. Either include them or remove the dependency array.  react-hooks/exhaustive-deps

./src/pages/dashboard/enterprise/profile/accountInfo/components/internationalPassport.js
1:17  Warning: 'useEffect' is defined but never used.  no-unused-vars
5:8  Warning: 'InterPassport' is defined but never used.  no-unused-vars
29:11  Warning: 'uploadInterPassport' is assigned a value but never used.  no-unused-vars
68:30  Warning: 'updatedPassport' is assigned a value but never used.  no-unused-vars

./src/pages/dashboard/enterprise/profile/accountInfo/components/nationalIdentityNumber.js
1:17  Warning: 'useEffect' is defined but never used.  no-unused-vars
74:30  Warning: 'updatedPassport' is assigned a value but never used.  no-unused-vars

./src/pages/dashboard/enterprise/profile/accountInfo/components/pinCodeForm.js
30:34  Warning: 'upDateddata' is assigned a value but never used.  no-unused-vars
56:34  Warning: 'upDateddata' is assigned a value but never used.  no-unused-vars

./src/pages/dashboard/enterprise/profile/businessInfo/businessInfo.js
37:24  Warning: 'upDateddata' is assigned a value but never used.  no-unused-vars

./src/pages/dashboard/enterprise/profile/businessLogo/businessLogo.js
33:24  Warning: 'updatedImage' is assigned a value but never used.  no-unused-vars

./src/pages/dashboard/enterprise/profile/changePassword/changePassword.js
58:24  Warning: 'upDateddata' is assigned a value but never used.  no-unused-vars

./src/pages/dashboard/enterprise/profile/payment/payment.js
2:17  Warning: 'useEffect' is defined but never used.  no-unused-vars
6:8  Warning: 'CollectCardDetails' is defined but never used.  no-unused-vars
7:8  Warning: 'YesNOModal' is defined but never used.  no-unused-vars
32:10  Warning: 'selectedCardId' is assigned a value but never used.  no-unused-vars
32:26  Warning: 'setSelectedCardId' is assigned a value but never used.  no-unused-vars
37:9  Warning: 'handleCardNumberChange' is assigned a value but never used.  no-unused-vars
48:9  Warning: 'showCardInput' is assigned a value but never used.  no-unused-vars
52:9  Warning: 'showCardInputII' is assigned a value but never used.  no-unused-vars
56:9  Warning: 'offCardInput' is assigned a value but never used.  no-unused-vars
61:9  Warning: 'popRemoveCard' is assigned a value but never used.  no-unused-vars
65:9  Warning: 'DeleteCardInput' is assigned a value but never used.  no-unused-vars
73:9  Warning: 'AcceptCardInput' is assigned a value but never used.  no-unused-vars
93:9  Warning: 'Close' is assigned a value but never used.  no-unused-vars
99:9  Warning: 'CloseTwo' is assigned a value but never used.  no-unused-vars
104:9  Warning: 'reversedData' is assigned a value but never used.  no-unused-vars
105:9  Warning: 'lastData' is assigned a value but never used.  no-unused-vars
113:26  Warning: 'data' is assigned a value but never used.  no-unused-vars

./src/pages/dashboard/enterprise/profile/personalInfo/personalInfo.js
38:24  Warning: 'upDateddata' is assigned a value but never used.  no-unused-vars

./src/pages/dashboard/enterprise/profile/profile.js
2:28  Warning: 'useState' is defined but never used.  no-unused-vars
15:6  Warning: React Hook useEffect has a missing dependency: 'fetchData'. Either include it or remove the dependency array.  react-hooks/exhaustive-deps

./src/pages/dashboard/enterprise/profile/widget.js
68:6  Warning: React Hook useEffect has a missing dependency: 'pages'. Either include it or remove the dependency array.  react-hooks/exhaustive-deps

./src/pages/dashboard/enterprise/request/pendingRequest.js
3:17  Warning: 'useState' is defined but never used.  no-unused-vars
5:8  Warning: 'ConfirmModal' is defined but never used.  no-unused-vars
6:10  Warning: 'ConfirmTenantRequest' is defined but never used.  no-unused-vars
42:9  Warning: 'timestamp' is assigned a value but never used.  no-unused-vars

./src/pages/dashboard/enterprise/request/requestPage.js
10:10  Warning: 'Result' is defined but never used.  no-unused-vars
47:5  Warning: 'loadingProfile' is assigned a value but never used.  no-unused-vars
54:6  Warning: React Hook useEffect has missing dependencies: 'fetchData', 'fetchEnterprisePlans', and 'fetchProfileData'. Either include them or remove the dependency array.  react-hooks/exhaustive-deps

./src/pages/dashboard/enterprise/setting/manageUserRoles/components/popUp.js
1:10  Warning: 'fetchEstates' is defined but never used.  no-unused-vars

./src/pages/dashboard/enterprise/setting/manageUserRoles/components/propertyAccess.js
33:24  Warning: 'upDateddata' is assigned a value but never used.  no-unused-vars
73:24  Warning: 'upDateddata' is assigned a value but never used.  no-unused-vars

./src/pages/dashboard/enterprise/setting/manageUserRoles/components/table.js
3:8  Warning: 'Dropdown' is defined but never used.  no-unused-vars
140:68  Warning: 'roleData' is defined but never used.  no-unused-vars
143:9  Warning: 'handleRoleSelect' is assigned a value but never used.  no-unused-vars

./src/pages/dashboard/enterprise/setting/manageUserRoles/components/tableUser.js
3:8  Warning: 'DropdownII' is defined but never used.  no-unused-vars
12:10  Warning: 'selectedRole' is assigned a value but never used.  no-unused-vars
14:10  Warning: 'filtered' is assigned a value but never used.  no-unused-vars
14:20  Warning: 'setFiltered' is assigned a value but never used.  no-unused-vars
33:17  Warning: 'loading' is assigned a value but never used.  no-unused-vars
38:6  Warning: React Hook useEffect has a missing dependency: 'fetchData'. Either include it or remove the dependency array.  react-hooks/exhaustive-deps
40:9  Warning: 'handleRoleSelect' is assigned a value but never used.  no-unused-vars

./src/pages/dashboard/enterprise/setting/manageUserRoles/manageUserRoles.js
14:17  Warning: 'loading' is assigned a value but never used.  no-unused-vars
23:21  Warning: 'setDataEmail' is assigned a value but never used.  no-unused-vars
31:6  Warning: React Hook useEffect has a missing dependency: 'fetchData'. Either include it or remove the dependency array.  react-hooks/exhaustive-deps
90:24  Warning: 'upDateddata' is assigned a value but never used.  no-unused-vars

./src/pages/dashboard/enterprise/setting/manageUsers/components/propertyAccess.js
34:24  Warning: 'upDateddata' is assigned a value but never used.  no-unused-vars
75:26  Warning: 'upDateddata' is assigned a value but never used.  no-unused-vars
108:26  Warning: 'upDateddata' is assigned a value but never used.  no-unused-vars

./src/pages/dashboard/enterprise/setting/manageUsers/components/table.js
3:8  Warning: 'Dropdown' is defined but never used.  no-unused-vars
14:9  Warning: 'handleRoleSelect' is assigned a value but never used.  no-unused-vars

./src/pages/dashboard/enterprise/setting/manageUsers/components/tableUser.js
16:10  Warning: 'selectedRole' is assigned a value but never used.  no-unused-vars
18:10  Warning: 'filtered' is assigned a value but never used.  no-unused-vars
18:20  Warning: 'setFiltered' is assigned a value but never used.  no-unused-vars
19:9  Warning: 'options' is assigned a value but never used.  no-unused-vars
26:17  Warning: 'loading' is assigned a value but never used.  no-unused-vars
31:6  Warning: React Hook useEffect has a missing dependency: 'fetchData'. Either include it or remove the dependency array.  react-hooks/exhaustive-deps
33:9  Warning: 'handleRoleSelect' is assigned a value but never used.  no-unused-vars
37:9  Warning: 'showRevoke' is assigned a value but never used.  no-unused-vars

./src/pages/dashboard/enterprise/setting/manageUsers/manageUsers.js
29:17  Warning: 'loading' is assigned a value but never used.  no-unused-vars
38:10  Warning: 'selectOp' is assigned a value but never used.  no-unused-vars
38:20  Warning: 'setSelectedOp' is assigned a value but never used.  no-unused-vars
39:10  Warning: 'dataEmail' is assigned a value but never used.  no-unused-vars
39:21  Warning: 'setDataEmail' is assigned a value but never used.  no-unused-vars
44:14  Warning: 'profileLoading' is assigned a value but never used.  no-unused-vars
56:6  Warning: React Hook useEffect has missing dependencies: 'fetchData', 'fetchEnterprisePlans', and 'fetchProfile'. Either include them or remove the dependency array.  react-hooks/exhaustive-deps
137:26  Warning: 'upDateddata' is assigned a value but never used.  no-unused-vars
171:26  Warning: 'upDateddata' is assigned a value but never used.  no-unused-vars

./src/pages/dashboard/enterprise/setting/tenants/tenants.js
9:10  Warning: 'toggles' is assigned a value but never used.  no-unused-vars
12:21  Warning: 'setIntensive' is assigned a value but never used.  no-unused-vars
14:24  Warning: 'e' is defined but never used.  no-unused-vars
18:9  Warning: 'handleToggle' is assigned a value but never used.  no-unused-vars

./src/pages/dashboard/enterprise/sidebar/sidebar.js
14:8  Warning: 'Payment' is defined but never used.  no-unused-vars
22:8  Warning: 'TenantPoll' is defined but never used.  no-unused-vars
23:8  Warning: 'AccessRecord' is defined but never used.  no-unused-vars
26:8  Warning: 'ManageTenant' is defined but never used.  no-unused-vars
46:20  Warning: 'tenantData' is assigned a value but never used.  no-unused-vars
46:32  Warning: 'loading' is assigned a value but never used.  no-unused-vars
68:6  Warning: React Hook useEffect has missing dependencies: 'fetchData' and 'fetchMaintenance'. Either include them or remove the dependency array.  react-hooks/exhaustive-deps

./src/pages/dashboard/enterprise/sidebarMobile/sidebarHeader.js
6:8  Warning: 'Payment' is defined but never used.  no-unused-vars
7:8  Warning: 'PropertyListing' is defined but never used.  no-unused-vars
30:20  Warning: 'tenantData' is assigned a value but never used.  no-unused-vars
30:32  Warning: 'loading' is assigned a value but never used.  no-unused-vars
48:6  Warning: React Hook useEffect has missing dependencies: 'fetchData' and 'fetchMaintenance'. Either include them or remove the dependency array.  react-hooks/exhaustive-deps

./src/pages/dashboard/enterprise/tenants/components/mobileProfile.js
8:8  Warning: 'RentInfo' is defined but never used.  no-unused-vars
28:5  Warning: 'openKYC' is defined but never used.  no-unused-vars

./src/pages/dashboard/enterprise/tenants/components/modal.js
5:10  Warning: 'fetchEstatesMe' is defined but never used.  no-unused-vars
7:8  Warning: 'useBodyScroll' is defined but never used.  no-unused-vars
8:8  Warning: 'Loading' is defined but never used.  no-unused-vars
33:6  Warning: React Hook useEffect has a missing dependency: 'fetchData'. Either include it or remove the dependency array.  react-hooks/exhaustive-deps
65:15  Warning: 'error' is assigned a value but never used.  no-unused-vars

./src/pages/dashboard/enterprise/tenants/components/popUpMenuTwo.js
2:8  Warning: 'Image' is defined but never used.  no-unused-vars
4:8  Warning: 'Delete' is defined but never used.  no-unused-vars
5:8  Warning: 'Reminder' is defined but never used.  no-unused-vars
6:8  Warning: 'Access' is defined but never used.  no-unused-vars
7:8  Warning: 'ArrowProfile' is defined but never used.  no-unused-vars
11:8  Warning: 'useClickOutside' is defined but never used.  no-unused-vars
12:8  Warning: 'ModalTwo' is defined but never used.  no-unused-vars
28:10  Warning: 'activeFour' is assigned a value but never used.  no-unused-vars
28:22  Warning: 'setActiveFour' is assigned a value but never used.  no-unused-vars

./src/pages/dashboard/enterprise/tenants/components/statusDropDownMain.js
2:27  Warning: 'useEffect' is defined but never used.  no-unused-vars

./src/pages/dashboard/enterprise/tenants/components/table.js
16:5  Warning: 'loading' is assigned a value but never used.  no-unused-vars
22:6  Warning: React Hook useEffect has a missing dependency: 'fetchData'. Either include it or remove the dependency array.  react-hooks/exhaustive-deps

./src/pages/dashboard/enterprise/tenants/components/widget.js
45:8  Warning: React Hook useEffect has a missing dependency: 'setData'. Either include it or remove the dependency array.  react-hooks/exhaustive-deps

./src/pages/dashboard/enterprise/tenants/components/yesNOModal.js
7:23  Warning: Unknown property 'returnHome' found  react/no-unknown-property
7:47  Warning: Unknown property 'header' found  react/no-unknown-property
7:69  Warning: Unknown property 'body' found  react/no-unknown-property
7:115  Warning: Unknown property 'button' found  react/no-unknown-property

./src/pages/dashboard/enterprise/tenants/firstPage/printableTenantdData.js
3:8  Warning: 'PopUpMenuTwo' is defined but never used.  no-unused-vars
9:8  Warning: 'truncateText' is defined but never used.  no-unused-vars
13:12  Warning: 'popUpMenuTwo' is assigned a value but never used.  no-unused-vars
16:25  Warning: 'setLoadingRows' is assigned a value but never used.  no-unused-vars
17:11  Warning: 'dropdownRef' is assigned a value but never used.  no-unused-vars
20:39  Warning: 'status' is defined but never used.  no-unused-vars
20:47  Warning: 'dataId' is defined but never used.  no-unused-vars
20:55  Warning: 'id' is defined but never used.  no-unused-vars
23:29  Warning: 'dataId' is defined but never used.  no-unused-vars

./src/pages/dashboard/enterprise/tenants/firstPage/table.js
4:8  Warning: 'Verified' is defined but never used.  no-unused-vars
7:10  Warning: 'ToastContainer' is defined but never used.  no-unused-vars
91:19  Warning: 'data' is assigned a value but never used.  no-unused-vars
137:23  Warning: 'error' is assigned a value but never used.  no-unused-vars

./src/pages/dashboard/enterprise/tenants/firstPage/tenants.js
10:8  Warning: 'DateIconTwo' is defined but never used.  no-unused-vars
14:8  Warning: 'Share' is defined but never used.  no-unused-vars
18:8  Warning: 'BulkIcon' is defined but never used.  no-unused-vars
20:8  Warning: 'BulkInvite' is defined but never used.  no-unused-vars
21:8  Warning: 'SingleInvite' is defined but never used.  no-unused-vars
35:8  Warning: 'DocDocu' is defined but never used.  no-unused-vars
46:5  Warning: 'totalCount' is assigned a value but never used.  no-unused-vars
65:10  Warning: 'loading' is assigned a value but never used.  no-unused-vars
73:11  Warning: 'setTab' is assigned a value but never used.  no-unused-vars
98:6  Warning: React Hook React.useEffect has missing dependencies: 'fetchEnterprisePlans' and 'fetchProfileData'. Either include them or remove the dependency array.  react-hooks/exhaustive-deps
106:6  Warning: React Hook React.useEffect has a missing dependency: 'setActive'. Either include it or remove the dependency array.  react-hooks/exhaustive-deps
199:6  Warning: React Hook React.useEffect has a missing dependency: 'setData'. Either include it or remove the dependency array.  react-hooks/exhaustive-deps
256:9  Warning: 'estateData' is assigned a value but never used.  no-unused-vars
280:6  Warning: React Hook React.useEffect has a missing dependency: 'fetchData'. Either include it or remove the dependency array.  react-hooks/exhaustive-deps

./src/pages/dashboard/enterprise/tenants/firstPage/tenantss.js
79:6  Warning: React Hook useEffect has missing dependencies: 'fetchEnterprisePlans' and 'fetchProfileData'. Either include them or remove the dependency array.  react-hooks/exhaustive-deps
88:6  Warning: React Hook useEffect has missing dependencies: 'fetchData' and 'setTab'. Either include them or remove the dependency array.  react-hooks/exhaustive-deps

./src/pages/dashboard/enterprise/tenants/firstPage/tenantsTwo.js
19:90  Warning: 'isMasterChecked' is defined but never used.  no-unused-vars
73:13  Warning: 'data' is assigned a value but never used.  no-unused-vars

./src/pages/dashboard/enterprise/tenants/firstPage/tenantsTwoDueDate.js
5:8  Warning: 'Button' is defined but never used.  no-unused-vars
21:147  Warning: 'isMasterChecked' is defined but never used.  no-unused-vars
62:13  Warning: 'data' is assigned a value but never used.  no-unused-vars

./src/pages/dashboard/enterprise/tenants/secondPage/allData.js
8:8  Warning: 'SkeletonLoader' is defined but never used.  no-unused-vars
9:8  Warning: 'api' is defined but never used.  no-unused-vars
18:9  Warning: 'loading' is assigned a value but never used.  no-unused-vars

./src/pages/dashboard/enterprise/tenants/secondPage/dropDownBlue.js
3:8  Warning: 'Image' is defined but never used.  no-unused-vars
5:8  Warning: 'ArrowDownWhite' is defined but never used.  no-unused-vars
9:62  Warning: 'placeholder' is assigned a value but never used.  no-unused-vars

./src/pages/dashboard/enterprise/tenants/secondPage/maintenance.js
2:8  Warning: 'Image' is defined but never used.  no-unused-vars
71:13  Warning: 'data' is assigned a value but never used.  no-unused-vars

./src/pages/dashboard/enterprise/tenants/secondPage/offlinePayment.js
8:8  Warning: 'SkeletonLoader' is defined but never used.  no-unused-vars
9:8  Warning: 'api' is defined but never used.  no-unused-vars
18:9  Warning: 'loading' is assigned a value but never used.  no-unused-vars

./src/pages/dashboard/enterprise/tenants/secondPage/paymentHis.js
48:6  Warning: React Hook React.useEffect has missing dependencies: 'fetchData' and 'rentInfo'. Either include them or remove the dependency array.  react-hooks/exhaustive-deps
57:6  Warning: React Hook React.useEffect has a missing dependency: 'sortedPeriods'. Either include it or remove the dependency array.  react-hooks/exhaustive-deps
89:9  Warning: 'options' is assigned a value but never used.  no-unused-vars

./src/pages/dashboard/enterprise/tenants/secondPage/paymentWidget.js
30:5  Warning: 'fetchRentInformation' is defined but never used.  no-unused-vars
44:54  Warning: 'loadingProfile' is assigned a value but never used.  no-unused-vars
47:19  Warning: 'loading' is assigned a value but never used.  no-unused-vars
54:8  Warning: React Hook useEffect has missing dependencies: 'fetchData', 'fetchEnterprisePlans', 'fetchProfileData', and 'tenantId'. Either include them or remove the dependency array.  react-hooks/exhaustive-deps
81:8  Warning: React Hook useEffect has missing dependencies: 'handleExportToCSV', 'handleExportToExcel', and 'handlePrint'. Either include them or remove the dependency array.  react-hooks/exhaustive-deps
234:33  Warning: Unknown property 'justify-center' found  react/no-unknown-property

./src/pages/dashboard/enterprise/tenants/secondPage/popUpMenu.js
11:8  Warning: 'useRentSummaryTenant' is defined but never used.  no-unused-vars
13:8  Warning: 'DocSmall' is defined but never used.  no-unused-vars
17:10  Warning: 'activeTwo' is assigned a value but never used.  no-unused-vars
17:21  Warning: 'setActiveTwo' is assigned a value but never used.  no-unused-vars
36:13  Warning: 'response' is assigned a value but never used.  no-unused-vars

./src/pages/dashboard/enterprise/tenants/secondPage/popUpUpdateMenu.js
49:8  Warning: React Hook useEffect has a missing dependency: 'formData'. Either include it or remove the dependency array. You can also do a functional update 'setFormData(f => ...)' if you only need 'formData' in the 'setFormData' call.  react-hooks/exhaustive-deps
62:11  Warning: 'validateForm' is assigned a value but never used.  no-unused-vars

./src/pages/dashboard/enterprise/tenants/secondPage/profileCard.js
11:53  Warning: 'openKYC' is defined but never used.  no-unused-vars

./src/pages/dashboard/enterprise/tenants/secondPage/rentInfo.js
9:3  Warning: 'getSpecificTenantRentInfo' is defined but never used.  no-unused-vars
55:9  Warning: 'handleStartDateChange' is assigned a value but never used.  no-unused-vars
118:6  Warning: React Hook useEffect has a missing dependency: 'addDurationToDate'. Either include it or remove the dependency array.  react-hooks/exhaustive-deps
125:6  Warning: React Hook useEffect has missing dependencies: 'fetchData', 'fetchWalletPayment', and 'tenantId'. Either include them or remove the dependency array.  react-hooks/exhaustive-deps
132:6  Warning: React Hook useEffect has missing dependencies: 'fetchTenantData' and 'profile?.data?.rentInfo?._id'. Either include them or remove the dependency array. If 'fetchTenantData' changes too often, find the parent component that defines it and wrap that definition in useCallback.  react-hooks/exhaustive-deps
139:6  Warning: React Hook useEffect has a missing dependency: 'fetchRentInformation'. Either include it or remove the dependency array. If 'fetchRentInformation' changes too often, find the parent component that defines it and wrap that definition in useCallback.  react-hooks/exhaustive-deps
203:24  Warning: 'upDateddata' is assigned a value but never used.  no-unused-vars
249:24  Warning: 'upDateddata' is assigned a value but never used.  no-unused-vars

./src/pages/dashboard/enterprise/tenants/secondPage/rentPeriodForm.js
21:40  Warning: 'getSpecificTenantRentInfo' is defined but never used.  no-unused-vars
25:81  Warning: 'setRentInfo' is defined but never used.  no-unused-vars
141:47  Warning: 'id' is defined but never used.  no-unused-vars
150:26  Warning: 'upDateddata' is assigned a value but never used.  no-unused-vars
169:26  Warning: 'upDateddata' is assigned a value but never used.  no-unused-vars
212:6  Warning: React Hook React.useEffect has a missing dependency: 'calculateDueDates'. Either include it or remove the dependency array.  react-hooks/exhaustive-deps
212:7  Warning: React Hook React.useEffect has a complex expression in the dependency array. Extract it to a separate variable so it can be statically checked.  react-hooks/exhaustive-deps
222:6  Warning: React Hook React.useEffect has missing dependencies: 'formData.propertyName', 'rentInfo', and 'tenantData'. Either include them or remove the dependency array.  react-hooks/exhaustive-deps
227:68  Warning: Unsafe usage of optional chaining. If it short-circuits with 'undefined' the evaluation will throw TypeError.  no-unsafe-optional-chaining
548:25  Warning: Unknown property 'disable' found  react/no-unknown-property

./src/pages/dashboard/enterprise/tenants/secondPage/setOfflineData.js
4:10  Warning: 'format' is defined but never used.  no-unused-vars
15:5  Warning: 'rentInfo' is defined but never used.  no-unused-vars
21:5  Warning: 'periods' is defined but never used.  no-unused-vars
80:17  Warning: 'index' is assigned a value but never used.  no-unused-vars
145:8  Warning: React Hook useEffect has a missing dependency: 'formData'. Either include it or remove the dependency array. You can also do a functional update 'setFormData(f => ...)' if you only need 'formData' in the 'setFormData' call.  react-hooks/exhaustive-deps
156:8  Warning: React Hook useEffect has a missing dependency: 'handleInputChange'. Either include it or remove the dependency array.  react-hooks/exhaustive-deps

./src/pages/dashboard/enterprise/tenants/secondPage/tenantProfile.js
36:6  Warning: React Hook useEffect has a missing dependency: 'fetchTenantData'. Either include it or remove the dependency array.  react-hooks/exhaustive-deps
57:6  Warning: React Hook useEffect has missing dependencies: 'fetchData' and 'id'. Either include them or remove the dependency array.  react-hooks/exhaustive-deps
65:6  Warning: React Hook useEffect has a missing dependency: 'fetchRentInformation'. Either include it or remove the dependency array.  react-hooks/exhaustive-deps

./src/pages/dashboard/enterprise/tenants/secondPage/tenantVerificationKYC.js
7:11  Warning: 'documents' is assigned a value but never used.  no-unused-vars

./src/pages/dashboard/enterprise/tenants/secondPage/walletPayement.js
2:28  Warning: 'useState' is defined but never used.  no-unused-vars
8:8  Warning: 'SkeletonLoader' is defined but never used.  no-unused-vars
9:8  Warning: 'api' is defined but never used.  no-unused-vars
12:49  Warning: 'reFetchSummaryData' is defined but never used.  no-unused-vars
15:9  Warning: 'loading' is assigned a value but never used.  no-unused-vars

./src/pages/dashboard/enterprise/tenants/secondPage/widget.js
3:8  Warning: 'RentInfo' is defined but never used.  no-unused-vars
16:3  Warning: 'paymentData' is defined but never used.  no-unused-vars

./src/pages/dashboard/owner/components/confirmModalI.js
1:8  Warning: 'Image' is defined but never used.  no-unused-vars

./src/pages/dashboard/owner/components/statusDropDown.js
3:17  Warning: 'useState' is defined but never used.  no-unused-vars

./src/pages/dashboard/owner/components/statusDropDownII.js
3:17  Warning: 'useState' is defined but never used.  no-unused-vars

./src/pages/dashboard/owner/dashboard/components/maintenance/card.js
9:17  Warning: 'loading' is assigned a value but never used.  no-unused-vars
14:6  Warning: React Hook useEffect has a missing dependency: 'fetchData'. Either include it or remove the dependency array.  react-hooks/exhaustive-deps

./src/pages/dashboard/owner/dashboard/components/tenants/card.js
12:17  Warning: 'loading' is assigned a value but never used.  no-unused-vars
16:6  Warning: React Hook useEffect has a missing dependency: 'fetchData'. Either include it or remove the dependency array.  react-hooks/exhaustive-deps

./src/pages/dashboard/owner/dashboard/dashboard.js
24:14  Warning: 'profileLoading' is assigned a value but never used.  no-unused-vars
29:14  Warning: 'statsLoading' is assigned a value but never used.  no-unused-vars
34:14  Warning: 'revLoading' is assigned a value but never used.  no-unused-vars
44:6  Warning: React Hook useEffect has missing dependencies: 'fetchProfileData', 'fetchRevData', and 'fetchStatsData'. Either include them or remove the dependency array.  react-hooks/exhaustive-deps
51:6  Warning: React Hook useEffect has a missing dependency: 'setProfileData'. Either include it or remove the dependency array.  react-hooks/exhaustive-deps

./src/pages/dashboard/owner/estates/components/card.js
11:3  Warning: 'value5' is defined but never used.  no-unused-vars
14:3  Warning: 'Image3' is defined but never used.  no-unused-vars

./src/pages/dashboard/owner/estates/components/fileUpload.js
16:13  Warning: 'response' is assigned a value but never used.  no-unused-vars

./src/pages/dashboard/owner/estates/components/homeCard.js
5:8  Warning: 'Image' is defined but never used.  no-unused-vars

./src/pages/dashboard/owner/estates/components/maintenanceCard.js
8:17  Warning: 'loading' is assigned a value but never used.  no-unused-vars
13:6  Warning: React Hook useEffect has a missing dependency: 'fetchData'. Either include it or remove the dependency array.  react-hooks/exhaustive-deps

./src/pages/dashboard/owner/estates/components/popUpMenu.js
1:8  Warning: 'Image' is defined but never used.  no-unused-vars

./src/pages/dashboard/owner/estates/components/revCard.js
17:6  Warning: React Hook useEffect has missing dependencies: 'fetchData' and 'id'. Either include them or remove the dependency array.  react-hooks/exhaustive-deps

./src/pages/dashboard/owner/estates/components/tenantCard.js
1:10  Warning: 'fetchSpecificTenantOwner' is defined but never used.  no-unused-vars
2:8  Warning: 'tenantsDataForLoggedInOwner' is defined but never used.  no-unused-vars
8:17  Warning: 'useEffect' is defined but never used.  no-unused-vars
8:28  Warning: 'useState' is defined but never used.  no-unused-vars

./src/pages/dashboard/owner/estates/dashboard/dashboard.js
25:6  Warning: React Hook useEffect has missing dependencies: 'fetchData', 'fetchEstateData', and 'id'. Either include them or remove the dependency array.  react-hooks/exhaustive-deps

./src/pages/dashboard/owner/estates/estateInfo/components/contactInfo.js
2:8  Warning: 'Image' is defined but never used.  no-unused-vars
4:8  Warning: 'formatStringWithHyphens' is defined but never used.  no-unused-vars

./src/pages/dashboard/owner/estates/estateInfo/components/documents.js
2:8  Warning: 'Input' is defined but never used.  no-unused-vars
4:8  Warning: 'FileUpload' is defined but never used.  no-unused-vars
20:22  Warning: 'handlePageChangeThree' is defined but never used.  no-unused-vars

./src/pages/dashboard/owner/estates/estateInfo/components/estateInfo.js
2:17  Warning: 'useState' is defined but never used.  no-unused-vars

./src/pages/dashboard/owner/estates/estateInfo/components/photos.js
2:17  Warning: 'useState' is defined but never used.  no-unused-vars
3:8  Warning: 'ImageUpload' is defined but never used.  no-unused-vars

./src/pages/dashboard/owner/estates/estateInfo/estateInfo.js
21:6  Warning: React Hook useEffect has missing dependencies: 'fetchData' and 'id'. Either include them or remove the dependency array.  react-hooks/exhaustive-deps

./src/pages/dashboard/owner/estates/estateInfo/widget.js
6:8  Warning: 'Documents' is defined but never used.  no-unused-vars
52:15  Warning: Unknown property 'justify-center' found  react/no-unknown-property

./src/pages/dashboard/owner/estates/estates.js
15:6  Warning: React Hook useEffect has a missing dependency: 'fetchData'. Either include it or remove the dependency array.  react-hooks/exhaustive-deps
25:24  Warning: 'setSelectedDate' is assigned a value but never used.  no-unused-vars

./src/pages/dashboard/owner/estates/listedEstates.js
19:3  Warning: 'selectedState' is defined but never used.  no-unused-vars
22:3  Warning: 'setSelectedState' is defined but never used.  no-unused-vars
24:3  Warning: 'options' is defined but never used.  no-unused-vars

./src/pages/dashboard/owner/estates/tenants/tenants.js
9:8  Warning: 'DateIconTwo' is defined but never used.  no-unused-vars
13:8  Warning: 'Share' is defined but never used.  no-unused-vars
15:8  Warning: 'AddNormal' is defined but never used.  no-unused-vars
16:8  Warning: 'BulkIcon' is defined but never used.  no-unused-vars
34:5  Warning: 'totalCount' is assigned a value but never used.  no-unused-vars
50:10  Warning: 'loading' is assigned a value but never used.  no-unused-vars
50:19  Warning: 'setLoading' is assigned a value but never used.  no-unused-vars
140:12  Warning: Unsafe usage of optional chaining. If it short-circuits with 'undefined' the evaluation will throw TypeError.  no-unsafe-optional-chaining
158:6  Warning: React Hook React.useEffect has a missing dependency: 'setData'. Either include it or remove the dependency array.  react-hooks/exhaustive-deps
229:6  Warning: React Hook React.useEffect has a missing dependency: 'fetchData'. Either include it or remove the dependency array.  react-hooks/exhaustive-deps

./src/pages/dashboard/owner/header/components/popUpMenuAlert.js
3:17  Warning: 'useEffect' is defined but never used.  no-unused-vars
4:8  Warning: 'Notification' is defined but never used.  no-unused-vars

./src/pages/dashboard/owner/header/header.js
23:9  Warning: 'dropdownRefII' is assigned a value but never used.  no-unused-vars
41:6  Warning: React Hook useEffect has a missing dependency: 'fetchData'. Either include it or remove the dependency array.  react-hooks/exhaustive-deps

./src/pages/dashboard/owner/maintenance/components/filter.js
3:17  Warning: 'useState' is defined but never used.  no-unused-vars

./src/pages/dashboard/owner/maintenance/maintenance.js
24:6  Warning: React Hook useEffect has a missing dependency: 'fetchData'. Either include it or remove the dependency array.  react-hooks/exhaustive-deps

./src/pages/dashboard/owner/notification/notifications/notifications.js
2:17  Warning: 'useEffect' is defined but never used.  no-unused-vars

./src/pages/dashboard/owner/notificationSidebar/notify/startConversation/startConversation.js
11:10  Warning: 'selectedData' is assigned a value but never used.  no-unused-vars
12:11  Warning: 'Data' is assigned a value but never used.  no-unused-vars

./src/pages/dashboard/owner/notificationSidebar/sidebar/sidebar.js
19:9  Warning: 'data' is assigned a value but never used.  no-unused-vars

./src/pages/dashboard/owner/payments/components/bankForm.js
83:24  Warning: 'upDateddata' is assigned a value but never used.  no-unused-vars

./src/pages/dashboard/owner/payments/components/createTransactionPin.js
4:10  Warning: 'toast' is defined but never used.  no-unused-vars
7:41  Warning: 'ownerPinCreation' is defined but never used.  no-unused-vars
10:33  Warning: 'handlePageChangeTwo' is defined but never used.  no-unused-vars
11:22  Warning: 'setUsername' is assigned a value but never used.  no-unused-vars
12:12  Warning: 'inputError' is assigned a value but never used.  no-unused-vars

./src/pages/dashboard/owner/payments/components/popMenuToTenantProfile.js
5:31  Warning: 'handleDelete' is defined but never used.  no-unused-vars

./src/pages/dashboard/owner/payments/components/popUpWalletCreationForm.js
3:8  Warning: 'WidgetTwo' is defined but never used.  no-unused-vars

./src/pages/dashboard/owner/payments/components/popUpWalletCreationFormII.js
4:8  Warning: 'useBodyScroll' is defined but never used.  no-unused-vars
8:10  Warning: 'useRouter' is defined but never used.  no-unused-vars
43:24  Warning: 'upDateddata' is assigned a value but never used.  no-unused-vars

./src/pages/dashboard/owner/payments/components/selectBank.js
1:17  Warning: 'useState' is defined but never used.  no-unused-vars

./src/pages/dashboard/owner/payments/components/verifyBVN.js
2:8  Warning: 'Image' is defined but never used.  no-unused-vars
55:30  Warning: 'upDateddata' is assigned a value but never used.  no-unused-vars
79:11  Warning: 'closeFailedModal' is assigned a value but never used.  no-unused-vars

./src/pages/dashboard/owner/payments/components/widget.js
35:17  Warning: Unknown property 'justify-center' found  react/no-unknown-property

./src/pages/dashboard/owner/payments/payments.js
21:14  Warning: 'rentLoading' is assigned a value but never used.  no-unused-vars
27:6  Warning: React Hook useEffect has a missing dependency: 'fetchRentData'. Either include it or remove the dependency array.  react-hooks/exhaustive-deps

./src/pages/dashboard/owner/payments/tenantPage/tenants.js
7:8  Warning: 'useRentPaymentOwnerStore' is defined but never used.  no-unused-vars
10:17  Warning: 'loading' is assigned a value but never used.  no-unused-vars
16:6  Warning: React Hook useEffect has a missing dependency: 'fetchData'. Either include it or remove the dependency array.  react-hooks/exhaustive-deps

./src/pages/dashboard/owner/payments/wallet/components/transferDetails.js
3:17  Warning: 'useEffect' is defined but never used.  no-unused-vars
4:8  Warning: 'Input' is defined but never used.  no-unused-vars
9:10  Warning: 'jsPDF' is defined but never used.  no-unused-vars
10:8  Warning: 'html2canvas' is defined but never used.  no-unused-vars
20:10  Warning: 'transfer' is assigned a value but never used.  no-unused-vars
76:9  Warning: 'receiptRef' is assigned a value but never used.  no-unused-vars

./src/pages/dashboard/owner/payments/wallet/components/walletBalance.js
2:17  Warning: 'useEffect' is defined but never used.  no-unused-vars
5:8  Warning: 'AccountInfo' is defined but never used.  no-unused-vars
7:8  Warning: 'LoadingFormII' is defined but never used.  no-unused-vars
39:9  Warning: 'closeAccountInfo' is assigned a value but never used.  no-unused-vars

./src/pages/dashboard/owner/payments/wallet/components/withdraw.js
8:3  Warning: 'bankInfoPropertyOwner' is defined but never used.  no-unused-vars
13:10  Warning: 'toast' is defined but never used.  no-unused-vars
23:3  Warning: 'setIlluminateWallet' is defined but never used.  no-unused-vars
29:77  Warning: 'noBank' is assigned a value but never used.  no-unused-vars
52:6  Warning: React Hook useEffect has a missing dependency: 'fetchDataBankAcct'. Either include it or remove the dependency array.  react-hooks/exhaustive-deps
87:24  Warning: 'upDateddata' is assigned a value but never used.  no-unused-vars

./src/pages/dashboard/owner/payments/wallet/wallet.js
4:8  Warning: 'TransferDetails' is defined but never used.  no-unused-vars
8:3  Warning: 'propertyOwnerWallet' is defined but never used.  no-unused-vars
9:3  Warning: 'propertyOwnerWalletBalance' is defined but never used.  no-unused-vars
13:8  Warning: 'tenantRentHisOwner' is defined but never used.  no-unused-vars
17:10  Warning: 'wallet' is assigned a value but never used.  no-unused-vars
17:18  Warning: 'setWallet' is assigned a value but never used.  no-unused-vars
18:19  Warning: 'setLoading' is assigned a value but never used.  no-unused-vars
19:10  Warning: 'fetchData' is assigned a value but never used.  no-unused-vars
19:21  Warning: 'setFetchData' is assigned a value but never used.  no-unused-vars
20:10  Warning: 'data' is assigned a value but never used.  no-unused-vars
20:16  Warning: 'setData' is assigned a value but never used.  no-unused-vars
26:6  Warning: React Hook useEffect has a missing dependency: 'fetchWallet'. Either include it or remove the dependency array.  react-hooks/exhaustive-deps

./src/pages/dashboard/owner/profile/accountInfo/accountInfo.js
18:7  Warning: React Hook useEffect has missing dependencies: 'fetchData' and 'fetchDataP'. Either include them or remove the dependency array.  react-hooks/exhaustive-deps

./src/pages/dashboard/owner/profile/accountInfo/components/internationalPassport.js
1:17  Warning: 'useEffect' is defined but never used.  no-unused-vars
65:30  Warning: 'updatedPassport' is assigned a value but never used.  no-unused-vars

./src/pages/dashboard/owner/profile/accountInfo/components/nationalIdentityNumber.js
1:17  Warning: 'useEffect' is defined but never used.  no-unused-vars
75:30  Warning: 'updatedPassport' is assigned a value but never used.  no-unused-vars

./src/pages/dashboard/owner/profile/accountInfo/components/pinCodeForm.js
30:34  Warning: 'upDateddata' is assigned a value but never used.  no-unused-vars
56:34  Warning: 'upDateddata' is assigned a value but never used.  no-unused-vars

./src/pages/dashboard/owner/profile/changePassword/changePassword.js
58:24  Warning: 'upDateddata' is assigned a value but never used.  no-unused-vars

./src/pages/dashboard/owner/profile/personalInfo/personalInfo.js
39:24  Warning: 'upDateddata' is assigned a value but never used.  no-unused-vars

./src/pages/dashboard/owner/profile/profile.js
15:6  Warning: React Hook useEffect has a missing dependency: 'fetchData'. Either include it or remove the dependency array.  react-hooks/exhaustive-deps

./src/pages/dashboard/owner/profile/profilePicture/components/fileUpload.js
8:10  Warning: 'uploadStatus' is assigned a value but never used.  no-unused-vars
19:13  Warning: 'response' is assigned a value but never used.  no-unused-vars

./src/pages/dashboard/owner/profile/profilePicture/profilePicture.js
33:24  Warning: 'updatedImage' is assigned a value but never used.  no-unused-vars

./src/pages/dashboard/owner/setting/notifications/notifications.js
10:9  Warning: 'handleToggle2' is assigned a value but never used.  no-unused-vars

./src/pages/dashboard/owner/sidebar/sidebar.js
14:8  Warning: 'PropertyListing' is defined but never used.  no-unused-vars
16:8  Warning: 'Settings' is defined but never used.  no-unused-vars

./src/pages/dashboard/owner/sidebarMobile/sidebarHeader.js
6:8  Warning: 'Message' is defined but never used.  no-unused-vars
7:8  Warning: 'Notifications' is defined but never used.  no-unused-vars
9:8  Warning: 'PropertyListing' is defined but never used.  no-unused-vars
11:8  Warning: 'Requests' is defined but never used.  no-unused-vars
13:8  Warning: 'Settings' is defined but never used.  no-unused-vars

./src/pages/dashboard/owner/tenants/components/popUpMenuTwo.js
2:8  Warning: 'Image' is defined but never used.  no-unused-vars

./src/pages/dashboard/owner/tenants/components/table.js
2:8  Warning: 'useTenantRentPaymentOwner' is defined but never used.  no-unused-vars
7:17  Warning: 'useEffect' is defined but never used.  no-unused-vars

./src/pages/dashboard/owner/tenants/components/yesNOModal.js
7:23  Warning: Unknown property 'returnHome' found  react/no-unknown-property
7:47  Warning: Unknown property 'header' found  react/no-unknown-property
7:69  Warning: Unknown property 'body' found  react/no-unknown-property
7:115  Warning: Unknown property 'button' found  react/no-unknown-property

./src/pages/dashboard/owner/tenants/firstPage/table.js
4:8  Warning: 'Verified' is defined but never used.  no-unused-vars
6:10  Warning: 'ToastContainer' is defined but never used.  no-unused-vars
6:26  Warning: 'toast' is defined but never used.  no-unused-vars
9:10  Warning: 'updatePaymentStatusTenant' is defined but never used.  no-unused-vars
10:8  Warning: 'lowerCaseData' is defined but never used.  no-unused-vars
28:5  Warning: 'fetchDataAgain' is defined but never used.  no-unused-vars
35:25  Warning: 'setLoadingRows' is assigned a value but never used.  no-unused-vars
67:39  Warning: 'status' is defined but never used.  no-unused-vars
67:47  Warning: 'dataId' is defined but never used.  no-unused-vars
67:55  Warning: 'id' is defined but never used.  no-unused-vars
67:59  Warning: 'duration' is defined but never used.  no-unused-vars

./src/pages/dashboard/owner/tenants/firstPage/tenants.js
10:8  Warning: 'DateIconTwo' is defined but never used.  no-unused-vars
14:8  Warning: 'Share' is defined but never used.  no-unused-vars
16:8  Warning: 'AddNormal' is defined but never used.  no-unused-vars
17:8  Warning: 'BulkIcon' is defined but never used.  no-unused-vars
43:10  Warning: 'loading' is assigned a value but never used.  no-unused-vars
45:10  Warning: 'reachedLimit' is assigned a value but never used.  no-unused-vars
45:24  Warning: 'setReachedLimit' is assigned a value but never used.  no-unused-vars
150:6  Warning: React Hook React.useEffect has a missing dependency: 'setData'. Either include it or remove the dependency array.  react-hooks/exhaustive-deps
228:6  Warning: React Hook React.useEffect has a missing dependency: 'fetchData'. Either include it or remove the dependency array.  react-hooks/exhaustive-deps

./src/pages/dashboard/owner/tenants/firstPage/tenantss.js
29:17  Warning: 'loading' is assigned a value but never used.  no-unused-vars
33:6  Warning: React Hook useEffect has a missing dependency: 'fetchData'. Either include it or remove the dependency array.  react-hooks/exhaustive-deps

./src/pages/dashboard/owner/tenants/secondPage/components/paymentHistory.js
11:5  Warning: 'loading' is assigned a value but never used.  no-unused-vars
17:6  Warning: React Hook useEffect has missing dependencies: 'fetchData' and 'tenantId'. Either include them or remove the dependency array.  react-hooks/exhaustive-deps

./src/pages/dashboard/owner/tenants/secondPage/components/rentPeriodForm.js
1:17  Warning: 'useState' is defined but never used.  no-unused-vars
12:51  Warning: 'rentInfo' is defined but never used.  no-unused-vars
13:10  Warning: 'data' is assigned a value but never used.  no-unused-vars

./src/pages/dashboard/owner/tenants/secondPage/components/tenantVerificationKYC.js
7:11  Warning: 'documents' is assigned a value but never used.  no-unused-vars

./src/pages/dashboard/owner/tenants/secondPage/maintenance.js
4:8  Warning: 'YesNOModal' is defined but never used.  no-unused-vars

./src/pages/dashboard/owner/tenants/secondPage/paymentHis.js
2:8  Warning: 'Box' is defined but never used.  no-unused-vars
7:8  Warning: 'Dropdown' is defined but never used.  no-unused-vars
8:8  Warning: 'ArrowDownDashes' is defined but never used.  no-unused-vars
14:5  Warning: 'loading' is assigned a value but never used.  no-unused-vars
29:6  Warning: React Hook React.useEffect has missing dependencies: 'fetchDataSummary' and 'tenantId'. Either include them or remove the dependency array.  react-hooks/exhaustive-deps
38:6  Warning: React Hook React.useEffect has a missing dependency: 'sortedPeriods'. Either include it or remove the dependency array.  react-hooks/exhaustive-deps
41:6  Warning: React Hook useEffect has missing dependencies: 'fetchData' and 'tenantId'. Either include them or remove the dependency array.  react-hooks/exhaustive-deps
47:5  Warning: 'totalRent' is assigned a value but never used.  no-unused-vars
54:7  Warning: 'successTotalRent' is assigned a value but never used.  no-unused-vars
102:9  Warning: 'options' is assigned a value but never used.  no-unused-vars

./src/pages/dashboard/owner/tenants/secondPage/rentInfo.js
3:8  Warning: 'ConfirmModal' is defined but never used.  no-unused-vars
4:8  Warning: 'Dropdown' is defined but never used.  no-unused-vars
35:9  Warning: 'options' is assigned a value but never used.  no-unused-vars

./src/pages/dashboard/owner/tenants/secondPage/tenantProfile.js
29:6  Warning: React Hook useEffect has a missing dependency: 'id'. Either include it or remove the dependency array.  react-hooks/exhaustive-deps
50:6  Warning: React Hook useEffect has a missing dependency: 'fetchRentInformation'. Either include it or remove the dependency array.  react-hooks/exhaustive-deps

./src/pages/dashboard/owner/tenants/secondPage/widget.js
3:8  Warning: 'RentInfo' is defined but never used.  no-unused-vars

./src/pages/dashboard/tenant/components/confirmModalI.js
1:8  Warning: 'Image' is defined but never used.  no-unused-vars

./src/pages/dashboard/tenant/components/statusDropDown.js
3:17  Warning: 'useState' is defined but never used.  no-unused-vars

./src/pages/dashboard/tenant/components/statusDropDownII.js
3:17  Warning: 'useState' is defined but never used.  no-unused-vars

./src/pages/dashboard/tenant/dashboard/components/rent-second/rentSecond.js
8:24  Warning: 'loading' is assigned a value but never used.  no-unused-vars
12:4  Warning: React Hook useEffect has a missing dependency: 'fetchData'. Either include it or remove the dependency array.  react-hooks/exhaustive-deps

./src/pages/dashboard/tenant/estateInformation/availableEstate/availableEstate.js
6:8  Warning: 'Dropdown' is defined but never used.  no-unused-vars
89:16  Warning: 'setData' is assigned a value but never used.  no-unused-vars

./src/pages/dashboard/tenant/estateInformation/components/card.js
10:3  Warning: 'value5' is defined but never used.  no-unused-vars
13:3  Warning: 'Image3' is defined but never used.  no-unused-vars

./src/pages/dashboard/tenant/estateInformation/components/multipleDropDown.js
50:10  Warning: 'selectedOptionI' is assigned a value but never used.  no-unused-vars
51:10  Warning: 'selectedOptionII' is assigned a value but never used.  no-unused-vars
52:10  Warning: 'selectedOptionIII' is assigned a value but never used.  no-unused-vars

./src/pages/dashboard/tenant/estateInformation/components/popMenu.js
1:8  Warning: 'Image' is defined but never used.  no-unused-vars

./src/pages/dashboard/tenant/estateInformation/components/popUpMenu.js
18:14  Warning: 'error' is defined but never used.  no-unused-vars

./src/pages/dashboard/tenant/estateInformation/estateInfo/widget.js
31:15  Warning: Unknown property 'justify-center' found  react/no-unknown-property

./src/pages/dashboard/tenant/estateInformation/estateInformation.js
29:6  Warning: React Hook useEffect has a missing dependency: 'fetchData'. Either include it or remove the dependency array.  react-hooks/exhaustive-deps
62:24  Warning: 'upDateddata' is assigned a value but never used.  no-unused-vars

./src/pages/dashboard/tenant/estateInformation/getStarted/searchEstate.js
4:25  Warning: 'openAvailableEstate' is defined but never used.  no-unused-vars

./src/pages/dashboard/tenant/finance/components/bankForm.js
84:24  Warning: 'upDateddata' is assigned a value but never used.  no-unused-vars

./src/pages/dashboard/tenant/finance/components/createTransactionPin.js
1:10  Warning: 'enterprisePinCreation' is defined but never used.  no-unused-vars
5:10  Warning: 'toast' is defined but never used.  no-unused-vars
7:8  Warning: 'LoadingForm' is defined but never used.  no-unused-vars
9:42  Warning: 'tenantPinCreation' is defined but never used.  no-unused-vars
13:22  Warning: 'setUsername' is assigned a value but never used.  no-unused-vars
14:12  Warning: 'inputError' is assigned a value but never used.  no-unused-vars

./src/pages/dashboard/tenant/finance/components/popUpReceipt.js
2:17  Warning: 'useState' is defined but never used.  no-unused-vars
3:8  Warning: 'Image' is defined but never used.  no-unused-vars
4:8  Warning: 'Receipt' is defined but never used.  no-unused-vars
6:44  Warning: 'dropdownRef' is defined but never used.  no-unused-vars

./src/pages/dashboard/tenant/finance/components/popUpWalletCreationForm.js
2:17  Warning: 'useEffect' is defined but never used.  no-unused-vars
2:28  Warning: 'useState' is defined but never used.  no-unused-vars
3:8  Warning: 'WidgetTwo' is defined but never used.  no-unused-vars
4:8  Warning: 'Image' is defined but never used.  no-unused-vars

./src/pages/dashboard/tenant/finance/components/popUpWalletCreationFormII.js
37:24  Warning: 'upDateddata' is assigned a value but never used.  no-unused-vars

./src/pages/dashboard/tenant/finance/components/printableReceiptII.js
9:8  Warning: 'changeBackendDateFormatII' is defined but never used.  no-unused-vars

./src/pages/dashboard/tenant/finance/components/receiptRentHis.js
7:17  Warning: 'useEffect' is defined but never used.  no-unused-vars
13:8  Warning: 'changeBackendDateFormatII' is defined but never used.  no-unused-vars

./src/pages/dashboard/tenant/finance/components/rentInformation.js
21:10  Warning: 'shareAble' is assigned a value but never used.  no-unused-vars
21:21  Warning: 'setShareAble' is assigned a value but never used.  no-unused-vars
52:6  Warning: React Hook useEffect has a missing dependency: 'id'. Either include it or remove the dependency array.  react-hooks/exhaustive-deps

./src/pages/dashboard/tenant/finance/components/selectBank.js
1:17  Warning: 'useState' is defined but never used.  no-unused-vars

./src/pages/dashboard/tenant/finance/components/tenantData.js
443:10  Warning: 'selectedDataId' is assigned a value but never used.  no-unused-vars
508:9  Warning: 'handleDelete' is assigned a value but never used.  no-unused-vars

./src/pages/dashboard/tenant/finance/components/verifyBVN.js
2:8  Warning: 'Image' is defined but never used.  no-unused-vars
55:30  Warning: 'upDateddata' is assigned a value but never used.  no-unused-vars
80:11  Warning: 'closeFailedModal' is assigned a value but never used.  no-unused-vars

./src/pages/dashboard/tenant/finance/components/widget.js
4:8  Warning: 'RentSavings' is defined but never used.  no-unused-vars
22:15  Warning: Unknown property 'justify-center' found  react/no-unknown-property

./src/pages/dashboard/tenant/finance/rentSavings/components/createNewRent/createNewRentSavings.js
20:10  Warning: 'selectedData' is assigned a value but never used.  no-unused-vars

./src/pages/dashboard/tenant/finance/rentSavings/components/editAmountToSave/editAmountToSave.js
13:3  Warning: 'setData' is defined but never used.  no-unused-vars
37:13  Warning: 'amountToSaveII' is assigned a value but never used.  no-unused-vars

./src/pages/dashboard/tenant/finance/rentSavings/components/wallet/wallet.js
2:17  Warning: 'useEffect' is defined but never used.  no-unused-vars

./src/pages/dashboard/tenant/finance/wallet/components/transferHis/components/allData.js
16:5  Warning: 'dropdownRef' is defined but never used.  no-unused-vars
18:35  Warning: 'illuminateWallet' is assigned a value but never used.  no-unused-vars
18:53  Warning: 'rentHisLoading' is assigned a value but never used.  no-unused-vars
22:8  Warning: React Hook React.useEffect has a missing dependency: 'fetchRentData'. Either include it or remove the dependency array.  react-hooks/exhaustive-deps

./src/pages/dashboard/tenant/finance/wallet/components/transferHis/components/offlinePayment.js
17:5  Warning: 'dropdownRef' is defined but never used.  no-unused-vars
19:35  Warning: 'illuminateWallet' is assigned a value but never used.  no-unused-vars
19:53  Warning: 'rentHisLoading' is assigned a value but never used.  no-unused-vars
22:8  Warning: React Hook React.useEffect has a missing dependency: 'fetchRentData'. Either include it or remove the dependency array.  react-hooks/exhaustive-deps

./src/pages/dashboard/tenant/finance/wallet/components/transferHis/components/walletPayement.js
16:5  Warning: 'dropdownRef' is defined but never used.  no-unused-vars
18:34  Warning: 'illuminateWallet' is assigned a value but never used.  no-unused-vars
18:52  Warning: 'rentHisLoading' is assigned a value but never used.  no-unused-vars
21:8  Warning: React Hook React.useEffect has a missing dependency: 'fetchRentData'. Either include it or remove the dependency array.  react-hooks/exhaustive-deps

./src/pages/dashboard/tenant/finance/wallet/components/transferHis/components/widget.js
19:11  Warning: 'router' is assigned a value but never used.  no-unused-vars
53:33  Warning: Unknown property 'justify-center' found  react/no-unknown-property

./src/pages/dashboard/tenant/finance/wallet/components/transferHis/transferHis.js
3:17  Warning: 'useEffect' is defined but never used.  no-unused-vars

./src/pages/dashboard/tenant/finance/wallet/components/walletBalance/walletBalance.js
8:8  Warning: 'Link' is defined but never used.  no-unused-vars

./src/pages/dashboard/tenant/finance/wallet/components/withdraw/withdraw.js
10:10  Warning: 'bankDetails' is assigned a value but never used.  no-unused-vars
10:23  Warning: 'setBankDetails' is assigned a value but never used.  no-unused-vars
13:10  Warning: 'loading' is assigned a value but never used.  no-unused-vars
13:19  Warning: 'setLoading' is assigned a value but never used.  no-unused-vars
39:6  Warning: React Hook useEffect has a missing dependency: 'fetchDataBankAcct'. Either include it or remove the dependency array.  react-hooks/exhaustive-deps

./src/pages/dashboard/tenant/finance/wallet/wallet.js
14:6  Warning: React Hook useEffect has a missing dependency: 'fetchWallet'. Either include it or remove the dependency array.  react-hooks/exhaustive-deps

./src/pages/dashboard/tenant/header/components/popUpMenuAlert.js
3:17  Warning: 'useEffect' is defined but never used.  no-unused-vars
3:28  Warning: 'useState' is defined but never used.  no-unused-vars
4:8  Warning: 'Notification' is defined but never used.  no-unused-vars
6:8  Warning: 'PopNotification' is defined but never used.  no-unused-vars
7:8  Warning: 'useBodyScroll' is defined but never used.  no-unused-vars

./src/pages/dashboard/tenant/header/header.js
7:10  Warning: 'tenantMe' is defined but never used.  no-unused-vars
28:9  Warning: 'dropdownRefII' is assigned a value but never used.  no-unused-vars
74:6  Warning: React Hook useEffect has a missing dependency: 'fetchData'. Either include it or remove the dependency array.  react-hooks/exhaustive-deps
76:32  Warning: 'laodingNoti' is assigned a value but never used.  no-unused-vars
88:6  Warning: React Hook useEffect has a missing dependency: 'fetchNoti'. Either include it or remove the dependency array.  react-hooks/exhaustive-deps

./src/pages/dashboard/tenant/maintenance/components/getStarted/getStarted.js
3:8  Warning: 'Dropdown' is defined but never used.  no-unused-vars
5:7  Warning: 'options' is assigned a value but never used.  no-unused-vars

./src/pages/dashboard/tenant/maintenance/components/maintenanceRequest/maintenanceRequest.js
6:10  Warning: 'Fascinate' is defined but never used.  no-unused-vars
15:53  Warning: 'data' is defined but never used.  no-unused-vars
17:10  Warning: 'requestDate' is assigned a value but never used.  no-unused-vars
54:13  Warning: 'data' is assigned a value but never used.  no-unused-vars

./src/pages/dashboard/tenant/maintenance/components/request/requestMobile.js
4:8  Warning: 'Link' is defined but never used.  no-unused-vars

./src/pages/dashboard/tenant/maintenance/components/widget/all.js
2:17  Warning: 'useEffect' is defined but never used.  no-unused-vars
2:28  Warning: 'useState' is defined but never used.  no-unused-vars
3:8  Warning: 'InProgress' is defined but never used.  no-unused-vars
4:8  Warning: 'PendingRequests' is defined but never used.  no-unused-vars
5:8  Warning: 'Resolved' is defined but never used.  no-unused-vars

./src/pages/dashboard/tenant/maintenance/components/widget/widget.js
2:17  Warning: 'useEffect' is defined but never used.  no-unused-vars
9:10  Warning: 'datas' is assigned a value but never used.  no-unused-vars
9:17  Warning: 'setDatas' is assigned a value but never used.  no-unused-vars

./src/pages/dashboard/tenant/maintenance/maintenance.js
19:6  Warning: React Hook useEffect has a missing dependency: 'fetchData'. Either include it or remove the dependency array.  react-hooks/exhaustive-deps

./src/pages/dashboard/tenant/notification/notification.js
17:32  Warning: 'laodingNoti' is assigned a value but never used.  no-unused-vars
21:6  Warning: React Hook useEffect has a missing dependency: 'fetchNoti'. Either include it or remove the dependency array.  react-hooks/exhaustive-deps

./src/pages/dashboard/tenant/notification/notifications/notifications.js
2:17  Warning: 'useEffect' is defined but never used.  no-unused-vars

./src/pages/dashboard/tenant/notificationSidebar/notify/startConversation/startConversation.js
11:10  Warning: 'selectedData' is assigned a value but never used.  no-unused-vars
12:11  Warning: 'Data' is assigned a value but never used.  no-unused-vars

./src/pages/dashboard/tenant/notificationSidebar/sidebar/sidebar.js
19:9  Warning: 'data' is assigned a value but never used.  no-unused-vars

./src/pages/dashboard/tenant/profile/accountInfo/accountInfo.js
1:28  Warning: 'useState' is defined but never used.  no-unused-vars
18:8  Warning: React Hook useEffect has missing dependencies: 'fetchData' and 'fetchDataP'. Either include them or remove the dependency array.  react-hooks/exhaustive-deps

./src/pages/dashboard/tenant/profile/accountInfo/components/internationalPassport.js
1:17  Warning: 'useEffect' is defined but never used.  no-unused-vars
9:8  Warning: 'QoreIDIntegration' is defined but never used.  no-unused-vars
10:8  Warning: 'QoreIDButton' is defined but never used.  no-unused-vars
13:51  Warning: 'customerReference' is defined but never used.  no-unused-vars
13:70  Warning: 'applicantData' is defined but never used.  no-unused-vars
25:11  Warning: 'handleDropdownToggle' is assigned a value but never used.  no-unused-vars
67:30  Warning: 'updatedPassport' is assigned a value but never used.  no-unused-vars

./src/pages/dashboard/tenant/profile/accountInfo/components/nationalIdentityNumber.js
1:17  Warning: 'useEffect' is defined but never used.  no-unused-vars
53:11  Warning: 'viewFileII' is assigned a value but never used.  no-unused-vars
76:30  Warning: 'upDateddata' is assigned a value but never used.  no-unused-vars

./src/pages/dashboard/tenant/profile/accountInfo/components/pinCodeForm.js
30:34  Warning: 'upDateddata' is assigned a value but never used.  no-unused-vars
56:34  Warning: 'upDateddata' is assigned a value but never used.  no-unused-vars

./src/pages/dashboard/tenant/profile/changePassword/changePassword.js
58:24  Warning: 'upDateddata' is assigned a value but never used.  no-unused-vars

./src/pages/dashboard/tenant/profile/personalInfo/components/guarantors.js
6:8  Warning: 'UpdateButton' is defined but never used.  no-unused-vars
12:61  Warning: 'setShowDialogue' is defined but never used.  no-unused-vars
12:78  Warning: 'showDialogue' is defined but never used.  no-unused-vars
12:92  Warning: 'success' is defined but never used.  no-unused-vars
12:101  Warning: 'setSuccess' is defined but never used.  no-unused-vars
12:113  Warning: 'updateDone' is defined but never used.  no-unused-vars
12:125  Warning: 'register' is defined but never used.  no-unused-vars
12:148  Warning: 'formData' is defined but never used.  no-unused-vars

./src/pages/dashboard/tenant/profile/personalInfo/components/occupantDetails.js
3:8  Warning: 'UpdateButton' is defined but never used.  no-unused-vars

./src/pages/dashboard/tenant/profile/personalInfo/components/personalInfoma.js
2:10  Warning: 'chooseState' is defined but never used.  no-unused-vars
7:8  Warning: 'UpdateButton' is defined but never used.  no-unused-vars
10:8  Warning: 'LoadingII' is defined but never used.  no-unused-vars
14:27  Warning: 'setStep' is defined but never used.  no-unused-vars
14:59  Warning: 'setShowDialogue' is defined but never used.  no-unused-vars
14:76  Warning: 'showDialogue' is defined but never used.  no-unused-vars
14:90  Warning: 'success' is defined but never used.  no-unused-vars
14:99  Warning: 'setSuccess' is defined but never used.  no-unused-vars
14:111  Warning: 'updateDone' is defined but never used.  no-unused-vars
14:123  Warning: 'data' is defined but never used.  no-unused-vars
25:11  Warning: 'setFormValuesState' is assigned a value but never used.  no-unused-vars
66:8  Warning: React Hook React.useEffect has a missing dependency: 'API_KEY'. Either include it or remove the dependency array.  react-hooks/exhaustive-deps
78:8  Warning: React Hook React.useEffect has a missing dependency: 'API_KEY'. Either include it or remove the dependency array.  react-hooks/exhaustive-deps
103:8  Warning: React Hook React.useEffect has a missing dependency: 'selectedCountry'. Either include it or remove the dependency array.  react-hooks/exhaustive-deps

./src/pages/dashboard/tenant/profile/personalInfo/components/spouseNextKin.js
4:8  Warning: 'UpdateButton' is defined but never used.  no-unused-vars
8:49  Warning: 'setShowDialogue' is defined but never used.  no-unused-vars
8:66  Warning: 'showDialogue' is defined but never used.  no-unused-vars
8:80  Warning: 'success' is defined but never used.  no-unused-vars
8:89  Warning: 'setSuccess' is defined but never used.  no-unused-vars
8:110  Warning: 'updateDone' is defined but never used.  no-unused-vars

./src/pages/dashboard/tenant/profile/personalInfo/components/successCard.js
6:8  Warning: 'DownloadSmall' is defined but never used.  no-unused-vars
14:12  Warning: 'showShare' is assigned a value but never used.  no-unused-vars
17:11  Warning: 'handlePrint' is assigned a value but never used.  no-unused-vars

./src/pages/dashboard/tenant/profile/personalInfo/components/tenantVerification.js
5:8  Warning: 'LoadingII' is defined but never used.  no-unused-vars
11:8  Warning: 'UpdateButton' is defined but never used.  no-unused-vars
18:8  Warning: 'QoreIDIntegration' is defined but never used.  no-unused-vars
19:8  Warning: 'QoreIDButton' is defined but never used.  no-unused-vars
21:31  Warning: 'setStep' is defined but never used.  no-unused-vars
21:40  Warning: 'register' is defined but never used.  no-unused-vars
21:50  Warning: 'setFormData' is defined but never used.  no-unused-vars
21:63  Warning: 'formData' is defined but never used.  no-unused-vars
22:11  Warning: 'router' is assigned a value but never used.  no-unused-vars
23:12  Warning: 'active' is assigned a value but never used.  no-unused-vars
23:20  Warning: 'setActive' is assigned a value but never used.  no-unused-vars
26:28  Warning: 'loadingP' is assigned a value but never used.  no-unused-vars
26:49  Warning: 'fetchDataP' is assigned a value but never used.  no-unused-vars
27:28  Warning: 'loading' is assigned a value but never used.  no-unused-vars
35:8  Warning: React Hook React.useEffect has a missing dependency: 'fetchData'. Either include it or remove the dependency array.  react-hooks/exhaustive-deps
77:11  Warning: 'customerReference' is assigned a value but never used.  no-unused-vars
78:11  Warning: 'applicantData' is assigned a value but never used.  no-unused-vars

./src/pages/dashboard/tenant/profile/personalInfo/personalInfo.js
3:8  Warning: 'Input' is defined but never used.  no-unused-vars
4:8  Warning: 'UpdateButton' is defined but never used.  no-unused-vars
6:32  Warning: 'updatePersonalInformation' is defined but never used.  no-unused-vars
13:10  Warning: 'formatDateIII' is defined but never used.  no-unused-vars
21:21  Warning: 'handleSubmit' is assigned a value but never used.  no-unused-vars
48:21  Warning: '_' is defined but never used.  no-unused-vars

./src/pages/dashboard/tenant/profile/profile.js
15:6  Warning: React Hook useEffect has a missing dependency: 'fetchData'. Either include it or remove the dependency array.  react-hooks/exhaustive-deps

./src/pages/dashboard/tenant/profile/profilePicture/components/fileUpload.js
8:10  Warning: 'uploadStatus' is assigned a value but never used.  no-unused-vars
19:13  Warning: 'response' is assigned a value but never used.  no-unused-vars

./src/pages/dashboard/tenant/profile/profilePicture/profilePicture.js
34:24  Warning: 'updatedImage' is assigned a value but never used.  no-unused-vars

./src/pages/dashboard/tenant/profile/rentInformation/rentInformation.js
1:8  Warning: 'addCommasToNumber' is defined but never used.  no-unused-vars
9:28  Warning: 'data' is defined but never used.  no-unused-vars
17:12  Warning: 'addYearsToValues' is defined but never used.  no-unused-vars
27:12  Warning: 'formatDate' is defined but never used.  no-unused-vars
75:9  Warning: 'renderName' is assigned a value but never used.  no-unused-vars

./src/pages/dashboard/tenant/profile/widget.js
7:8  Warning: 'AccountInfo' is defined but never used.  no-unused-vars
23:10  Warning: 'activeFour' is assigned a value but never used.  no-unused-vars
25:11  Warning: 'approve' is assigned a value but never used.  no-unused-vars
25:20  Warning: 'rejected' is assigned a value but never used.  no-unused-vars
55:9  Warning: 'handlePageChangeFour' is assigned a value but never used.  no-unused-vars
82:13  Warning: Unknown property 'justify-center' found  react/no-unknown-property

./src/pages/dashboard/tenant/profile/widgetMobile.js
7:8  Warning: 'AccountInfo' is defined but never used.  no-unused-vars
21:12  Warning: 'activeFour' is assigned a value but never used.  no-unused-vars
23:13  Warning: 'approve' is assigned a value but never used.  no-unused-vars
23:22  Warning: 'rejected' is assigned a value but never used.  no-unused-vars
49:11  Warning: 'handlePageChangeFour' is assigned a value but never used.  no-unused-vars

./src/pages/dashboard/tenant/sidebar/sidebar.js
18:8  Warning: 'TenantAccessControl' is defined but never used.  no-unused-vars
115:6  Warning: React Hook useEffect has a missing dependency: 'fetchData'. Either include it or remove the dependency array.  react-hooks/exhaustive-deps

./src/pages/dashboard/tenant/sidebarMobile/sidebarHeader.js
17:8  Warning: 'TenantAccessControl' is defined but never used.  no-unused-vars
24:11  Warning: 'data' is assigned a value but never used.  no-unused-vars
28:6  Warning: React Hook useEffect has a missing dependency: 'fetchData'. Either include it or remove the dependency array.  react-hooks/exhaustive-deps

./src/pages/landingPageProMan/components/planPayBiAnnually.js
24:237  Warning: 'setOpenAgain' is assigned a value but never used.  no-unused-vars
169:17  Warning: 'success' is assigned a value but never used.  no-unused-vars
169:26  Warning: 'data' is assigned a value but never used.  no-unused-vars
169:32  Warning: 'error' is assigned a value but never used.  no-unused-vars
232:6  Warning: React Hook React.useEffect has missing dependencies: 'handleSubmit' and 'isBiAnnaullyData'. Either include them or remove the dependency array.  react-hooks/exhaustive-deps
238:6  Warning: React Hook React.useEffect has missing dependencies: 'handleSubmit' and 'openErrorAgain'. Either include them or remove the dependency array.  react-hooks/exhaustive-deps

./src/pages/landingPageProMan/components/plansMonthly.js
24:234  Warning: 'setOpenAgain' is assigned a value but never used.  no-unused-vars
169:17  Warning: 'success' is assigned a value but never used.  no-unused-vars
169:26  Warning: 'data' is assigned a value but never used.  no-unused-vars
169:32  Warning: 'error' is assigned a value but never used.  no-unused-vars
231:6  Warning: React Hook React.useEffect has missing dependencies: 'handleSubmit' and 'isMonthlyData'. Either include them or remove the dependency array.  react-hooks/exhaustive-deps
237:6  Warning: React Hook React.useEffect has missing dependencies: 'handleSubmit' and 'openErrorAgain'. Either include them or remove the dependency array.  react-hooks/exhaustive-deps

./src/pages/landingPageProMan/components/plansYearly.js
24:235  Warning: 'setOpenAgain' is assigned a value but never used.  no-unused-vars
169:17  Warning: 'success' is assigned a value but never used.  no-unused-vars
169:26  Warning: 'data' is assigned a value but never used.  no-unused-vars
169:32  Warning: 'error' is assigned a value but never used.  no-unused-vars
231:6  Warning: React Hook React.useEffect has missing dependencies: 'handleSubmit' and 'isAnnaullyData'. Either include them or remove the dependency array.  react-hooks/exhaustive-deps
237:6  Warning: React Hook React.useEffect has missing dependencies: 'handleSubmit' and 'openErrorAgain'. Either include them or remove the dependency array.  react-hooks/exhaustive-deps

./src/pages/landingPageProMan/components/popUpPayment.js
24:182  Warning: 'openAgain' is assigned a value but never used.  no-unused-vars
24:207  Warning: 'openErrorAgain' is assigned a value but never used.  no-unused-vars
36:8  Warning: React Hook React.useEffect has a missing dependency: 'fetchEnterprisePlans'. Either include it or remove the dependency array.  react-hooks/exhaustive-deps
41:8  Warning: React Hook React.useEffect has a missing dependency: 'fetchEnterprisePlans'. Either include it or remove the dependency array.  react-hooks/exhaustive-deps

./src/pages/landingPageProMan/components/referralCodeModal.js
193:6  Warning: React Hook useEffect has a missing dependency: 'validateDiscountCode'. Either include it or remove the dependency array.  react-hooks/exhaustive-deps

./src/pages/landingPageProMan/components/widget.js
27:6  Warning: React Hook React.useEffect has a missing dependency: 'fetchData'. Either include it or remove the dependency array.  react-hooks/exhaustive-deps

./src/pages/landingPageProMan/ContactCard.js
32:17  Warning: 'setUser' is assigned a value but never used.  no-unused-vars

./src/pages/landingPageProMan/Features.js
2:8  Warning: 'Image' is defined but never used.  no-unused-vars
12:8  Warning: 'NotificationWhite' is defined but never used.  no-unused-vars

./src/pages/landingPageProMan/Section.js
8:18  Warning: 'routeTo' is defined but never used.  no-unused-vars
8:27  Warning: 'profile' is defined but never used.  no-unused-vars

./src/pages/landingPageProMan/SectionTwo.js
4:8  Warning: 'Image' is defined but never used.  no-unused-vars

./src/pages/landingPageProOwn/ContactCard.js
34:17  Warning: 'setUser' is assigned a value but never used.  no-unused-vars

./src/pages/landingPageProOwn/FAQs.js
7:16  Warning: 'isLoggedIn' is defined but never used.  no-unused-vars

./src/pages/landingPageProOwn/HowItWorks.js
2:8  Warning: 'Image' is defined but never used.  no-unused-vars

./src/pages/landingPageTenant/ContactCard.js
33:17  Warning: 'setUser' is assigned a value but never used.  no-unused-vars

./src/pages/landingPageTenant/SectionB.js
8:8  Warning: 'MoneyReceived' is defined but never used.  no-unused-vars

./src/pages/plan/components/planPayBiAnnually.js
21:10  Warning: 'formError' is assigned a value but never used.  no-unused-vars
219:6  Warning: React Hook React.useEffect has missing dependencies: 'handleSubmit' and 'isBiAnnaullyData'. Either include them or remove the dependency array.  react-hooks/exhaustive-deps

./src/pages/plan/components/plansMonthly.js
19:10  Warning: 'formError' is assigned a value but never used.  no-unused-vars
219:6  Warning: React Hook React.useEffect has missing dependencies: 'handleSubmit' and 'isMonthlyData'. Either include them or remove the dependency array.  react-hooks/exhaustive-deps

./src/pages/plan/components/plansYearly.js
1:29  Warning: 'updateEnterPriseSub' is defined but never used.  no-unused-vars
2:8  Warning: 'Loading' is defined but never used.  no-unused-vars
21:10  Warning: 'formError' is assigned a value but never used.  no-unused-vars
219:6  Warning: React Hook React.useEffect has missing dependencies: 'handleSubmit' and 'isAnnaullyData'. Either include them or remove the dependency array.  react-hooks/exhaustive-deps

./src/pages/plan/components/popUpPayment.js
22:8  Warning: React Hook React.useEffect has a missing dependency: 'fetchEnterprisePlans'. Either include it or remove the dependency array.  react-hooks/exhaustive-deps

./src/pages/plan/pricingPlan.js
15:26  Warning: 'loading' is assigned a value but never used.  no-unused-vars
27:6  Warning: React Hook useEffect has a missing dependency: 'fetchData'. Either include it or remove the dependency array.  react-hooks/exhaustive-deps

./src/pages/pricingPlan/components/planPayBiAnnually.js
23:237  Warning: 'setOpenAgain' is assigned a value but never used.  no-unused-vars
168:15  Warning: 'success' is assigned a value but never used.  no-unused-vars
168:24  Warning: 'data' is assigned a value but never used.  no-unused-vars
168:30  Warning: 'error' is assigned a value but never used.  no-unused-vars
229:6  Warning: React Hook React.useEffect has missing dependencies: 'handleSubmit' and 'isBiAnnaullyData'. Either include them or remove the dependency array.  react-hooks/exhaustive-deps
235:6  Warning: React Hook React.useEffect has missing dependencies: 'handleSubmit' and 'openErrorAgain'. Either include them or remove the dependency array.  react-hooks/exhaustive-deps

./src/pages/pricingPlan/components/plansMonthly.js
1:10  Warning: 'planEnterPriseSub' is defined but never used.  no-unused-vars
8:8  Warning: 'Slider' is defined but never used.  no-unused-vars
27:234  Warning: 'setOpenAgain' is assigned a value but never used.  no-unused-vars
171:15  Warning: 'success' is assigned a value but never used.  no-unused-vars
171:24  Warning: 'data' is assigned a value but never used.  no-unused-vars
171:30  Warning: 'error' is assigned a value but never used.  no-unused-vars
230:6  Warning: React Hook React.useEffect has missing dependencies: 'handleSubmit' and 'isMonthlyData'. Either include them or remove the dependency array.  react-hooks/exhaustive-deps
236:6  Warning: React Hook React.useEffect has missing dependencies: 'handleSubmit' and 'openErrorAgain'. Either include them or remove the dependency array.  react-hooks/exhaustive-deps

./src/pages/pricingPlan/components/plansYearly.js
1:10  Warning: 'planEnterPriseSub' is defined but never used.  no-unused-vars
23:235  Warning: 'setOpenAgain' is assigned a value but never used.  no-unused-vars
167:15  Warning: 'success' is assigned a value but never used.  no-unused-vars
167:24  Warning: 'data' is assigned a value but never used.  no-unused-vars
167:30  Warning: 'error' is assigned a value but never used.  no-unused-vars
226:6  Warning: React Hook React.useEffect has missing dependencies: 'handleSubmit' and 'isAnnaullyData'. Either include them or remove the dependency array.  react-hooks/exhaustive-deps
232:6  Warning: React Hook React.useEffect has missing dependencies: 'handleSubmit' and 'openErrorAgain'. Either include them or remove the dependency array.  react-hooks/exhaustive-deps

./src/pages/pricingPlan/components/popUpPayment.js
22:182  Warning: 'openAgain' is assigned a value but never used.  no-unused-vars
22:207  Warning: 'openErrorAgain' is assigned a value but never used.  no-unused-vars
35:8  Warning: React Hook React.useEffect has a missing dependency: 'fetchEnterprisePlans'. Either include it or remove the dependency array.  react-hooks/exhaustive-deps

./src/pages/pricingPlan/pricingPlan.js
4:8  Warning: 'Link' is defined but never used.  no-unused-vars
5:8  Warning: 'Image' is defined but never used.  no-unused-vars
26:26  Warning: 'loading' is assigned a value but never used.  no-unused-vars
30:6  Warning: React Hook useEffect has a missing dependency: 'fetchData'. Either include it or remove the dependency array.  react-hooks/exhaustive-deps

./src/pages/selectStateAndArea/selectArea.js
8:13  Warning: 'loading' is assigned a value but never used.  no-unused-vars
8:22  Warning: 'success' is assigned a value but never used.  no-unused-vars
8:31  Warning: 'error' is assigned a value but never used.  no-unused-vars
12:8  Warning: React Hook useEffect has a missing dependency: 'chooseArea'. Either include it or remove the dependency array.  react-hooks/exhaustive-deps

./src/pages/selectStateAndArea/selectState.js
8:13  Warning: 'loading' is assigned a value but never used.  no-unused-vars
8:22  Warning: 'success' is assigned a value but never used.  no-unused-vars
8:31  Warning: 'error' is assigned a value but never used.  no-unused-vars
12:8  Warning: React Hook useEffect has a missing dependency: 'chooseState'. Either include it or remove the dependency array.  react-hooks/exhaustive-deps

./src/pages/tenantManagementPlan/popUp.js
1:10  Warning: 'fetchEstates' is defined but never used.  no-unused-vars

./src/store/document/useTabForDocuGen.js
1:8  Warning: 'HomePage' is defined but never used.  no-unused-vars

./src/store/enterpriseStore/propertyForMeStore.js
15:13  Warning: 'properties' is assigned a value but never used.  no-unused-vars

./src/store/enterpriseStore/useEstateForOne.js
2:36  Warning: 'getPropertyTenantLandlord' is defined but never used.  no-unused-vars

./src/store/enterpriseStore/useGeneralPaymentStore.js
1:8  Warning: 'api' is defined but never used.  no-unused-vars

./src/store/enterpriseStore/usePaymentFilterStore.js
5:7  Warning: 'formatDateII' is assigned a value but never used.  no-unused-vars

./src/store/enterpriseStore/useProfileEnterpriseMeTwo.js
3:10  Warning: 'useRouter' is defined but never used.  no-unused-vars

./src/store/enterpriseStore/useTenantForInvite.js
1:8  Warning: 'HomePage' is defined but never used.  no-unused-vars

./src/store/landLordInactiveStore/landLordInactiveStore.js
7:14  Warning: 'state' is defined but never used.  no-unused-vars

./src/store/listingStore/subscriptionStatus.js
2:10  Warning: 'enterpriseMe' is defined but never used.  no-unused-vars

./src/store/propertyForMeStore.js
15:13  Warning: 'properties' is assigned a value but never used.  no-unused-vars

./src/store/tenantKYC/useTenantActiveKYC.js
1:10  Warning: 'setActive' is defined but never used.  no-unused-vars

./src/store/useHeaderStore.js
7:10  Warning: 'state' is defined but never used.  no-unused-vars
9:10  Warning: 'state' is defined but never used.  no-unused-vars

./src/store/useStateAndAreaStore/useAreaStore.js
1:8  Warning: 'React' is defined but never used.  no-unused-vars

./src/store/useStateAndAreaStore/useStateStore.js
2:8  Warning: 'React' is defined but never used.  no-unused-vars

./src/utils/clickOutside.js
18:6  Warning: React Hook useEffect has a missing dependency: 'handleClickOutside'. Either include it or remove the dependency array.  react-hooks/exhaustive-deps

./src/utils/d.js
1:10  Warning: 'NextRequest' is defined but never used.  no-unused-vars
1:23  Warning: 'NextResponse' is defined but never used.  no-unused-vars
2:8  Warning: 'keepThree' is defined but never used.  no-unused-vars
4:7  Warning: 'protectedRoutes' is assigned a value but never used.  no-unused-vars
6:35  Warning: 'req' is defined but never used.  no-unused-vars

./src/utils/dateDotNowInHomz.js
1:8  Warning: 'React' is defined but never used.  no-unused-vars
5:11  Warning: 'options' is assigned a value but never used.  no-unused-vars

./src/utils/determineRoute.js
24:23  Warning: Unsafe usage of optional chaining. If it short-circuits with 'undefined' the evaluation will throw TypeError.  no-unsafe-optional-chaining

./src/utils/formatEmailContent.js
69:9  Warning: 'formattedEmail' is assigned a value but never used.  no-unused-vars

./src/utils/formatLabel.js
1:8  Warning: 'React' is defined but never used.  no-unused-vars

./src/utils/formatPaidAtDate.js
56:13  Warning: 'formattedTime' is assigned a value but never used.  no-unused-vars

./src/utils/geoLocation.js
1:8  Warning: 'React' is defined but never used.  no-unused-vars

./src/utils/getLocation.js
1:8  Warning: 'React' is defined but never used.  no-unused-vars
39:6  Warning: React Hook useEffect has a missing dependency: 'getCoordinates'. Either include it or remove the dependency array.  react-hooks/exhaustive-deps

./src/utils/googleMap.js
22:5  Warning: 'address' is assigned a value but never used.  no-unused-vars
23:10  Warning: 'map' is assigned a value but never used.  no-unused-vars
24:18  Warning: 'setCenter' is assigned a value but never used.  no-unused-vars
38:15  Warning: 'location' is assigned a value but never used.  no-unused-vars
56:51  Warning: 'map' is defined but never used.  no-unused-vars

./src/utils/map.js
2:10  Warning: 'Map' is defined but never used.  no-unused-vars
29:20  Warning: 'setCenter' is assigned a value but never used.  no-unused-vars

./src/utils/promoteProperty.js
68:1  Warning: Assign object to a variable before exporting as module default  import/no-anonymous-default-export

./src/utils/promotionPlan.js
32:1  Warning: Assign object to a variable before exporting as module default  import/no-anonymous-default-export

./src/utils/removeCommasFromString.js
17:43  Warning: Unnecessary escape character: \..  no-useless-escape
17:45  Warning: Unnecessary escape character: \+.  no-useless-escape
17:47  Warning: Unnecessary escape character: \-.  no-useless-escape

./src/utils/transformData.js
4:11  Warning: 'monthMap' is assigned a value but never used.  no-unused-vars
78:47  Warning: '_' is defined but never used.  no-unused-vars
88:54  Warning: '_' is defined but never used.  no-unused-vars

./src/utils/useBodyScroll.js
24:6  Warning: React Hook useEffect has a missing dependency: 'triggerStates'. Either include it or remove the dependency array.  react-hooks/exhaustive-deps
24:7  Warning: React Hook useEffect has a spread element in its dependency array. This means we can't statically verify whether you've passed the correct dependencies.  react-hooks/exhaustive-deps

info  - Need to disable some ESLint rules? Learn more here: https://nextjs.org/docs/basic-features/eslint#disabling-rules
   Collecting page data ...
[DEPRECATED] `getStorage`, `serialize` and `deserialize` options are deprecated. Use `storage` option instead.
[DEPRECATED] `getStorage`, `serialize` and `deserialize` options are deprecated. Use `storage` option instead.
[DEPRECATED] `getStorage`, `serialize` and `deserialize` options are deprecated. Use `storage` option instead.
   Generating static pages (0/674) ...
[DEPRECATED] `getStorage`, `serialize` and `deserialize` options are deprecated. Use `storage` option instead.
false
[DEPRECATED] `getStorage`, `serialize` and `deserialize` options are deprecated. Use `storage` option instead.
[DEPRECATED] `getStorage`, `serialize` and `deserialize` options are deprecated. Use `storage` option instead.
ReferenceError: window is not defined
    at C:\Users\lenovo\Documents\Homzproject_mainApp\homz\.next\server\pages\dashboard\enterprise\documentGeneration\components\word.js:1:7107
ReferenceError: window is not defined
    at C:\Users\lenovo\Documents\Homzproject_mainApp\homz\.next\server\chunks\19579.js:1:24086
undefined
undefined
   Generating static pages (168/674) 
null
[]
undefined
[]
null
[]
undefined
   Generating static pages (336/674) 
   Generating static pages (505/674) 
 ✓ Generating static pages (674/674)
   Finalizing page optimization ...
   Collecting build traces ...

Route (app)                                                                                  Size     First Load JS
┌ ○ /                                                                                        2 kB            344 kB
├ ○ /_not-found                                                                              245 B          88.7 kB
├ ○ /about-us                                                                                192 B           103 kB
├ ƒ /agent/[id]                                                                              8.72 kB         366 kB
├ ○ /all                                                                                     908 B           407 kB
├ ƒ /api/auth/[...nextauth]                                                                  0 B                0 B
├ ○ /contact-page                                                                            8.76 kB         284 kB
├ ○ /dashboard/enterprise-property/dashboard                                                 9.24 kB         380 kB
├ ○ /dashboard/enterprise-property/documentGeneration                                        128 kB          601 kB
├ ○ /dashboard/enterprise-property/estates                                                   27.9 kB         593 kB
├ ƒ /dashboard/enterprise-property/estates/dashboard/[id]                                    6.04 kB         364 kB
├ ƒ /dashboard/enterprise-property/estates/estateInfo/[id]                                   11.7 kB         324 kB
├ ƒ /dashboard/enterprise-property/estates/reminder-multiple/[id]                            14.2 kB         306 kB
├ ƒ /dashboard/enterprise-property/estates/tenants/[id]                                      8.46 kB         482 kB
├ ○ /dashboard/enterprise-property/expenses                                                  27.2 kB         497 kB
├ ○ /dashboard/enterprise-property/letterHead                                                187 B          93.8 kB
├ ○ /dashboard/enterprise-property/maintenance                                               8.86 kB         285 kB
├ ○ /dashboard/enterprise-property/notificationPage                                          2.58 kB         105 kB
├ ○ /dashboard/enterprise-property/notifications                                             3.97 kB         106 kB
├ ○ /dashboard/enterprise-property/payments                                                  32.1 kB         523 kB
├ ○ /dashboard/enterprise-property/payments/activities                                       4.57 kB         260 kB
├ ○ /dashboard/enterprise-property/profile                                                   12.6 kB         318 kB
├ ○ /dashboard/enterprise-property/request                                                   25.1 kB         316 kB
├ ○ /dashboard/enterprise-property/setting                                                   7.83 kB         297 kB
├ ○ /dashboard/enterprise-property/support                                                   173 B           277 kB
├ ○ /dashboard/enterprise-property/tenants                                                   10.8 kB         540 kB
├ ○ /dashboard/enterprise-property/tenants/access-records                                    2.71 kB         307 kB
├ ƒ /dashboard/enterprise-property/tenants/profile/[id]                                      83.4 kB         562 kB
├ ○ /dashboard/enterprise-property/tenants/reminder                                          8.78 kB         119 kB
├ ○ /dashboard/enterprise-property/tenants/tenant-poll                                       1.89 kB         112 kB
├ ○ /dashboard/enterprise-property/tenants/tenant-poll/poll                                  4 kB            132 kB
├ ○ /dashboard/enterprise-property/tenants/tenant-poll/poll/poll-questions                   6.44 kB         116 kB
├ ○ /dashboard/enterprise-property/tenants/tenant-poll/poll/preview                          4.75 kB         115 kB
├ ○ /dashboard/enterprise-property/tenants/tenant-poll/poll/responses                        4.67 kB         115 kB
├ ○ /dashboard/enterprise-property/tenants/tenant-poll/poll/update-poll                      2.61 kB         130 kB
├ ○ /dashboard/list_Property                                                                 249 B           413 kB
├ ○ /dashboard/list_Property/addProperty                                                     13.4 kB         363 kB
├ ○ /dashboard/list_Property/dashboard                                                       248 B           413 kB
├ ƒ /dashboard/list_Property/edit_property/[id]                                              37.1 kB         404 kB
├ ƒ /dashboard/list_Property/PreviewProperty/[id]                                            6.69 kB         273 kB
├ ○ /dashboard/list_Property/Profile                                                         16.2 kB         309 kB
├ ○ /dashboard/list_Property/properties                                                      10.1 kB         332 kB
├ ○ /dashboard/property-owner/dashboard                                                      6.71 kB         329 kB
├ ○ /dashboard/property-owner/estates                                                        5.49 kB         279 kB
├ ƒ /dashboard/property-owner/estates/dashboard/[id]                                         6.6 kB          331 kB
├ ƒ /dashboard/property-owner/estates/estateInfo/[id]                                        5.91 kB         277 kB
├ ƒ /dashboard/property-owner/estates/tenants/[id]                                           4.56 kB         301 kB
├ ○ /dashboard/property-owner/letterHead                                                     187 B          93.8 kB
├ ○ /dashboard/property-owner/maintenance                                                    4.43 kB         278 kB
├ ○ /dashboard/property-owner/notificationPage                                               2.63 kB         105 kB
├ ○ /dashboard/property-owner/notifications                                                  3.53 kB         106 kB
├ ○ /dashboard/property-owner/payments                                                       125 kB          493 kB
├ ○ /dashboard/property-owner/payments/activities                                            4.57 kB         260 kB
├ ○ /dashboard/property-owner/profile                                                        9.7 kB          304 kB
├ ○ /dashboard/property-owner/setting                                                        889 B          89.3 kB
├ ○ /dashboard/property-owner/support                                                        173 B           277 kB
├ ○ /dashboard/property-owner/tenants                                                        3.37 kB         300 kB
├ ƒ /dashboard/property-owner/tenants/profile/[id]                                           14.8 kB         296 kB
├ ○ /dashboard/security                                                                      210 B           145 kB
├ ○ /dashboard/security/access-records                                                       210 B           145 kB
├ ○ /dashboard/security/Profile                                                              7.86 kB         283 kB
├ ○ /dashboard/security/support                                                              173 B           277 kB
├ ○ /dashboard/tenant/accessControl                                                          5.7 kB          294 kB
├ ○ /dashboard/tenant/dashboard                                                              12.5 kB         293 kB
├ ○ /dashboard/tenant/estateInformation                                                      9.36 kB         295 kB
├ ƒ /dashboard/tenant/estateInformation/joinEstate/[id]                                      244 B          88.7 kB
├ ○ /dashboard/tenant/finance                                                                16.7 kB         315 kB
├ ○ /dashboard/tenant/finance/activities                                                     4.59 kB         260 kB
├ ○ /dashboard/tenant/maintenance                                                            8.32 kB         292 kB
├ ○ /dashboard/tenant/notificationPage                                                       2.15 kB         252 kB
├ ○ /dashboard/tenant/notifications                                                          3.55 kB         106 kB
├ ○ /dashboard/tenant/profile                                                                15.9 kB         508 kB
├ ○ /dashboard/tenant/setting                                                                910 B          89.4 kB
├ ○ /dashboard/tenant/support                                                                173 B           277 kB
├ ○ /document-generation                                                                     14.3 kB         481 kB
├ ○ /enterprise                                                                              1.51 kB         361 kB
├ ○ /forgetpassword                                                                          3.72 kB         281 kB
├ ƒ /forgetpassword/[resetpassword]                                                          245 B          88.7 kB
├ ○ /forgetpassword/resetpassword                                                            4.61 kB         296 kB
├ ○ /know-tenant                                                                             8.84 kB         429 kB
├ ○ /land                                                                                    911 B           407 kB
├ ƒ /land/[location]                                                                         1.26 kB         407 kB
├ ○ /landlord                                                                                7.42 kB         285 kB
├ ○ /list-a-property                                                                         2.26 kB         312 kB
├ ○ /listing-a-property                                                                      3.66 kB         383 kB
├ ○ /login                                                                                   6.15 kB         382 kB
├ ○ /opengraph-image.png                                                                     0 B                0 B
├ ○ /plan/enterprise-plan                                                                    4.58 kB         368 kB
├ ○ /plan/list-property                                                                      4.81 kB         295 kB
├ ○ /plan/manage-property                                                                    5.28 kB         319 kB
├ ○ /plan/pricing                                                                            8.3 kB          340 kB
├ ○ /plan/tenant-management                                                                  2.34 kB         283 kB
├ ○ /plans                                                                                   7.5 kB          345 kB
├ ○ /privacy-policy                                                                          4.03 kB         112 kB
├ ○ /property-management                                                                     520 B           360 kB
├ ○ /property-owner-account-creation                                                         3.66 kB         310 kB
├ ƒ /property/[id]                                                                           11.4 kB         466 kB
├ ○ /register                                                                                4.72 kB         311 kB
├ ○ /rent                                                                                    914 B           407 kB
├ ƒ /rent/[location]                                                                         1.47 kB         407 kB
├ ƒ /rent/[location]/[propertyType]                                                          1.27 kB         407 kB
├ ○ /sales                                                                                   914 B           407 kB
├ ƒ /sales/[location]                                                                        1.47 kB         407 kB
├ ƒ /sales/[location]/[propertyType]                                                         1.27 kB         407 kB
├ ○ /second-invite-landlord                                                                  1.96 kB         300 kB
├ ○ /select-plan                                                                             2.71 kB         272 kB
├ ○ /shortlet                                                                                913 B           407 kB
├ ƒ /shortlet/[location]                                                                     1.47 kB         407 kB
├ ƒ /shortlet/[location]/[propertyType]                                                      1.27 kB         407 kB
├ ○ /subscriptionPlans                                                                       27.8 kB         376 kB
├ ○ /switch-profile                                                                          2.71 kB         272 kB
├ ○ /tenant                                                                                  6.8 kB          284 kB
├ ○ /tenant-creation                                                                         4.6 kB          306 kB
├ ○ /terms-and-conditions                                                                    5.3 kB          113 kB
└ ○ /verify-email                                                                            5.21 kB         307 kB
+ First Load JS shared by all                                                                88.4 kB
  ├ chunks/52117-db1c981367e6670c.js                                                         31.9 kB
  ├ chunks/fd9d1056-5bf481aecb4d4019.js                                                      53.6 kB
  └ other shared chunks (total)                                                              2.9 kB

Route (pages)                                                                                Size     First Load JS
┌ ○ /aboutUs/Hero                                                                            1.99 kB        91.1 kB
├ ○ /aboutUs/Meet (366 ms)                                                                   817 B          89.9 kB
├ ○ /contactPage/ContactB (344 ms)                                                           749 B          83.3 kB
├ ○ /contactPage/ContactDoc                                                                  14.6 kB         271 kB
├ ○ /dashboard/enterprise/components/acAndRejModel (363 ms)                                  1.47 kB          98 kB
├ ○ /dashboard/enterprise/components/box                                                     588 B          83.2 kB
├ ○ /dashboard/enterprise/components/button                                                  1.13 kB        87.7 kB
├ ○ /dashboard/enterprise/components/chat                                                    593 B          95.9 kB
├ ○ /dashboard/enterprise/components/confirmModal                                            665 B          87.3 kB
├ ○ /dashboard/enterprise/components/confirmModalI                                           604 B          87.2 kB
├ ○ /dashboard/enterprise/components/confirmModalII                                          655 B          87.2 kB
├ ○ /dashboard/enterprise/components/confirmUpdateModal                                      665 B          87.3 kB
├ ○ /dashboard/enterprise/components/deleteModal                                             2.17 kB        98.8 kB
├ ○ /dashboard/enterprise/components/dropDown                                                930 B          87.5 kB
├ ○ /dashboard/enterprise/components/dropDownFilter                                          1.32 kB        87.9 kB
├ ○ /dashboard/enterprise/components/dropDownTwo                                             1.23 kB        83.8 kB
├ ○ /dashboard/enterprise/components/expiredPlanModal                                        694 B          87.3 kB
├ ○ /dashboard/enterprise/components/failedModal                                             657 B          87.2 kB
├ ○ /dashboard/enterprise/components/filterMobile                                            2.05 kB        88.6 kB
├ ○ /dashboard/enterprise/components/input                                                   523 B          83.1 kB
├ ○ /dashboard/enterprise/components/inputTwo                                                392 B            83 kB
├ ○ /dashboard/enterprise/components/statusDropDown                                          1.78 kB         102 kB
├ ○ /dashboard/enterprise/components/statusDropDownII                                        1.88 kB         102 kB
├ ○ /dashboard/enterprise/components/toggle                                                  534 B          83.1 kB
├ ○ /dashboard/enterprise/dashboard/components/estatecard/card                               1.88 kB         106 kB
├ ○ /dashboard/enterprise/dashboard/components/homescard/card                                909 B           150 kB
├ ○ /dashboard/enterprise/dashboard/components/maintenance/card                              3.32 kB         246 kB
├ ○ /dashboard/enterprise/dashboard/components/revenue/card                                  1.3 kB          157 kB
├ ○ /dashboard/enterprise/dashboard/components/tenants/card                                  250 B           248 kB
├ ○ /dashboard/enterprise/dashboard/dashboard                                                7.27 kB         369 kB
├ ○ /dashboard/enterprise/documentGeneration/components/agreementForm                        5.1 kB          425 kB
├ ○ /dashboard/enterprise/documentGeneration/components/customInformation                    1.99 kB         430 kB
├ ○ /dashboard/enterprise/documentGeneration/components/documentCreation                     2.18 kB         451 kB
├ ○ /dashboard/enterprise/documentGeneration/components/downloadConfirmModal                 1.56 kB        88.1 kB
├ ○ /dashboard/enterprise/documentGeneration/components/dropDown                             1.01 kB        87.6 kB
├ ○ /dashboard/enterprise/documentGeneration/components/dropDownBlue                         5.01 kB         215 kB
├ ○ /dashboard/enterprise/documentGeneration/components/filterMobile                         2.01 kB        88.6 kB
├ ○ /dashboard/enterprise/documentGeneration/components/newDocument                          2.71 kB        85.3 kB
├ ○ /dashboard/enterprise/documentGeneration/components/popUp                                1.18 kB        83.8 kB
├ ○ /dashboard/enterprise/documentGeneration/components/previewedData                        7.3 kB         95.1 kB
├ ○ /dashboard/enterprise/documentGeneration/components/printablePreviewedData               560 B          88.3 kB
├ ○ /dashboard/enterprise/documentGeneration/components/printableQuitNoticeData              1.74 kB        88.3 kB
├ ○ /dashboard/enterprise/documentGeneration/components/printableReceiptData                 564 B          88.3 kB
├ ○ /dashboard/enterprise/documentGeneration/components/quitNoticeData                       3.74 kB        90.3 kB
├ ○ /dashboard/enterprise/documentGeneration/components/quitNoticeForm                       6.08 kB         426 kB
├ ○ /dashboard/enterprise/documentGeneration/components/receiptData                          3.39 kB        91.1 kB
├ ○ /dashboard/enterprise/documentGeneration/components/receiptForm                          6.58 kB         427 kB
├ ○ /dashboard/enterprise/documentGeneration/components/selectDocument                       5.34 kB         103 kB
├ ○ /dashboard/enterprise/documentGeneration/components/widget                               2 kB            451 kB
├ ○ /dashboard/enterprise/documentGeneration/components/word                                 1.52 kB         188 kB
├ ○ /dashboard/enterprise/documentGeneration/components/wordAgreement (409 ms)               243 B           192 kB
├ ○ /dashboard/enterprise/documentGeneration/documentGeneration                              30.3 kB         578 kB
├ ○ /dashboard/enterprise/estates/components/card                                            1.06 kB         506 kB
├ ○ /dashboard/enterprise/estates/components/confirmEstateListing                            720 B          89.8 kB
├ ○ /dashboard/enterprise/estates/components/dropDown                                        915 B          87.5 kB
├ ○ /dashboard/enterprise/estates/components/estateCard                                      1.26 kB         506 kB
├ ○ /dashboard/enterprise/estates/components/fileUpload                                      1.23 kB         124 kB
├ ○ /dashboard/enterprise/estates/components/homeCard                                        7.76 kB         347 kB
├ ○ /dashboard/enterprise/estates/components/imageUpload                                     762 B          87.3 kB
├ ○ /dashboard/enterprise/estates/components/imageUploadII                                   810 B          87.4 kB
├ ○ /dashboard/enterprise/estates/components/inputEstate                                     455 B          83.1 kB
├ ○ /dashboard/enterprise/estates/components/maintenanceCard                                 3.51 kB         246 kB
├ ○ /dashboard/enterprise/estates/components/popUpMenu                                       318 B           505 kB
├ ○ /dashboard/enterprise/estates/components/popUpMenuDoc                                    1.48 kB         244 kB
├ ○ /dashboard/enterprise/estates/components/revCard                                         4.36 kB         313 kB
├ ○ /dashboard/enterprise/estates/components/tenantCard                                      1.91 kB          91 kB
├ ○ /dashboard/enterprise/estates/dashboard/dashboard                                        10.8 kB         353 kB
├ ○ /dashboard/enterprise/estates/estateForm/addPhotos                                       7.53 kB        94.1 kB
├ ○ /dashboard/enterprise/estates/estateForm/contactInfo                                     3.64 kB         114 kB
├ ○ /dashboard/enterprise/estates/estateForm/documents                                       9.26 kB         265 kB
├ ○ /dashboard/enterprise/estates/estateForm/estateForm                                      10.2 kB         319 kB
├ ○ /dashboard/enterprise/estates/estateForm/propertyInfo                                    4.95 kB         295 kB
├ ○ /dashboard/enterprise/estates/estateForm/widget                                          8.56 kB         317 kB
├ ○ /dashboard/enterprise/estates/estateForm/widgetMobile                                    14.5 kB         317 kB
├ ○ /dashboard/enterprise/estates/estateInfo/components/bankAccountDetails                   8.95 kB         295 kB
├ ○ /dashboard/enterprise/estates/estateInfo/components/contactInfo                          8.34 kB         258 kB
├ ○ /dashboard/enterprise/estates/estateInfo/components/documents                            7.28 kB         252 kB
├ ○ /dashboard/enterprise/estates/estateInfo/components/estateInfo                           266 B           302 kB
├ ○ /dashboard/enterprise/estates/estateInfo/components/photos                               8.43 kB         262 kB
├ ○ /dashboard/enterprise/estates/estateInfo/components/selectBank                           490 B           120 kB
├ ○ /dashboard/enterprise/estates/estateInfo/estateInfo                                      2.52 kB         315 kB
├ ○ /dashboard/enterprise/estates/estateInfo/widget                                          274 B           311 kB
├ ○ /dashboard/enterprise/estates/estateInfo/widgetMobile                                    4.15 kB         311 kB
├ ○ /dashboard/enterprise/estates/estates                                                    5.17 kB         561 kB
├ ○ /dashboard/enterprise/estates/importTenant/components/bulkInvite                         2.17 kB         162 kB
├ ○ /dashboard/enterprise/estates/importTenant/components/dataMapping                        4.52 kB        91.1 kB
├ ○ /dashboard/enterprise/estates/importTenant/components/dropDown                           1.31 kB        87.9 kB
├ ○ /dashboard/enterprise/estates/importTenant/components/ExceedTenant                       3.17 kB        87.9 kB
├ ○ /dashboard/enterprise/estates/importTenant/components/importSummary                      2.27 kB         262 kB
├ ○ /dashboard/enterprise/estates/importTenant/components/singleInvite                       1.71 kB         415 kB
├ ○ /dashboard/enterprise/estates/importTenant/components/uploadYourFile                     8.73 kB         138 kB
├ ○ /dashboard/enterprise/estates/importTenant/components/widgetBulk                         1.99 kB         162 kB
├ ○ /dashboard/enterprise/estates/importTenant/components/withoutNameAnEmail                 2.75 kB        85.3 kB
├ ○ /dashboard/enterprise/estates/importTenant/components/withoutRentInfo                    4.83 kB        91.4 kB
├ ○ /dashboard/enterprise/estates/importTenant/inviteTenant                                  6.71 kB        89.3 kB
├ ○ /dashboard/enterprise/estates/listedEstates                                              323 B           550 kB
├ ○ /dashboard/enterprise/estates/tenants/components/printableTenantsTwo                     3.17 kB         104 kB
├ ○ /dashboard/enterprise/estates/tenants/components/tenantsTwo                              12.2 kB         271 kB
├ ○ /dashboard/enterprise/estates/tenants/tenants                                            22.3 kB         459 kB
├ ○ /dashboard/enterprise/header/components/popUpMenu                                        1.96 kB         247 kB
├ ○ /dashboard/enterprise/header/components/popUpMenuAlert                                   2.68 kB        91.8 kB
├ ○ /dashboard/enterprise/header/components/trialWarning                                     933 B            86 kB
├ ○ /dashboard/enterprise/header/header                                                      3.63 kB         276 kB
├ ○ /dashboard/enterprise/letterHead/letterHead                                              1.62 kB        88.2 kB
├ ○ /dashboard/enterprise/letterHead/letterHeadII                                            1.6 kB         88.2 kB
├ ○ /dashboard/enterprise/letterHead/letterHeadIII                                           1.63 kB        88.2 kB
├ ○ /dashboard/enterprise/maintenance/components/filter                                      1.7 kB         88.3 kB
├ ○ /dashboard/enterprise/maintenance/components/maintenanceTable                            260 B           267 kB
├ ○ /dashboard/enterprise/maintenance/components/popUpMenu                                   647 B          89.7 kB
├ ○ /dashboard/enterprise/maintenance/components/statusDropDownMain                          1.73 kB         102 kB
├ ○ /dashboard/enterprise/maintenance/maintenance                                            5.07 kB         272 kB
├ ○ /dashboard/enterprise/notification/components/dropDown                                   767 B          87.4 kB
├ ○ /dashboard/enterprise/notification/components/popNotification                            743 B          87.3 kB
├ ○ /dashboard/enterprise/notification/filter/filter                                         1 kB           87.6 kB
├ ○ /dashboard/enterprise/notification/header/header                                         607 B          89.7 kB
├ ○ /dashboard/enterprise/notification/notification                                          2.36 kB        91.4 kB
├ ○ /dashboard/enterprise/notification/notifications/notifications                           980 B          87.6 kB
├ ○ /dashboard/enterprise/notificationSidebar/alert/alert                                    634 B          89.7 kB
├ ○ /dashboard/enterprise/notificationSidebar/alert/alertHeader/alertHeader                  609 B          89.7 kB
├ ○ /dashboard/enterprise/notificationSidebar/notify/notify                                  501 B          93.2 kB
├ ○ /dashboard/enterprise/notificationSidebar/notify/startConversation/message               1.86 kB        88.4 kB
├ ○ /dashboard/enterprise/notificationSidebar/notify/startConversation/startConversation     239 B          90.4 kB
├ ○ /dashboard/enterprise/notificationSidebar/notify/startConversation/startConversionPopUp  1.97 kB        88.6 kB
├ ○ /dashboard/enterprise/notificationSidebar/sidebar/sidebar                                2.12 kB        91.2 kB
├ ○ /dashboard/enterprise/payments/components/acAndRejModel                                  1.42 kB          98 kB
├ ○ /dashboard/enterprise/payments/components/accountInfo                                    1.2 kB         87.8 kB
├ ○ /dashboard/enterprise/payments/components/bankForm                                       5.34 kB         296 kB
├ ○ /dashboard/enterprise/payments/components/createTransactionPin                           10.3 kB         264 kB
├ ○ /dashboard/enterprise/payments/components/dropDown                                       841 B          87.4 kB
├ ○ /dashboard/enterprise/payments/components/dropDownBlue                                   1.4 kB           84 kB
├ ○ /dashboard/enterprise/payments/components/failedModal                                    725 B          87.3 kB
├ ○ /dashboard/enterprise/payments/components/feeList                                        3.42 kB         239 kB
├ ○ /dashboard/enterprise/payments/components/filterMobile                                   2.01 kB        88.6 kB
├ ○ /dashboard/enterprise/payments/components/header                                         1.44 kB          88 kB
├ ○ /dashboard/enterprise/payments/components/includeAdditionalFee                           1.27 kB        83.9 kB
├ ○ /dashboard/enterprise/payments/components/input                                          447 B            83 kB
├ ○ /dashboard/enterprise/payments/components/offlinePayment                                 15 kB           386 kB
├ ○ /dashboard/enterprise/payments/components/popMenuToTenantProfile                         4.59 kB         376 kB
├ ○ /dashboard/enterprise/payments/components/popUpMenu                                      1.31 kB        83.9 kB
├ ○ /dashboard/enterprise/payments/components/popUpUpdateMenu                                3.13 kB         347 kB
├ ○ /dashboard/enterprise/payments/components/popUpWalletCreationForm                        12.2 kB         268 kB
├ ○ /dashboard/enterprise/payments/components/printableAll                                   6.6 kB          248 kB
├ ○ /dashboard/enterprise/payments/components/printableReceipt                               236 B          92.1 kB
├ ○ /dashboard/enterprise/payments/components/receipt                                        246 B           102 kB
├ ○ /dashboard/enterprise/payments/components/receiptModal                                   639 B          87.2 kB
├ ○ /dashboard/enterprise/payments/components/selectBank                                     478 B           120 kB
├ ○ /dashboard/enterprise/payments/components/shareAbleReceipt                               994 B          87.6 kB
├ ○ /dashboard/enterprise/payments/components/tenantData                                     15 kB           386 kB
├ ○ /dashboard/enterprise/payments/components/topUPModal                                     3.23 kB         259 kB
├ ○ /dashboard/enterprise/payments/components/updateDropDown                                 938 B          87.5 kB
├ ○ /dashboard/enterprise/payments/components/verifyBVN                                      4.21 kB         260 kB
├ ○ /dashboard/enterprise/payments/components/walletPayement                                 14.9 kB         386 kB
├ ○ /dashboard/enterprise/payments/components/widget                                         3.71 kB         545 kB
├ ○ /dashboard/enterprise/payments/components/widgetTwo                                      12.1 kB         268 kB
├ ○ /dashboard/enterprise/payments/payments                                                  7.17 kB         549 kB
├   └ css/5dbc013f7c31466c.css                                                               2.91 kB
├ ○ /dashboard/enterprise/payments/tenantPage/feeManagementModal                             11.1 kB         261 kB
├ ○ /dashboard/enterprise/payments/tenantPage/tenants                                        1.35 kB         504 kB
├ ○ /dashboard/enterprise/payments/tenantPage/widget                                         312 B           503 kB
├ ○ /dashboard/enterprise/payments/wallet/components/transferDetails                         5.73 kB         282 kB
├ ○ /dashboard/enterprise/payments/wallet/components/transferHis                             1.54 kB        90.6 kB
├ ○ /dashboard/enterprise/payments/wallet/components/walletBalance                           8.91 kB         273 kB
├ ○ /dashboard/enterprise/payments/wallet/components/withdraw                                7.34 kB         298 kB
├ ○ /dashboard/enterprise/payments/wallet/wallet                                             10.5 kB         341 kB
├ ○ /dashboard/enterprise/profile/accountInfo/accountInfo                                    10.5 kB         284 kB
├ ○ /dashboard/enterprise/profile/accountInfo/components/internationalPassport               9.56 kB         278 kB
├ ○ /dashboard/enterprise/profile/accountInfo/components/interPassport                       1.22 kB        87.8 kB
├ ○ /dashboard/enterprise/profile/accountInfo/components/nationalIdentityNumber              10.4 kB         267 kB
├ ○ /dashboard/enterprise/profile/accountInfo/components/nationalPassport                    1.38 kB          88 kB
├ ○ /dashboard/enterprise/profile/accountInfo/components/pinCodeForm                         4.67 kB         258 kB
├ ○ /dashboard/enterprise/profile/businessInfo/businessInfo                                  9.97 kB         264 kB
├ ○ /dashboard/enterprise/profile/businessLogo/businessLogo                                  2.62 kB         281 kB
├ ○ /dashboard/enterprise/profile/changePassword/changePassword                              10.6 kB         272 kB
├ ○ /dashboard/enterprise/profile/changePassword/components/inputVisible                     1.16 kB        83.8 kB
├ ○ /dashboard/enterprise/profile/changePassword/components/updateButtonPassword             1.97 kB         110 kB
├ ○ /dashboard/enterprise/profile/components/updateButton                                    2.11 kB         103 kB
├ ○ /dashboard/enterprise/profile/payment/components/collectCardDetails                      716 B          83.3 kB
├ ○ /dashboard/enterprise/profile/payment/payment                                            2.45 kB         273 kB
├ ○ /dashboard/enterprise/profile/personalInfo/personalInfo                                  9.97 kB         264 kB
├ ○ /dashboard/enterprise/profile/profile                                                    1.34 kB         313 kB
├ ○ /dashboard/enterprise/profile/widget                                                     4.96 kB         312 kB
├ ○ /dashboard/enterprise/profile/widgetMobile                                               287 B           312 kB
├ ○ /dashboard/enterprise/request/components/acceptAndRejectModel                            644 B          83.2 kB
├ ○ /dashboard/enterprise/request/pendingRequest                                             427 B           244 kB
├ ○ /dashboard/enterprise/request/requestPage                                                29.1 kB         305 kB
├ ○ /dashboard/enterprise/setting/components/inputSetting                                    446 B            83 kB
├ ○ /dashboard/enterprise/setting/components/saveChanges                                     421 B            83 kB
├ ○ /dashboard/enterprise/setting/estates/estates                                            955 B          83.6 kB
├ ○ /dashboard/enterprise/setting/manageUserRoles/components/dropDown                        775 B          87.4 kB
├ ○ /dashboard/enterprise/setting/manageUserRoles/components/dropDownColor                   807 B          87.4 kB
├ ○ /dashboard/enterprise/setting/manageUserRoles/components/dropDownManageUsers             783 B          87.4 kB
├ ○ /dashboard/enterprise/setting/manageUserRoles/components/invites                         1.06 kB        87.7 kB
├ ○ /dashboard/enterprise/setting/manageUserRoles/components/popUp                           256 B           243 kB
├ ○ /dashboard/enterprise/setting/manageUserRoles/components/propertyAccess                  6.49 kB         267 kB
├ ○ /dashboard/enterprise/setting/manageUserRoles/components/table                           6.49 kB         270 kB
├ ○ /dashboard/enterprise/setting/manageUserRoles/components/tableUser                       2.3 kB          274 kB
├ ○ /dashboard/enterprise/setting/manageUserRoles/manageUserRoles                            3.34 kB         277 kB
├ ○ /dashboard/enterprise/setting/manageUsers/components/dropDown                            774 B          87.4 kB
├ ○ /dashboard/enterprise/setting/manageUsers/components/dropDownColor                       805 B          87.4 kB
├ ○ /dashboard/enterprise/setting/manageUsers/components/dropDownManageUsers                 779 B          87.4 kB
├ ○ /dashboard/enterprise/setting/manageUsers/components/invites                             1.06 kB        87.6 kB
├ ○ /dashboard/enterprise/setting/manageUsers/components/propertyAccess                      8.1 kB          267 kB
├ ○ /dashboard/enterprise/setting/manageUsers/components/table                               8.11 kB         270 kB
├ ○ /dashboard/enterprise/setting/manageUsers/components/tableUser                           2.49 kB         272 kB
├ ○ /dashboard/enterprise/setting/manageUsers/manageUsers                                    279 B           287 kB
├ ○ /dashboard/enterprise/setting/notifications/notifications                                860 B          83.5 kB
├ ○ /dashboard/enterprise/setting/setting                                                    907 B           288 kB
├ ○ /dashboard/enterprise/setting/tenants/tenants                                            1.14 kB        83.7 kB
├ ○ /dashboard/enterprise/setting/widget                                                     701 B           288 kB
├ ○ /dashboard/enterprise/sidebar/sidebar                                                    4.66 kB         264 kB
├ ○ /dashboard/enterprise/sidebarMobile/sidebarHeader                                        265 B           263 kB
├ ○ /dashboard/enterprise/support/components/sectionOne                                      4.85 kB        93.9 kB
├ ○ /dashboard/enterprise/tenants/components/mobileProfile                                   320 B           561 kB
├ ○ /dashboard/enterprise/tenants/components/modal                                           8.09 kB         267 kB
├ ○ /dashboard/enterprise/tenants/components/modalTwo                                        779 B          83.4 kB
├ ○ /dashboard/enterprise/tenants/components/popUpMenuTwo                                    3.4 kB          106 kB
├ ○ /dashboard/enterprise/tenants/components/statusDropDownMain                              1.76 kB         102 kB
├ ○ /dashboard/enterprise/tenants/components/table                                           5.34 kB         245 kB
├ ○ /dashboard/enterprise/tenants/components/widget                                          1.58 kB         276 kB
├ ○ /dashboard/enterprise/tenants/components/yesNOModal                                      632 B          83.2 kB
├ ○ /dashboard/enterprise/tenants/firstPage/printableTenantdData                             1.21 kB         109 kB
├ ○ /dashboard/enterprise/tenants/firstPage/table                                            13 kB           288 kB
├ ○ /dashboard/enterprise/tenants/firstPage/tenants                                          20.9 kB         515 kB
├ ○ /dashboard/enterprise/tenants/firstPage/tenantss                                         6.88 kB         303 kB
├ ○ /dashboard/enterprise/tenants/firstPage/tenantsTwo                                       9.28 kB         272 kB
├ ○ /dashboard/enterprise/tenants/firstPage/tenantsTwoDueDate                                6.49 kB         273 kB
├ ○ /dashboard/enterprise/tenants/secondPage/allData                                         6.32 kB         360 kB
├ ○ /dashboard/enterprise/tenants/secondPage/downloadData                                    1.8 kB         84.4 kB
├ ○ /dashboard/enterprise/tenants/secondPage/dropDown                                        956 B          87.5 kB
├ ○ /dashboard/enterprise/tenants/secondPage/dropDownBlue                                    1.51 kB        88.1 kB
├ ○ /dashboard/enterprise/tenants/secondPage/guarantorsKYC                                   1.72 kB        84.3 kB
├ ○ /dashboard/enterprise/tenants/secondPage/input                                           524 B          83.1 kB
├ ○ /dashboard/enterprise/tenants/secondPage/maintenance                                     9.08 kB         263 kB
├ ○ /dashboard/enterprise/tenants/secondPage/occupationDetailsKYC                            1.12 kB        83.7 kB
├ ○ /dashboard/enterprise/tenants/secondPage/offlinePayment                                  9.12 kB         360 kB
├ ○ /dashboard/enterprise/tenants/secondPage/paymentHis                                      2.3 kB          482 kB
├ ○ /dashboard/enterprise/tenants/secondPage/paymentWidget                                   495 B           480 kB
├ ○ /dashboard/enterprise/tenants/secondPage/personalKYC                                     1.62 kB        84.2 kB
├ ○ /dashboard/enterprise/tenants/secondPage/popUpMenu                                       6.58 kB         357 kB
├ ○ /dashboard/enterprise/tenants/secondPage/popUpUpdateMenu                                 3.28 kB         347 kB
├ ○ /dashboard/enterprise/tenants/secondPage/printableAll                                    1.55 kB        88.1 kB
├ ○ /dashboard/enterprise/tenants/secondPage/profileCard                                     9.8 kB          273 kB
├ ○ /dashboard/enterprise/tenants/secondPage/rentInfo                                        8.24 kB         419 kB
├ ○ /dashboard/enterprise/tenants/secondPage/rentPeriodForm                                  2.14 kB         420 kB
├ ○ /dashboard/enterprise/tenants/secondPage/setOfflineData                                  6.77 kB         347 kB
├ ○ /dashboard/enterprise/tenants/secondPage/skeletonLoader                                  698 B          83.3 kB
├ ○ /dashboard/enterprise/tenants/secondPage/spouseNextKYC                                   990 B          83.6 kB
├ ○ /dashboard/enterprise/tenants/secondPage/tenantProfile                                   7.41 kB         568 kB
├ ○ /dashboard/enterprise/tenants/secondPage/tenantVerificationKYC                           1.54 kB        84.1 kB
├ ○ /dashboard/enterprise/tenants/secondPage/updateDropDown                                  957 B          87.5 kB
├ ○ /dashboard/enterprise/tenants/secondPage/walletPayement                                  4.37 kB         244 kB
├ ○ /dashboard/enterprise/tenants/secondPage/widget                                          7.33 kB         558 kB
├ ○ /dashboard/enterprise/tenants/secondPage/widgetKYC                                       3.87 kB        86.5 kB
├ ○ /dashboard/owner/components/acAndRejModel                                                624 B          83.2 kB
├ ○ /dashboard/owner/components/box                                                          582 B          83.2 kB
├ ○ /dashboard/owner/components/button                                                       1.13 kB        87.7 kB
├ ○ /dashboard/owner/components/chat (482 ms)                                                589 B          95.9 kB
├ ○ /dashboard/owner/components/confirmModal                                                 662 B          87.3 kB
├ ○ /dashboard/owner/components/confirmModalI                                                602 B          87.2 kB
├ ○ /dashboard/owner/components/dropDown                                                     751 B          87.3 kB
├ ○ /dashboard/owner/components/dropDownFilter                                               949 B          87.5 kB
├ ○ /dashboard/owner/components/dropDownTwo                                                  797 B          87.4 kB
├ ○ /dashboard/owner/components/filterMobile                                                 1.82 kB        88.4 kB
├ ○ /dashboard/owner/components/input                                                        482 B          83.1 kB
├ ○ /dashboard/owner/components/inputTwo                                                     389 B            83 kB
├ ○ /dashboard/owner/components/statusDropDown                                               889 B          87.5 kB
├ ○ /dashboard/owner/components/statusDropDownII                                             899 B          87.5 kB
├ ○ /dashboard/owner/components/toggle                                                       439 B            83 kB
├ ○ /dashboard/owner/dashboard/components/estatecard/card                                    679 B          89.8 kB
├ ○ /dashboard/owner/dashboard/components/homescard/card                                     913 B           150 kB
├ ○ /dashboard/owner/dashboard/components/kindlywait/showKindlyWait                          590 B          83.2 kB
├ ○ /dashboard/owner/dashboard/components/maintenance/card                                   3.32 kB         246 kB
├ ○ /dashboard/owner/dashboard/components/revenue/card                                       1.31 kB         157 kB
├ ○ /dashboard/owner/dashboard/components/tenants/card                                       243 B           246 kB
├ ○ /dashboard/owner/dashboard/dashboard                                                     3.95 kB         316 kB
├ ○ /dashboard/owner/estates/components/card                                                 1.13 kB         248 kB
├ ○ /dashboard/owner/estates/components/dropDown                                             917 B          87.5 kB
├ ○ /dashboard/owner/estates/components/estateCard                                           1.33 kB         248 kB
├ ○ /dashboard/owner/estates/components/fileUpload                                           1.23 kB         124 kB
├ ○ /dashboard/owner/estates/components/homeCard                                             913 B           154 kB
├ ○ /dashboard/owner/estates/components/imageUpload                                          741 B          87.3 kB
├ ○ /dashboard/owner/estates/components/inputEstate                                          454 B          83.1 kB
├ ○ /dashboard/owner/estates/components/maintenanceCard                                      3.1 kB          245 kB
├ ○ /dashboard/owner/estates/components/popUpMenu                                            247 B           247 kB
├ ○ /dashboard/owner/estates/components/popUpMenuDoc                                         672 B          89.8 kB
├ ○ /dashboard/owner/estates/components/revCard                                              2.89 kB         311 kB
├ ○ /dashboard/owner/estates/components/tenantCard                                           250 B           248 kB
├ ○ /dashboard/owner/estates/dashboard/dashboard                                             4.32 kB         320 kB
├ ○ /dashboard/owner/estates/estateInfo/components/contactInfo                               783 B          87.4 kB
├ ○ /dashboard/owner/estates/estateInfo/components/documents                                 2.05 kB         132 kB
├ ○ /dashboard/owner/estates/estateInfo/components/estateInfo                                851 B          83.4 kB
├ ○ /dashboard/owner/estates/estateInfo/components/photos                                    1.17 kB        87.8 kB
├ ○ /dashboard/owner/estates/estateInfo/estateInfo                                           3.71 kB         268 kB
├ ○ /dashboard/owner/estates/estateInfo/widget                                               241 B           133 kB
├ ○ /dashboard/owner/estates/estateInfo/widgetMobile                                         2.29 kB        88.9 kB
├ ○ /dashboard/owner/estates/estates                                                         1.59 kB         266 kB
├ ○ /dashboard/owner/estates/listedEstates                                                   242 B           251 kB
├ ○ /dashboard/owner/estates/tenants/tenants                                                 6.73 kB         289 kB
├ ○ /dashboard/owner/header/components/popUpMenu                                             2.04 kB         247 kB
├ ○ /dashboard/owner/header/components/popUpMenuAlert                                        235 B          91.9 kB
├ ○ /dashboard/owner/header/header                                                           3.06 kB         269 kB
├ ○ /dashboard/owner/letterHead/letterHead                                                   1.62 kB        88.2 kB
├ ○ /dashboard/owner/letterHead/letterHeadII                                                 1.6 kB         88.2 kB
├ ○ /dashboard/owner/letterHead/letterHeadIII                                                1.63 kB        88.2 kB
├ ○ /dashboard/owner/maintenance/components/filter                                           1.31 kB        87.9 kB
├ ○ /dashboard/owner/maintenance/components/maintenanceTable                                 232 B          92.3 kB
├ ○ /dashboard/owner/maintenance/components/popUpMenu                                        663 B          89.7 kB
├ ○ /dashboard/owner/maintenance/maintenance                                                 5.28 kB         264 kB
├ ○ /dashboard/owner/notification/components/dropDown                                        770 B          87.4 kB
├ ○ /dashboard/owner/notification/components/popNotification                                 745 B          87.3 kB
├ ○ /dashboard/owner/notification/filter/filter                                              1.01 kB        87.6 kB
├ ○ /dashboard/owner/notification/header/header                                              611 B          89.7 kB
├ ○ /dashboard/owner/notification/notification                                               2.37 kB        91.4 kB
├ ○ /dashboard/owner/notification/notifications/notifications                                981 B          87.6 kB
├ ○ /dashboard/owner/notificationSidebar/alert/alert                                         640 B          89.7 kB
├ ○ /dashboard/owner/notificationSidebar/alert/alertHeader/alertHeader                       617 B          89.7 kB
├ ○ /dashboard/owner/notificationSidebar/notify/notify                                       506 B          92.7 kB
├ ○ /dashboard/owner/notificationSidebar/notify/startConversation/message                    1.86 kB        88.5 kB
├ ○ /dashboard/owner/notificationSidebar/notify/startConversation/startConversation          234 B          89.9 kB
├ ○ /dashboard/owner/notificationSidebar/notify/startConversation/startConversionPopUp       1.5 kB         88.1 kB
├ ○ /dashboard/owner/notificationSidebar/sidebar/sidebar                                     2.12 kB        91.2 kB
├ ○ /dashboard/owner/payments/components/accountInfo                                         1.2 kB         87.8 kB
├ ○ /dashboard/owner/payments/components/bankForm                                            2.86 kB         293 kB
├ ○ /dashboard/owner/payments/components/createTransactionPin                                9.51 kB         110 kB
├ ○ /dashboard/owner/payments/components/dropDown                                            826 B          87.4 kB
├ ○ /dashboard/owner/payments/components/failedModal                                         726 B          87.3 kB
├ ○ /dashboard/owner/payments/components/filterMobile                                        2.05 kB        88.6 kB
├ ○ /dashboard/owner/payments/components/header                                              1.33 kB        87.9 kB
├ ○ /dashboard/owner/payments/components/input                                               451 B            83 kB
├ ○ /dashboard/owner/payments/components/popMenuToTenantProfile                              703 B          89.8 kB
├ ○ /dashboard/owner/payments/components/popUpWalletCreationForm                             7.4 kB          113 kB
├ ○ /dashboard/owner/payments/components/popUpWalletCreationFormII                           2.39 kB        91.1 kB
├ ○ /dashboard/owner/payments/components/receipt                                             1.06 kB        87.6 kB
├ ○ /dashboard/owner/payments/components/receiptModal                                        686 B          87.3 kB
├ ○ /dashboard/owner/payments/components/selectBank                                          475 B           120 kB
├ ○ /dashboard/owner/payments/components/shareAbleReceipt                                    972 B          87.6 kB
├ ○ /dashboard/owner/payments/components/tenantData                                          600 B          92.3 kB
├ ○ /dashboard/owner/payments/components/topUPModal                                          2.15 kB         105 kB
├ ○ /dashboard/owner/payments/components/verifyBVN                                           891 B           104 kB
├ ○ /dashboard/owner/payments/components/widget                                              2.2 kB          488 kB
├ ○ /dashboard/owner/payments/components/widgetTwo                                           7.17 kB         113 kB
├ ○ /dashboard/owner/payments/payments                                                       4.77 kB         491 kB
├ ○ /dashboard/owner/payments/tenantPage/tenants                                             2.63 kB        94.3 kB
├ ○ /dashboard/owner/payments/wallet/components/transferDetails                              761 B           247 kB
├ ○ /dashboard/owner/payments/wallet/components/transferHis                                  334 B          90.8 kB
├ ○ /dashboard/owner/payments/wallet/components/walletBalance                                7.45 kB         121 kB
├ ○ /dashboard/owner/payments/wallet/components/withdraw                                     1.77 kB         311 kB
├ ○ /dashboard/owner/payments/wallet/wallet                                                  1.2 kB          485 kB
├ ○ /dashboard/owner/profile/accountInfo/accountInfo                                         9.31 kB         118 kB
├ ○ /dashboard/owner/profile/accountInfo/components/internationalPassport                    2.99 kB         106 kB
├ ○ /dashboard/owner/profile/accountInfo/components/interPassport                            1.22 kB        87.8 kB
├ ○ /dashboard/owner/profile/accountInfo/components/nationalIdentityNumber                   8.34 kB         112 kB
├ ○ /dashboard/owner/profile/accountInfo/components/nationalPassport                         1.38 kB          88 kB
├ ○ /dashboard/owner/profile/accountInfo/components/pinCodeForm                              3.46 kB         104 kB
├ ○ /dashboard/owner/profile/changePassword/changePassword                                   9.88 kB         110 kB
├ ○ /dashboard/owner/profile/changePassword/components/inputVisible                          1.16 kB        83.8 kB
├ ○ /dashboard/owner/profile/components/updateButton                                         2.02 kB         103 kB
├ ○ /dashboard/owner/profile/personalInfo/personalInfo                                       1.05 kB         110 kB
├ ○ /dashboard/owner/profile/profile                                                         1.3 kB          297 kB
├ ○ /dashboard/owner/profile/profilePicture/components/fileUpload                            1.53 kB         129 kB
├ ○ /dashboard/owner/profile/profilePicture/profilePicture                                   9.73 kB         126 kB
├ ○ /dashboard/owner/profile/widget                                                          267 B           296 kB
├ ○ /dashboard/owner/profile/widgetMobile                                                    5.16 kB         296 kB
├ ○ /dashboard/owner/setting/components/inputSetting                                         443 B            83 kB
├ ○ /dashboard/owner/setting/components/saveChanges                                          418 B            83 kB
├ ○ /dashboard/owner/setting/notifications/notifications                                     745 B          83.3 kB
├ ○ /dashboard/owner/setting/setting                                                         1.02 kB        83.6 kB
├ ○ /dashboard/owner/setting/widget                                                          958 B          83.6 kB
├ ○ /dashboard/owner/sidebar/sidebar                                                         3.99 kB         256 kB
├ ○ /dashboard/owner/sidebarMobile/sidebarHeader                                             254 B           256 kB
├ ○ /dashboard/owner/support/components/sectionOne                                           4.85 kB        93.9 kB
├ ○ /dashboard/owner/tenants/components/modal                                                1.62 kB        90.7 kB
├ ○ /dashboard/owner/tenants/components/popUpMenuTwo                                         930 B            90 kB
├ ○ /dashboard/owner/tenants/components/table                                                224 B          90.6 kB
├ ○ /dashboard/owner/tenants/components/threeDropDown                                        919 B          87.5 kB
├ ○ /dashboard/owner/tenants/components/yesNOModal                                           629 B          83.2 kB
├ ○ /dashboard/owner/tenants/firstPage/table                                                 258 B           273 kB
├ ○ /dashboard/owner/tenants/firstPage/tenants                                               5.77 kB         286 kB
├ ○ /dashboard/owner/tenants/firstPage/tenantss                                              4.62 kB         250 kB
├ ○ /dashboard/owner/tenants/firstPage/tenantsTwo                                            228 B          92.7 kB
├ ○ /dashboard/owner/tenants/secondPage/components/guarantorsKYC                             1.76 kB        84.4 kB
├ ○ /dashboard/owner/tenants/secondPage/components/maintenanceRequest                        2.1 kB         88.7 kB
├ ○ /dashboard/owner/tenants/secondPage/components/mobileProfile                             270 B           258 kB
├ ○ /dashboard/owner/tenants/secondPage/components/occupationDetailsKYC                      1.12 kB        83.7 kB
├ ○ /dashboard/owner/tenants/secondPage/components/paymentHistory                            1.14 kB        91.5 kB
├ ○ /dashboard/owner/tenants/secondPage/components/personalKYC                               1.63 kB        84.2 kB
├ ○ /dashboard/owner/tenants/secondPage/components/rentInformation                           1.43 kB         239 kB
├ ○ /dashboard/owner/tenants/secondPage/components/rentPeriodForm                            805 B           241 kB
├ ○ /dashboard/owner/tenants/secondPage/components/spouseNextKYC                             998 B          83.6 kB
├ ○ /dashboard/owner/tenants/secondPage/components/tenantVerificationKYC                     1.54 kB        84.1 kB
├ ○ /dashboard/owner/tenants/secondPage/components/widgetKYC                                 231 B          86.6 kB
├ ○ /dashboard/owner/tenants/secondPage/maintenance                                          2.5 kB         89.1 kB
├ ○ /dashboard/owner/tenants/secondPage/paymentHis                                           434 B           248 kB
├ ○ /dashboard/owner/tenants/secondPage/profileCard                                          2.5 kB         89.1 kB
├ ○ /dashboard/owner/tenants/secondPage/rentInfo                                             2.11 kB         244 kB
├ ○ /dashboard/owner/tenants/secondPage/tenantProfile                                        2.44 kB         296 kB
├ ○ /dashboard/owner/tenants/secondPage/widget                                               254 B           255 kB
├ ○ /dashboard/tenant/components/acAndRejModel                                               622 B          83.2 kB
├ ○ /dashboard/tenant/components/box                                                         506 B          83.1 kB
├ ○ /dashboard/tenant/components/button                                                      1.12 kB        87.7 kB
├ ○ /dashboard/tenant/components/chat                                                        589 B          95.9 kB
├ ○ /dashboard/tenant/components/confirmModal                                                679 B          87.3 kB
├ ○ /dashboard/tenant/components/confirmModalI                                               614 B          87.2 kB
├ ○ /dashboard/tenant/components/dropDown                                                    752 B          87.3 kB
├ ○ /dashboard/tenant/components/dropDownFilter                                              949 B          87.5 kB
├ ○ /dashboard/tenant/components/dropDownTwo                                                 812 B          87.4 kB
├ ○ /dashboard/tenant/components/failedModal                                                 659 B          87.2 kB
├ ○ /dashboard/tenant/components/filterMobile                                                1.82 kB        88.4 kB
├ ○ /dashboard/tenant/components/input                                                       470 B          83.1 kB
├ ○ /dashboard/tenant/components/inputTwo                                                    388 B            83 kB
├ ○ /dashboard/tenant/components/statusDropDown                                              891 B          87.5 kB
├ ○ /dashboard/tenant/components/statusDropDownII                                            903 B          87.5 kB
├ ○ /dashboard/tenant/components/toggle                                                      440 B            83 kB
├ ○ /dashboard/tenant/dashboard/components/rent-first/components/rentInfo                    224 B          85.1 kB
├ ○ /dashboard/tenant/dashboard/components/rent-first/components/rentInsentive               2.21 kB        87.3 kB
├ ○ /dashboard/tenant/dashboard/components/rent-first/rentFirst                              366 B          85.2 kB
├ ○ /dashboard/tenant/dashboard/components/rent-second/rentSecond                            2.18 kB         247 kB
├ ○ /dashboard/tenant/estateInformation/availableEstate/availableEstate                      232 B          90.6 kB
├ ○ /dashboard/tenant/estateInformation/components/acAndRejModalEs                           1.42 kB          98 kB
├ ○ /dashboard/tenant/estateInformation/components/availabeEstateCard                        1.1 kB         87.7 kB
├ ○ /dashboard/tenant/estateInformation/components/card                                      945 B          87.5 kB
├ ○ /dashboard/tenant/estateInformation/components/multipleDropDown                          1.14 kB        87.7 kB
├ ○ /dashboard/tenant/estateInformation/components/popMenu                                   533 B          87.1 kB
├ ○ /dashboard/tenant/estateInformation/components/popUpMenu                                 1.1 kB         90.2 kB
├ ○ /dashboard/tenant/estateInformation/components/sentInvite                                635 B          87.2 kB
├ ○ /dashboard/tenant/estateInformation/estateInfo/estateInfo                                2.04 kB        92.5 kB
├ ○ /dashboard/tenant/estateInformation/estateInfo/estateInfoPage/documents                  1.7 kB         90.8 kB
├ ○ /dashboard/tenant/estateInformation/estateInfo/estateInfoPage/estateInfoP                230 B          88.2 kB
├ ○ /dashboard/tenant/estateInformation/estateInfo/widget                                    1.98 kB        92.4 kB
├ ○ /dashboard/tenant/estateInformation/estateInformation                                    4.99 kB         283 kB
├ ○ /dashboard/tenant/estateInformation/getStarted/InviteLink                                900 B           109 kB
├ ○ /dashboard/tenant/estateInformation/getStarted/searchEstate                              581 B          87.2 kB
├ ○ /dashboard/tenant/finance/components/accountInfo                                         1.18 kB        87.8 kB
├ ○ /dashboard/tenant/finance/components/bankForm                                            2.69 kB         295 kB
├ ○ /dashboard/tenant/finance/components/createTransactionPin                                6.47 kB         266 kB
├ ○ /dashboard/tenant/finance/components/dropDown                                            772 B          87.4 kB
├ ○ /dashboard/tenant/finance/components/failedModal                                         732 B          87.3 kB
├ ○ /dashboard/tenant/finance/components/header                                              1.08 kB        87.7 kB
├ ○ /dashboard/tenant/finance/components/input                                               446 B            83 kB
├ ○ /dashboard/tenant/finance/components/popUpReceipt                                        560 B           102 kB
├ ○ /dashboard/tenant/finance/components/popUpWalletCreationForm                             6.6 kB          269 kB
├ ○ /dashboard/tenant/finance/components/popUpWalletCreationFormII                           2.27 kB         244 kB
├ ○ /dashboard/tenant/finance/components/printableReceipt                                    232 B          92.1 kB
├ ○ /dashboard/tenant/finance/components/printableReceiptII                                  4.02 kB        92.1 kB
├ ○ /dashboard/tenant/finance/components/receipt                                             233 B           102 kB
├ ○ /dashboard/tenant/finance/components/receiptModal                                        686 B          87.3 kB
├ ○ /dashboard/tenant/finance/components/receiptRentHis                                      4.16 kB         102 kB
├ ○ /dashboard/tenant/finance/components/rentInformation                                     1.3 kB          275 kB
├ ○ /dashboard/tenant/finance/components/selectBank                                          475 B           120 kB
├ ○ /dashboard/tenant/finance/components/shareAbleReceipt                                    2.14 kB        88.7 kB
├ ○ /dashboard/tenant/finance/components/tenantData                                          2.65 kB        89.2 kB
├ ○ /dashboard/tenant/finance/components/topUPModal                                          1.49 kB         259 kB
├ ○ /dashboard/tenant/finance/components/verifyBVN                                           2.46 kB         258 kB
├ ○ /dashboard/tenant/finance/components/widget                                              308 B           323 kB
├ ○ /dashboard/tenant/finance/components/widgetTwo                                           6.48 kB         269 kB
├ ○ /dashboard/tenant/finance/finance                                                        476 B           323 kB
├ ○ /dashboard/tenant/finance/rentSavings/components/createNewRent/createNewRentSavings      2.94 kB         104 kB
├ ○ /dashboard/tenant/finance/rentSavings/components/editAmountToSave/editAmountToSave       2.46 kB         103 kB
├ ○ /dashboard/tenant/finance/rentSavings/components/editRentTarget/editRentTarget           1.23 kB        87.8 kB
├ ○ /dashboard/tenant/finance/rentSavings/components/modals/acAndRejModalII                  1.48 kB        98.1 kB
├ ○ /dashboard/tenant/finance/rentSavings/components/modals/confirmWallet                    716 B          87.3 kB
├ ○ /dashboard/tenant/finance/rentSavings/components/modals/unsucessfullModal                718 B          87.3 kB
├ ○ /dashboard/tenant/finance/rentSavings/components/rentSavings/savings                     1.67 kB         105 kB
├ ○ /dashboard/tenant/finance/rentSavings/components/viewSavings/viewSavings                 796 B          83.4 kB
├ ○ /dashboard/tenant/finance/rentSavings/components/wallet/wallet                           2.06 kB         103 kB
├ ○ /dashboard/tenant/finance/rentSavings/rentSavings                                        3.78 kB         107 kB
├ ○ /dashboard/tenant/finance/wallet/components/activities/ativities                         472 B          90.7 kB
├ ○ /dashboard/tenant/finance/wallet/components/transferHis/components/allData               3.37 kB         260 kB
├ ○ /dashboard/tenant/finance/wallet/components/transferHis/components/offlinePayment        277 B           260 kB
├ ○ /dashboard/tenant/finance/wallet/components/transferHis/components/walletPayement        3.37 kB         260 kB
├ ○ /dashboard/tenant/finance/wallet/components/transferHis/components/widget                280 B           264 kB
├ ○ /dashboard/tenant/finance/wallet/components/transferHis/transferHis                      1.14 kB         268 kB
├ ○ /dashboard/tenant/finance/wallet/components/walletBalance/walletBalance                  1.54 kB         308 kB
├ ○ /dashboard/tenant/finance/wallet/components/withdraw/withdraw                            4.69 kB         297 kB
├ ○ /dashboard/tenant/finance/wallet/wallet                                                  1.43 kB         318 kB
├ ○ /dashboard/tenant/header/components/popUpMenu                                            1.94 kB         247 kB
├ ○ /dashboard/tenant/header/components/popUpMenuAlert                                       2.6 kB          250 kB
├ ○ /dashboard/tenant/header/components/reminderNoti                                         821 B          85.9 kB
├ ○ /dashboard/tenant/header/header                                                          4.08 kB         270 kB
├ ○ /dashboard/tenant/maintenance/components/getStarted/getStarted                           1.14 kB        87.7 kB
├ ○ /dashboard/tenant/maintenance/components/maintenanceRequest/maintenanceRequest           259 B           270 kB
├ ○ /dashboard/tenant/maintenance/components/popUpMenu                                       632 B          89.7 kB
├ ○ /dashboard/tenant/maintenance/components/request/request                                 2.55 kB         273 kB
├ ○ /dashboard/tenant/maintenance/components/request/requestMobile                           274 B           279 kB
├ ○ /dashboard/tenant/maintenance/components/widget/all                                      1.04 kB        83.6 kB
├ ○ /dashboard/tenant/maintenance/components/widget/inProgress                               802 B          83.4 kB
├ ○ /dashboard/tenant/maintenance/components/widget/pendingRequests                          786 B          83.4 kB
├ ○ /dashboard/tenant/maintenance/components/widget/resolved                                 788 B          83.4 kB
├ ○ /dashboard/tenant/maintenance/components/widget/widget                                   1.39 kB          84 kB
├ ○ /dashboard/tenant/maintenance/components/widget/widgetMobile                             1.4 kB           84 kB
├ ○ /dashboard/tenant/maintenance/maintenance                                                3.64 kB         282 kB
├ ○ /dashboard/tenant/notification/components/dropDown                                       768 B          87.4 kB
├ ○ /dashboard/tenant/notification/components/popNotification                                1.34 kB        87.9 kB
├ ○ /dashboard/tenant/notification/filter/filter                                             1.28 kB        87.9 kB
├ ○ /dashboard/tenant/notification/header/header                                             721 B          89.4 kB
├ ○ /dashboard/tenant/notification/notification                                              1.63 kB         247 kB
├ ○ /dashboard/tenant/notification/notifications/notifications                               2.1 kB          242 kB
├ ○ /dashboard/tenant/notificationSidebar/alert/alert                                        632 B          89.7 kB
├ ○ /dashboard/tenant/notificationSidebar/alert/alertHeader/alertHeader                      610 B          89.7 kB
├ ○ /dashboard/tenant/notificationSidebar/notify/notify                                      497 B          92.7 kB
├ ○ /dashboard/tenant/notificationSidebar/notify/startConversation/message                   1.86 kB        88.5 kB
├ ○ /dashboard/tenant/notificationSidebar/notify/startConversation/startConversation         236 B            90 kB
├ ○ /dashboard/tenant/notificationSidebar/notify/startConversation/startConversionPopUp      1.53 kB        88.1 kB
├ ○ /dashboard/tenant/notificationSidebar/sidebar/sidebar                                    2.11 kB        91.2 kB
├ ○ /dashboard/tenant/profile/accountInfo/accountInfo                                        8.72 kB         273 kB
├ ○ /dashboard/tenant/profile/accountInfo/components/internationalPassport                   2.54 kB         261 kB
├ ○ /dashboard/tenant/profile/accountInfo/components/interPassport                           1.22 kB        87.8 kB
├ ○ /dashboard/tenant/profile/accountInfo/components/nationalIdentityNumber                  7.75 kB         267 kB
├ ○ /dashboard/tenant/profile/accountInfo/components/nationalPassport                        1.38 kB          88 kB
├ ○ /dashboard/tenant/profile/accountInfo/components/pinCodeForm                             2.84 kB         259 kB
├ ○ /dashboard/tenant/profile/changePassword/changePassword                                  8.97 kB         265 kB
├ ○ /dashboard/tenant/profile/changePassword/components/inputVisible                         1.16 kB        83.8 kB
├ ○ /dashboard/tenant/profile/components/updateButton                                        2.02 kB         103 kB
├ ○ /dashboard/tenant/profile/personalInfo/components/guarantors                             7.36 kB         112 kB
├ ○ /dashboard/tenant/profile/personalInfo/components/occupantDetails                        3.78 kB         104 kB
├ ○ /dashboard/tenant/profile/personalInfo/components/pendingCard                            1 kB           83.6 kB
├ ○ /dashboard/tenant/profile/personalInfo/components/personalInfoma                         4.52 kB         372 kB
├ ○ /dashboard/tenant/profile/personalInfo/components/rejectedCard                           1.09 kB        83.7 kB
├ ○ /dashboard/tenant/profile/personalInfo/components/spouseNextKin                          3.11 kB         104 kB
├ ○ /dashboard/tenant/profile/personalInfo/components/successCard                            3.15 kB         151 kB
├ ○ /dashboard/tenant/profile/personalInfo/components/tenantVerification                     10.9 kB         285 kB
├ ○ /dashboard/tenant/profile/personalInfo/personalInfo                                      1.55 kB         422 kB
├ ○ /dashboard/tenant/profile/profile                                                        1.44 kB         503 kB
├ ○ /dashboard/tenant/profile/profilePicture/components/fileUpload                           1.53 kB         129 kB
├ ○ /dashboard/tenant/profile/profilePicture/profilePicture                                  8.88 kB         281 kB
├ ○ /dashboard/tenant/profile/rentInformation/rentInformation                                2.1 kB         84.7 kB
├ ○ /dashboard/tenant/profile/widget                                                         303 B           501 kB
├ ○ /dashboard/tenant/profile/widgetMobile                                                   8.92 kB         501 kB
├ ○ /dashboard/tenant/setting/components/inputSetting                                        444 B            83 kB
├ ○ /dashboard/tenant/setting/components/saveChanges                                         419 B            83 kB
├ ○ /dashboard/tenant/setting/notifications/notifications                                    768 B          83.4 kB
├ ○ /dashboard/tenant/setting/setting                                                        1.04 kB        83.6 kB
├ ○ /dashboard/tenant/setting/widget                                                         978 B          83.6 kB
├ ○ /dashboard/tenant/sidebar/sidebar                                                        7.26 kB         256 kB
├ ○ /dashboard/tenant/sidebarMobile/sidebarHeader                                            255 B           255 kB
├ ○ /dashboard/tenant/support/components/sectionOne                                          4.86 kB        93.9 kB
├ ○ /landingPageProMan/AllInOne                                                              683 B          87.3 kB
├ ○ /landingPageProMan/components/planPayBiAnnually                                          653 B           301 kB
├ ○ /landingPageProMan/components/plansMonthly                                               1.48 kB         301 kB
├ ○ /landingPageProMan/components/plansYearly                                                1.48 kB         301 kB
├ ○ /landingPageProMan/components/popUpPayment                                               2.08 kB         268 kB
├ ○ /landingPageProMan/components/referralCodeModal                                          2.08 kB         265 kB
├ ○ /landingPageProMan/components/Testimonial                                                1.3 kB         86.4 kB
├ ○ /landingPageProMan/components/widget                                                     1.43 kB         323 kB
├ ○ /landingPageProMan/Contact                                                               747 B          85.8 kB
├ ○ /landingPageProMan/ContactCard                                                           1.49 kB         106 kB
├ ○ /landingPageProMan/FAQs                                                                  1.79 kB        86.9 kB
├ ○ /landingPageProMan/Features                                                              7.06 kB         112 kB
├ ○ /landingPageProMan/Pricing                                                               1.98 kB         324 kB
├ ○ /landingPageProMan/Section                                                               1.38 kB         106 kB
├ ○ /landingPageProMan/SectionTwo                                                            3.56 kB        90.1 kB
├ ○ /landingPageProOwn/Contact                                                               728 B          85.8 kB
├ ○ /landingPageProOwn/ContactCard                                                           1.6 kB          106 kB
├ ○ /landingPageProOwn/FAQs                                                                  1.99 kB        87.1 kB
├ ○ /landingPageProOwn/Features                                                              4.27 kB         106 kB
├ ○ /landingPageProOwn/Hero                                                                  1.03 kB        90.1 kB
├ ○ /landingPageProOwn/HowItWorks                                                            2.71 kB         107 kB
├ ○ /landingPageProOwn/Testimonial                                                           1.27 kB        86.4 kB
├ ○ /landingPageTenant/Contact                                                               723 B          85.8 kB
├ ○ /landingPageTenant/ContactCard                                                           1.5 kB          106 kB
├ ○ /landingPageTenant/FAQs                                                                  1.8 kB         86.9 kB
├ ○ /landingPageTenant/SectionA                                                              1.2 kB         90.3 kB
├ ○ /landingPageTenant/SectionB                                                              3.78 kB         106 kB
├ ○ /landingPageTenant/SectionC                                                              2.86 kB        91.9 kB
├ ○ /landingPageTenant/Testimonial                                                           1.14 kB        86.2 kB
├ ○ /plan/components/planPayBiAnnually                                                       1.75 kB         299 kB
├ ○ /plan/components/plansMonthly                                                            1.74 kB         299 kB
├ ○ /plan/components/plansYearly                                                             804 B           299 kB
├ ○ /plan/components/popUpPayment                                                            247 B           267 kB
├ ○ /plan/pricingPlan                                                                        2.14 kB         321 kB
├   └ css/5763ce862779b800.css                                                               5.59 kB
├ ○ /plan/widget                                                                             1.19 kB         320 kB
├ ○ /pricingPlan/components/planPayBiAnnually                                                1.47 kB         301 kB
├ ○ /pricingPlan/components/plansMonthly                                                     646 B           316 kB
├ ○ /pricingPlan/components/plansYearly                                                      1.47 kB         301 kB
├ ○ /pricingPlan/components/popUpPayment                                                     2.07 kB         268 kB
├ ○ /pricingPlan/pricingPlan                                                                 1.98 kB         339 kB
├   └ css/0655f60fae8ca894.css                                                               6.46 kB
├ ○ /pricingPlan/widget                                                                      2.88 kB         338 kB
├ ○ /selectStateAndArea/selectArea                                                           2.28 kB         275 kB
├ ○ /selectStateAndArea/selectState                                                          2.25 kB         275 kB
└ ○ /tenantManagementPlan/popUp                                                              232 B           243 kB
+ First Load JS shared by all                                                                82.6 kB
  ├ chunks/framework-f8a9ffc55be92a0a.js                                                     44.9 kB
  ├ chunks/main-5f4fcd8881586084.js                                                          34.9 kB
  └ other shared chunks (total)                                                              2.87 kB

○  (Static)   prerendered as static content
ƒ  (Dynamic)  server-rendered on demand


> homz@0.1.0 postbuild
> next-sitemap

✨ [next-sitemap] Loading next-sitemap config: file:///C:/Users/lenovo/Documents/Homzproject_mainApp/homz/next-sitemap.config.js
✅ [next-sitemap] Generation completed
┌───────────────┬────────┐
│ (index)       │ Values │
├───────────────┼────────┤
│ indexSitemaps │ 1      │
│ sitemaps      │ 1      │
└───────────────┴────────┘
-----------------------------------------------------
 SITEMAP INDICES 
-----------------------------------------------------

   ○ https://www.homz.ng/sitemap.xml


-----------------------------------------------------
 SITEMAPS 
-----------------------------------------------------

   ○ https://www.homz.ng/sitemap-0.xml


